0 verbose cli C:\Program Files\nodejs\node.exe C:\Program Files\nodejs\node_modules\npm\bin\npm-cli.js
1 info using npm@11.12.1
2 info using node@v25.9.0
3 silly config load:file:C:\Program Files\nodejs\node_modules\npm\npmrc
4 silly config load:file:C:\Users\Admin\Desktop\nexaservice\.npmrc
5 silly config load:file:C:\Users\Admin\.npmrc
6 silly config load:file:C:\Users\Admin\AppData\Roaming\npm\etc\npmrc
7 verbose title npm install next-auth@4.24.15 bcryptjs zod
8 verbose argv "install" "next-auth@4.24.15" "bcryptjs" "zod" "--cache" ".npm-cache" "--fetch-retries" "1" "--fetch-timeout" "30000"
9 verbose logfile logs-max:10 dir:C:\Users\Admin\Desktop\nexaservice\.npm-cache\_logs\2026-09-23T11_21_22_486Z-
10 verbose logfile C:\Users\Admin\Desktop\nexaservice\.npm-cache\_logs\2026-09-23T11_21_22_486Z-debug-0.log
11 silly logfile done cleaning log files
12 silly packumentCache heap:2348810240 maxSize:587202560 maxEntrySize:293601280
13 silly idealTree buildDeps
14 silly fetch manifest next-auth@4.24.15
15 silly packumentCache full:https://registry.npmjs.org/next-auth cache-miss
16 http fetch GET 200 https://registry.npmjs.org/next-auth 1981ms (cache miss)
17 silly packumentCache full:https://registry.npmjs.org/next-auth set size:undefined disposed:false
18 silly fetch manifest @auth/core@0.34.3
19 silly packumentCache full:https://registry.npmjs.org/@auth%2fcore cache-miss
20 http fetch GET 200 https://registry.npmjs.org/@auth%2fcore 445ms (cache miss)
21 silly packumentCache full:https://registry.npmjs.org/@auth%2fcore set size:undefined disposed:false
22 silly fetch manifest @simplewebauthn/browser@^9.0.1
23 silly packumentCache full:https://registry.npmjs.org/@simplewebauthn%2fbrowser cache-miss
24 http fetch GET 200 https://registry.npmjs.org/@simplewebauthn%2fbrowser 386ms (cache miss)
25 silly packumentCache full:https://registry.npmjs.org/@simplewebauthn%2fbrowser set size:undefined disposed:false
26 silly fetch manifest @simplewebauthn/server@^9.0.2
27 silly packumentCache full:https://registry.npmjs.org/@simplewebauthn%2fserver cache-miss
28 http fetch GET 200 https://registry.npmjs.org/@simplewebauthn%2fserver 284ms (cache miss)
29 silly packumentCache full:https://registry.npmjs.org/@simplewebauthn%2fserver set size:undefined disposed:false
30 silly fetch manifest nodemailer@^7
31 silly packumentCache full:https://registry.npmjs.org/nodemailer cache-miss
32 http fetch GET 200 https://registry.npmjs.org/nodemailer 292ms (cache miss)
33 silly packumentCache full:https://registry.npmjs.org/nodemailer set size:undefined disposed:false
34 silly fetch manifest next@16.3.6
35 silly packumentCache full:https://registry.npmjs.org/next cache-miss
36 http fetch GET 200 https://registry.npmjs.org/next 4766ms (cache miss)
37 silly packumentCache full:https://registry.npmjs.org/next set size:undefined disposed:false
38 silly fetch manifest @opentelemetry/api@^1.1.0
39 silly packumentCache full:https://registry.npmjs.org/@opentelemetry%2fapi cache-miss
40 http fetch GET 200 https://registry.npmjs.org/@opentelemetry%2fapi 308ms (cache miss)
41 silly packumentCache full:https://registry.npmjs.org/@opentelemetry%2fapi set size:undefined disposed:false
42 silly fetch manifest @playwright/test@^1.51.1
43 silly packumentCache full:https://registry.npmjs.org/@playwright%2ftest cache-miss
44 http fetch GET 200 https://registry.npmjs.org/@playwright%2ftest 4975ms (cache miss)
45 silly packumentCache full:https://registry.npmjs.org/@playwright%2ftest set size:undefined disposed:false
46 silly fetch manifest babel-plugin-react-compiler@*
47 silly packumentCache full:https://registry.npmjs.org/babel-plugin-react-compiler cache-miss
48 http fetch GET 200 https://registry.npmjs.org/babel-plugin-react-compiler 541ms (cache miss)
49 silly packumentCache full:https://registry.npmjs.org/babel-plugin-react-compiler set size:undefined disposed:false
50 silly fetch manifest react@19.2.8
51 silly packumentCache full:https://registry.npmjs.org/react cache-miss
52 http fetch GET 200 https://registry.npmjs.org/react 4142ms (cache miss)
53 silly packumentCache full:https://registry.npmjs.org/react set size:undefined disposed:false
54 silly fetch manifest react-dom@19.2.8
55 silly packumentCache full:https://registry.npmjs.org/react-dom cache-miss
56 http fetch GET 200 https://registry.npmjs.org/react-dom 4450ms (cache miss)
57 silly packumentCache full:https://registry.npmjs.org/react-dom set size:undefined disposed:false
58 silly fetch manifest sass@^1.3.0
59 silly packumentCache full:https://registry.npmjs.org/sass cache-miss
60 http fetch GET 200 https://registry.npmjs.org/sass 642ms (cache miss)
61 silly packumentCache full:https://registry.npmjs.org/sass set size:undefined disposed:false
62 silly fetch manifest bcryptjs@*
63 silly packumentCache full:https://registry.npmjs.org/bcryptjs cache-miss
64 http fetch GET 200 https://registry.npmjs.org/bcryptjs 258ms (cache miss)
65 silly packumentCache full:https://registry.npmjs.org/bcryptjs set size:undefined disposed:false
66 silly fetch manifest zod@*
67 silly packumentCache full:https://registry.npmjs.org/zod cache-miss
68 http fetch GET 200 https://registry.npmjs.org/zod 1041ms (cache miss)
69 silly packumentCache full:https://registry.npmjs.org/zod set size:undefined disposed:false
70 silly placeDep ROOT bcryptjs@3.0.3 OK for: nexaservice@0.1.0 want: *
71 silly placeDep ROOT next-auth@4.24.15 OK for: nexaservice@0.1.0 want: 4.24.15
72 silly placeDep ROOT zod@4.6.5 REPLACE for: nexaservice@0.1.0 want: *
73 silly fetch manifest @babel/runtime@^7.20.13
74 silly packumentCache full:https://registry.npmjs.org/@babel%2fruntime cache-miss
75 silly fetch manifest @panva/hkdf@^1.0.2
76 silly packumentCache full:https://registry.npmjs.org/@panva%2fhkdf cache-miss
77 silly fetch manifest cookie@^0.7.0
78 silly packumentCache full:https://registry.npmjs.org/cookie cache-miss
79 silly fetch manifest jose@^4.15.5
80 silly packumentCache full:https://registry.npmjs.org/jose cache-miss
81 silly fetch manifest oauth@^0.9.15
82 silly packumentCache full:https://registry.npmjs.org/oauth cache-miss
83 silly fetch manifest openid-client@^5.4.0
84 silly packumentCache full:https://registry.npmjs.org/openid-client cache-miss
85 silly fetch manifest preact@^10.6.3
86 silly packumentCache full:https://registry.npmjs.org/preact cache-miss
87 http fetch GET 200 https://registry.npmjs.org/@babel%2fruntime 672ms (cache miss)
88 silly packumentCache full:https://registry.npmjs.org/@babel%2fruntime set size:undefined disposed:false
89 silly fetch manifest preact-render-to-string@^5.1.19
90 silly packumentCache full:https://registry.npmjs.org/preact-render-to-string cache-miss
91 http fetch GET 200 https://registry.npmjs.org/cookie 922ms (cache miss)
92 silly packumentCache full:https://registry.npmjs.org/cookie set size:undefined disposed:false
93 silly fetch manifest uuid@^11.1.1
94 silly packumentCache full:https://registry.npmjs.org/uuid cache-miss
95 http fetch GET 200 https://registry.npmjs.org/oauth 1068ms (cache miss)
96 silly packumentCache full:https://registry.npmjs.org/oauth set size:undefined disposed:false
97 http fetch GET 200 https://registry.npmjs.org/@panva%2fhkdf 2628ms (cache miss)
98 silly packumentCache full:https://registry.npmjs.org/@panva%2fhkdf set size:undefined disposed:false
99 http fetch GET 200 https://registry.npmjs.org/uuid 1886ms (cache miss)
100 silly packumentCache full:https://registry.npmjs.org/uuid set size:undefined disposed:false
101 http fetch GET 200 https://registry.npmjs.org/preact-render-to-string 2335ms (cache miss)
102 silly packumentCache full:https://registry.npmjs.org/preact-render-to-string set size:undefined disposed:false
103 http fetch GET 200 https://registry.npmjs.org/openid-client 3047ms (cache miss)
104 silly packumentCache full:https://registry.npmjs.org/openid-client set size:undefined disposed:false
105 http fetch GET 200 https://registry.npmjs.org/preact 3306ms (cache miss)
106 silly packumentCache full:https://registry.npmjs.org/preact set size:undefined disposed:false
107 http fetch GET 200 https://registry.npmjs.org/jose 3340ms (cache miss)
108 silly packumentCache full:https://registry.npmjs.org/jose set size:undefined disposed:false
109 silly placeDep ROOT @babel/runtime@7.29.7 OK for: next-auth@4.24.15 want: ^7.20.13
110 silly placeDep ROOT @panva/hkdf@1.2.1 OK for: next-auth@4.24.15 want: ^1.0.2
111 silly placeDep ROOT cookie@0.7.2 OK for: next-auth@4.24.15 want: ^0.7.0
112 silly placeDep ROOT jose@4.15.9 OK for: next-auth@4.24.15 want: ^4.15.5
113 silly placeDep ROOT oauth@0.9.15 OK for: next-auth@4.24.15 want: ^0.9.15
114 silly placeDep ROOT openid-client@5.7.1 OK for: next-auth@4.24.15 want: ^5.4.0
115 silly placeDep ROOT preact@10.29.8 OK for: next-auth@4.24.15 want: ^10.6.3
116 silly placeDep ROOT preact-render-to-string@5.2.6 OK for: next-auth@4.24.15 want: ^5.1.19
117 silly placeDep ROOT uuid@11.1.1 OK for: next-auth@4.24.15 want: ^11.1.1
118 silly fetch manifest lru-cache@^6.0.0
119 silly packumentCache full:https://registry.npmjs.org/lru-cache cache-miss
120 silly fetch manifest object-hash@^2.2.0
121 silly packumentCache full:https://registry.npmjs.org/object-hash cache-miss
122 silly fetch manifest oidc-token-hash@^5.0.3
123 silly packumentCache full:https://registry.npmjs.org/oidc-token-hash cache-miss
124 silly fetch manifest pretty-format@^3.8.0
125 silly packumentCache full:https://registry.npmjs.org/pretty-format cache-miss
126 http fetch GET 200 https://registry.npmjs.org/oidc-token-hash 218ms (cache miss)
127 silly packumentCache full:https://registry.npmjs.org/oidc-token-hash set size:undefined disposed:false
128 http fetch GET 200 https://registry.npmjs.org/object-hash 257ms (cache miss)
129 silly packumentCache full:https://registry.npmjs.org/object-hash set size:undefined disposed:false
130 http fetch GET 200 https://registry.npmjs.org/pretty-format 461ms (cache miss)
131 silly packumentCache full:https://registry.npmjs.org/pretty-format set size:undefined disposed:false
132 http fetch GET 200 https://registry.npmjs.org/lru-cache 490ms (cache miss)
133 silly packumentCache full:https://registry.npmjs.org/lru-cache set size:undefined disposed:false
134 silly placeDep node_modules/openid-client lru-cache@6.0.0 OK for: openid-client@5.7.1 want: ^6.0.0
135 silly placeDep ROOT object-hash@2.2.0 OK for: openid-client@5.7.1 want: ^2.2.0
136 silly placeDep ROOT oidc-token-hash@5.2.0 OK for: openid-client@5.7.1 want: ^5.0.3
137 silly fetch manifest yallist@^4.0.0
138 silly packumentCache full:https://registry.npmjs.org/yallist cache-miss
139 http fetch GET 200 https://registry.npmjs.org/yallist 211ms (cache miss)
140 silly packumentCache full:https://registry.npmjs.org/yallist set size:undefined disposed:false
141 silly placeDep ROOT pretty-format@3.8.0 OK for: preact-render-to-string@5.2.6 want: ^3.8.0
142 silly placeDep node_modules/openid-client yallist@4.0.0 OK for: lru-cache@6.0.0 want: ^4.0.0
143 silly reify moves {}
144 silly audit bulk request {
144 silly audit   '@alloc/quick-lru': [ '5.3.0' ],
144 silly audit   '@babel/code-frame': [ '7.29.7' ],
144 silly audit   '@babel/compat-data': [ '7.29.7' ],
144 silly audit   '@babel/core': [ '7.29.7' ],
144 silly audit   '@babel/generator': [ '7.29.8' ],
144 silly audit   '@babel/helper-compilation-targets': [ '7.29.7' ],
144 silly audit   '@babel/helper-globals': [ '7.29.7' ],
144 silly audit   '@babel/helper-module-imports': [ '7.29.7' ],
144 silly audit   '@babel/helper-module-transforms': [ '7.29.7' ],
144 silly audit   '@babel/helper-string-parser': [ '7.29.7' ],
144 silly audit   '@babel/helper-validator-identifier': [ '7.29.7' ],
144 silly audit   '@babel/helper-validator-option': [ '7.29.7' ],
144 silly audit   '@babel/helpers': [ '7.29.7' ],
144 silly audit   '@babel/parser': [ '7.29.9' ],
144 silly audit   '@babel/template': [ '7.29.7' ],
144 silly audit   '@babel/traverse': [ '7.29.8' ],
144 silly audit   '@babel/types': [ '7.29.8' ],
144 silly audit   '@electric-sql/pglite': [ '0.4.3' ],
144 silly audit   '@electric-sql/pglite-socket': [ '0.1.3' ],
144 silly audit   '@electric-sql/pglite-tools': [ '0.3.3' ],
144 silly audit   '@emnapi/core': [ '1.10.0' ],
144 silly audit   '@emnapi/runtime': [ '1.11.3', '1.10.0' ],
144 silly audit   '@emnapi/wasi-threads': [ '1.2.1' ],
144 silly audit   '@eslint-community/eslint-utils': [ '4.10.1', '4.9.1' ],
144 silly audit   'eslint-visitor-keys': [ '3.4.3', '5.0.1', '4.2.1' ],
144 silly audit   '@eslint-community/regexpp': [ '4.12.2' ],
144 silly audit   '@eslint/config-array': [ '0.21.2' ],
144 silly audit   '@eslint/config-helpers': [ '0.4.2' ],
144 silly audit   '@eslint/core': [ '0.17.0' ],
144 silly audit   '@eslint/eslintrc': [ '3.3.7' ],
144 silly audit   '@eslint/js': [ '9.39.5' ],
144 silly audit   '@eslint/object-schema': [ '2.1.7' ],
144 silly audit   '@eslint/plugin-kit': [ '0.4.1' ],
144 silly audit   '@humanfs/core': [ '0.19.2' ],
144 silly audit   '@humanfs/node': [ '0.16.8' ],
144 silly audit   '@humanfs/types': [ '0.15.0' ],
144 silly audit   '@humanwhocodes/module-importer': [ '1.0.1' ],
144 silly audit   '@humanwhocodes/retry': [ '0.4.3' ],
144 silly audit   '@img/colour': [ '1.1.0' ],
144 silly audit   '@img/sharp-darwin-arm64': [ '0.35.4' ],
144 silly audit   '@img/sharp-darwin-x64': [ '0.35.4' ],
144 silly audit   '@img/sharp-freebsd-wasm32': [ '0.35.4' ],
144 silly audit   '@img/sharp-libvips-darwin-arm64': [ '1.3.3' ],
144 silly audit   '@img/sharp-libvips-darwin-x64': [ '1.3.3' ],
144 silly audit   '@img/sharp-libvips-linux-arm': [ '1.3.3' ],
144 silly audit   '@img/sharp-libvips-linux-arm64': [ '1.3.3' ],
144 silly audit   '@img/sharp-libvips-linux-ppc64': [ '1.3.3' ],
144 silly audit   '@img/sharp-libvips-linux-riscv64': [ '1.3.3' ],
144 silly audit   '@img/sharp-libvips-linux-s390x': [ '1.3.3' ],
144 silly audit   '@img/sharp-libvips-linux-x64': [ '1.3.3' ],
144 silly audit   '@img/sharp-libvips-linuxmusl-arm64': [ '1.3.3' ],
144 silly audit   '@img/sharp-libvips-linuxmusl-x64': [ '1.3.3' ],
144 silly audit   '@img/sharp-linux-arm': [ '0.35.4' ],
144 silly audit   '@img/sharp-linux-arm64': [ '0.35.4' ],
144 silly audit   '@img/sharp-linux-ppc64': [ '0.35.4' ],
144 silly audit   '@img/sharp-linux-riscv64': [ '0.35.4' ],
144 silly audit   '@img/sharp-linux-s390x': [ '0.35.4' ],
144 silly audit   '@img/sharp-linux-x64': [ '0.35.4' ],
144 silly audit   '@img/sharp-linuxmusl-arm64': [ '0.35.4' ],
144 silly audit   '@img/sharp-linuxmusl-x64': [ '0.35.4' ],
144 silly audit   '@img/sharp-wasm32': [ '0.35.4' ],
144 silly audit   '@img/sharp-webcontainers-wasm32': [ '0.35.4' ],
144 silly audit   '@img/sharp-win32-arm64': [ '0.35.4' ],
144 silly audit   '@img/sharp-win32-ia32': [ '0.35.4' ],
144 silly audit   '@img/sharp-win32-x64': [ '0.35.4' ],
144 silly audit   '@jridgewell/gen-mapping': [ '0.3.13' ],
144 silly audit   '@jridgewell/remapping': [ '2.3.5' ],
144 silly audit   '@jridgewell/resolve-uri': [ '3.1.2' ],
144 silly audit   '@jridgewell/sourcemap-codec': [ '1.6.0' ],
144 silly audit   '@jridgewell/trace-mapping': [ '0.3.31' ],
144 silly audit   '@napi-rs/wasm-runtime': [ '1.2.4' ],
144 silly audit   '@next/env': [ '16.3.6' ],
144 silly audit   '@next/eslint-plugin-next': [ '16.3.6' ],
144 silly audit   '@next/swc-darwin-arm64': [ '16.3.6' ],
144 silly audit   '@next/swc-darwin-x64': [ '16.3.6' ],
144 silly audit   '@next/swc-linux-arm64-gnu': [ '16.3.6' ],
144 silly audit   '@next/swc-linux-arm64-musl': [ '16.3.6' ],
144 silly audit   '@next/swc-linux-x64-gnu': [ '16.3.6' ],
144 silly audit   '@next/swc-linux-x64-musl': [ '16.3.6' ],
144 silly audit   '@next/swc-win32-arm64-msvc': [ '16.3.6' ],
144 silly audit   '@next/swc-win32-x64-msvc': [ '16.3.6' ],
144 silly audit   '@nodelib/fs.scandir': [ '2.1.5' ],
144 silly audit   '@nodelib/fs.stat': [ '2.0.5' ],
144 silly audit   '@nodelib/fs.walk': [ '1.2.8' ],
144 silly audit   '@nolyfill/is-core-module': [ '1.0.39' ],
144 silly audit   '@prisma/adapter-pg': [ '7.10.0' ],
144 silly audit   '@prisma/client': [ '7.10.0' ],
144 silly audit   '@prisma/client-runtime-utils': [ '7.10.0' ],
144 silly audit   '@prisma/config': [ '7.10.0' ],
144 silly audit   '@prisma/debug': [ '7.10.0', '7.2.0' ],
144 silly audit   '@prisma/dev': [ '0.24.17' ],
144 silly audit   '@prisma/driver-adapter-utils': [ '7.10.0' ],
144 silly audit   '@prisma/engines': [ '7.10.0' ],
144 silly audit   '@prisma/engines-version': [ '7.10.0-4.0edf323efd1d98336f3f0a68684b56f689b900d3' ],
144 silly audit   '@prisma/get-platform': [ '7.10.0', '7.2.0' ],
144 silly audit   '@prisma/fetch-engine': [ '7.10.0' ],
144 silly audit   '@prisma/query-plan-executor': [ '7.2.0' ],
144 silly audit   '@prisma/streams-local': [ '0.1.11' ],
144 silly audit   ajv: [ '8.20.0', '6.15.0' ],
144 silly audit   'json-schema-traverse': [ '1.0.0', '0.4.1' ],
144 silly audit   '@prisma/studio-core': [ '0.33.0' ],
144 silly audit   '@radix-ui/primitive': [ '1.1.3' ],
144 silly audit   '@radix-ui/react-compose-refs': [ '1.1.2' ],
144 silly audit   '@radix-ui/react-primitive': [ '2.1.3' ],
144 silly audit   '@radix-ui/react-slot': [ '1.2.3' ],
144 silly audit   '@radix-ui/react-toggle': [ '1.1.10' ],
144 silly audit   '@radix-ui/react-use-controllable-state': [ '1.2.2' ],
144 silly audit   '@radix-ui/react-use-effect-event': [ '0.0.2' ],
144 silly audit   '@radix-ui/react-use-layout-effect': [ '1.1.1' ],
144 silly audit   '@rtsao/scc': [ '1.1.0' ],
144 silly audit   '@standard-schema/spec': [ '1.1.0' ],
144 silly audit   '@swc/helpers': [ '0.5.23' ],
144 silly audit   '@tailwindcss/node': [ '4.3.3' ],
144 silly audit   '@tailwindcss/oxide': [ '4.3.3' ],
144 silly audit   '@tailwindcss/oxide-android-arm64': [ '4.3.3' ],
144 silly audit   '@tailwindcss/oxide-darwin-arm64': [ '4.3.3' ],
144 silly audit   '@tailwindcss/oxide-darwin-x64': [ '4.3.3' ],
144 silly audit   '@tailwindcss/oxide-freebsd-x64': [ '4.3.3' ],
144 silly audit   '@tailwindcss/oxide-linux-arm-gnueabihf': [ '4.3.3' ],
144 silly audit   '@tailwindcss/oxide-linux-arm64-gnu': [ '4.3.3' ],
144 silly audit   '@tailwindcss/oxide-linux-arm64-musl': [ '4.3.3' ],
144 silly audit   '@tailwindcss/oxide-linux-x64-gnu': [ '4.3.3' ],
144 silly audit   '@tailwindcss/oxide-linux-x64-musl': [ '4.3.3' ],
144 silly audit   '@tailwindcss/oxide-wasm32-wasi': [ '4.3.3' ],
144 silly audit   '@tailwindcss/oxide-win32-arm64-msvc': [ '4.3.3' ],
144 silly audit   '@tailwindcss/oxide-win32-x64-msvc': [ '4.3.3' ],
144 silly audit   '@tailwindcss/postcss': [ '4.3.3' ],
144 silly audit   '@tybys/wasm-util': [ '0.10.4' ],
144 silly audit   '@types/d3-array': [ '3.0.3' ],
144 silly audit   '@types/d3-color': [ '3.1.0' ],
144 silly audit   '@types/d3-delaunay': [ '6.0.1' ],
144 silly audit   '@types/d3-format': [ '3.0.1' ],
144 silly audit   '@types/d3-geo': [ '3.1.0' ],
144 silly audit   '@types/d3-interpolate': [ '3.0.1' ],
144 silly audit   '@types/d3-path': [ '3.1.1' ],
144 silly audit   '@types/d3-scale': [ '4.0.2' ],
144 silly audit   '@types/d3-shape': [ '3.1.7' ],
144 silly audit   '@types/d3-time': [ '3.0.0' ],
144 silly audit   '@types/d3-time-format': [ '2.1.0' ],
144 silly audit   '@types/estree': [ '1.0.9' ],
144 silly audit   '@types/geojson': [ '7946.0.16' ],
144 silly audit   '@types/json-schema': [ '7.0.15' ],
144 silly audit   '@types/json5': [ '0.0.29' ],
144 silly audit   '@types/lodash': [ '4.17.25' ],
144 silly audit   '@types/node': [ '20.19.43' ],
144 silly audit   '@types/pg': [ '8.23.1' ],
144 silly audit   '@types/react': [ '19.3.0' ],
144 silly audit   '@types/react-dom': [ '19.3.0' ],
144 silly audit   '@typescript-eslint/eslint-plugin': [ '8.70.1' ],
144 silly audit   ignore: [ '7.0.10', '5.3.2' ],
144 silly audit   '@typescript-eslint/parser': [ '8.70.1' ],
144 silly audit   '@typescript-eslint/project-service': [ '8.70.1' ],
144 silly audit   '@typescript-eslint/scope-manager': [ '8.70.1' ],
144 silly audit   '@typescript-eslint/tsconfig-utils': [ '8.70.1' ],
144 silly audit   '@typescript-eslint/type-utils': [ '8.70.1' ],
144 silly audit   '@typescript-eslint/types': [ '8.70.1' ],
144 silly audit   '@typescript-eslint/typescript-estree': [ '8.70.1' ],
144 silly audit   'balanced-match': [ '4.0.4', '1.0.2' ],
144 silly audit   'brace-expansion': [ '5.0.12', '1.1.21' ],
144 silly audit   minimatch: [ '10.2.6', '3.1.5' ],
144 silly audit   semver: [ '7.8.5', '6.3.1' ],
144 silly audit   '@typescript-eslint/utils': [ '8.70.1' ],
144 silly audit   '@typescript-eslint/visitor-keys': [ '8.70.1' ],
144 silly audit   '@unrs/resolver-binding-android-arm-eabi': [ '1.12.2' ],
144 silly audit   '@unrs/resolver-binding-android-arm64': [ '1.12.2' ],
144 silly audit   '@unrs/resolver-binding-darwin-arm64': [ '1.12.2' ],
144 silly audit   '@unrs/resolver-binding-darwin-x64': [ '1.12.2' ],
144 silly audit   '@unrs/resolver-binding-freebsd-x64': [ '1.12.2' ],
144 silly audit   '@unrs/resolver-binding-linux-arm-gnueabihf': [ '1.12.2' ],
144 silly audit   '@unrs/resolver-binding-linux-arm-musleabihf': [ '1.12.2' ],
144 silly audit   '@unrs/resolver-binding-linux-arm64-gnu': [ '1.12.2' ],
144 silly audit   '@unrs/resolver-binding-linux-arm64-musl': [ '1.12.2' ],
144 silly audit   '@unrs/resolver-binding-linux-loong64-gnu': [ '1.12.2' ],
144 silly audit   '@unrs/resolver-binding-linux-loong64-musl': [ '1.12.2' ],
144 silly audit   '@unrs/resolver-binding-linux-ppc64-gnu': [ '1.12.2' ],
144 silly audit   '@unrs/resolver-binding-linux-riscv64-gnu': [ '1.12.2' ],
144 silly audit   '@unrs/resolver-binding-linux-riscv64-musl': [ '1.12.2' ],
144 silly audit   '@unrs/resolver-binding-linux-s390x-gnu': [ '1.12.2' ],
144 silly audit   '@unrs/resolver-binding-linux-x64-gnu': [ '1.12.2' ],
144 silly audit   '@unrs/resolver-binding-linux-x64-musl': [ '1.12.2' ],
144 silly audit   '@unrs/resolver-binding-openharmony-arm64': [ '1.12.2' ],
144 silly audit   '@unrs/resolver-binding-wasm32-wasi': [ '1.12.2' ],
144 silly audit   '@unrs/resolver-binding-win32-arm64-msvc': [ '1.12.2' ],
144 silly audit   '@unrs/resolver-binding-win32-ia32-msvc': [ '1.12.2' ],
144 silly audit   '@unrs/resolver-binding-win32-x64-msvc': [ '1.12.2' ],
144 silly audit   '@visx/curve': [ '4.0.1-alpha.0' ],
144 silly audit   '@visx/event': [ '4.0.1-alpha.0' ],
144 silly audit   '@visx/grid': [ '4.0.1-alpha.0' ],
144 silly audit   '@visx/group': [ '4.0.1-alpha.0' ],
144 silly audit   '@visx/point': [ '4.0.1-alpha.0' ],
144 silly audit   '@visx/responsive': [ '4.0.1-alpha.0' ],
144 silly audit   '@visx/scale': [ '4.0.1-alpha.0' ],
144 silly audit   '@visx/shape': [ '4.0.1-alpha.0' ],
144 silly audit   '@visx/vendor': [ '4.0.0-alpha.0' ],
144 silly audit   'd3-array': [ '3.2.1', '3.2.4' ],
144 silly audit   acorn: [ '8.18.0' ],
144 silly audit   'acorn-jsx': [ '5.3.2' ],
144 silly audit   'ansi-styles': [ '4.3.0' ],
144 silly audit   argparse: [ '2.0.1' ],
144 silly audit   'aria-query': [ '5.3.2' ],
144 silly audit   'array-buffer-byte-length': [ '1.0.2' ],
144 silly audit   'array-includes': [ '3.2.0' ],
144 silly audit   'array.prototype.findlast': [ '1.2.5' ],
144 silly audit   'array.prototype.findlastindex': [ '1.2.6' ],
144 silly audit   'array.prototype.flat': [ '1.3.3' ],
144 silly audit   'array.prototype.flatmap': [ '1.3.3' ],
144 silly audit   'array.prototype.tosorted': [ '1.1.4' ],
144 silly audit   'arraybuffer.prototype.slice': [ '1.0.4' ],
144 silly audit   'ast-types-flow': [ '0.0.8' ],
144 silly audit   'async-function': [ '1.0.0' ],
144 silly audit   'available-typed-arrays': [ '1.0.7' ],
144 silly audit   'aws-ssl-profiles': [ '1.1.2' ],
144 silly audit   'axe-core': [ '4.13.0' ],
144 silly audit   'axobject-query': [ '4.1.0' ],
144 silly audit   'baseline-browser-mapping': [ '2.11.25' ],
144 silly audit   'better-result': [ '2.10.0' ],
144 silly audit   braces: [ '3.0.3' ],
144 silly audit   browserslist: [ '4.29.0' ],
144 silly audit   c12: [ '3.3.4' ],
144 silly audit   dotenv: [ '17.4.2', '18.0.3' ],
144 silly audit   'call-bind': [ '1.0.9' ],
144 silly audit   'call-bind-apply-helpers': [ '1.0.2' ],
144 silly audit   'call-bound': [ '1.0.4' ],
144 silly audit   callsites: [ '3.1.0' ],
144 silly audit   'caniuse-lite': [ '1.0.30001810' ],
144 silly audit   chalk: [ '4.1.2' ],
144 silly audit   chokidar: [ '5.0.0' ],
144 silly audit   classnames: [ '2.5.1' ],
144 silly audit   'client-only': [ '0.0.1' ],
144 silly audit   'color-convert': [ '2.0.1' ],
144 silly audit   'color-name': [ '1.1.4' ],
144 silly audit   'concat-map': [ '0.0.1' ],
144 silly audit   confbox: [ '0.2.4', '0.3.1' ],
144 silly audit   'convert-source-map': [ '2.0.0' ],
144 silly audit   'cross-spawn': [ '7.0.6' ],
144 silly audit   csstype: [ '3.2.3' ],
144 silly audit   'd3-color': [ '3.1.0' ],
144 silly audit   'd3-delaunay': [ '6.0.2' ],
144 silly audit   'd3-format': [ '3.1.0' ],
144 silly audit   'd3-geo': [ '3.1.0' ],
144 silly audit   'd3-interpolate': [ '3.0.1' ],
144 silly audit   'd3-path': [ '3.1.0' ],
144 silly audit   'd3-scale': [ '4.0.2' ],
144 silly audit   'd3-shape': [ '3.2.0' ],
144 silly audit   'd3-time': [ '3.1.0' ],
144 silly audit   'd3-time-format': [ '4.1.0' ],
144 silly audit   'damerau-levenshtein': [ '1.0.8' ],
144 silly audit   'data-view-buffer': [ '1.0.2' ],
144 silly audit   'data-view-byte-length': [ '1.0.2' ],
144 silly audit   'data-view-byte-offset': [ '1.0.1' ],
144 silly audit   debug: [ '4.4.3', '3.2.7' ],
144 silly audit   'deep-is': [ '0.1.4' ],
144 silly audit   'deepmerge-ts': [ '7.1.5' ],
144 silly audit   'define-data-property': [ '1.1.4' ],
144 silly audit   'define-properties': [ '1.2.1' ],
144 silly audit   defu: [ '6.1.7' ],
144 silly audit   delaunator: [ '5.1.0' ],
144 silly audit   denque: [ '2.1.0' ],
144 silly audit   destr: [ '2.0.5' ],
144 silly audit   'detect-libc': [ '2.1.2' ],
144 silly audit   doctrine: [ '2.1.0' ],
144 silly audit   'dunder-proto': [ '1.0.1' ],
144 silly audit   effect: [ '3.20.0' ],
144 silly audit   'electron-to-chromium': [ '1.5.434' ],
144 silly audit   elkjs: [ '0.11.1' ],
144 silly audit   'emoji-regex': [ '9.2.2' ],
144 silly audit   empathic: [ '2.0.0' ],
144 silly audit   'enhanced-resolve': [ '5.25.1' ],
144 silly audit   'env-paths': [ '3.0.0' ],
144 silly audit   'es-abstract': [ '1.24.2' ],
144 silly audit   'es-abstract-get': [ '1.0.0' ],
144 silly audit   'es-define-property': [ '1.0.1' ],
144 silly audit   'es-errors': [ '1.3.0' ],
144 silly audit   'es-iterator-helpers': [ '1.4.0' ],
144 silly audit   'es-object-atoms': [ '1.1.2' ],
144 silly audit   'es-set-tostringtag': [ '2.1.0' ],
144 silly audit   'es-shim-unscopables': [ '1.1.0' ],
144 silly audit   'es-to-primitive': [ '1.3.4' ],
144 silly audit   escalade: [ '3.2.0' ],
144 silly audit   'escape-string-regexp': [ '4.0.0' ],
144 silly audit   eslint: [ '9.39.5' ],
144 silly audit   'eslint-config-next': [ '16.3.6' ],
144 silly audit   globals: [ '16.4.0', '14.0.0' ],
144 silly audit   'eslint-import-resolver-node': [ '0.3.10' ],
144 silly audit   'eslint-import-resolver-typescript': [ '3.10.1' ],
144 silly audit   'eslint-module-utils': [ '2.14.0' ],
144 silly audit   'eslint-plugin-import': [ '2.32.0' ],
144 silly audit   'eslint-plugin-jsx-a11y': [ '6.10.2' ],
144 silly audit   'eslint-plugin-react': [ '7.37.5' ],
144 silly audit   'eslint-plugin-react-hooks': [ '7.1.1' ],
144 silly audit   'eslint-scope': [ '8.4.0' ],
144 silly audit   espree: [ '10.4.0' ],
144 silly audit   esquery: [ '1.7.0' ],
144 silly audit   esrecurse: [ '4.3.0' ],
144 silly audit   estraverse: [ '5.3.0' ],
144 silly audit   esutils: [ '2.0.3' ],
144 silly audit   exsolve: [ '1.1.1' ],
144 silly audit   'fast-check': [ '3.23.2' ],
144 silly audit   'fast-decode-uri-component': [ '1.0.1' ],
144 silly audit   'fast-deep-equal': [ '3.1.3' ],
144 silly audit   'fast-glob': [ '3.3.1' ],
144 silly audit   'glob-parent': [ '5.1.2', '6.0.2' ],
144 silly audit   'fast-json-stable-stringify': [ '2.1.0' ],
144 silly audit   'fast-levenshtein': [ '2.0.6' ],
144 silly audit   'fast-querystring': [ '1.1.2' ],
144 silly audit   'fast-uri': [ '3.1.8' ],
144 silly audit   fastq: [ '1.20.3' ],
144 silly audit   'file-entry-cache': [ '8.0.0' ],
144 silly audit   'fill-range': [ '7.1.1' ],
144 silly audit   'find-my-way': [ '9.7.0' ],
144 silly audit   'find-up': [ '5.0.0' ],
144 silly audit   'flat-cache': [ '4.0.1' ],
144 silly audit   flatted: [ '3.4.4' ],
144 silly audit   'for-each': [ '0.3.5' ],
144 silly audit   'foreground-child': [ '3.3.1' ],
144 silly audit   'function-bind': [ '1.1.2' ],
144 silly audit   'function.prototype.name': [ '1.2.0' ],
144 silly audit   'functions-have-names': [ '1.2.3' ],
144 silly audit   'generate-function': [ '2.3.1' ],
144 silly audit   'generator-function': [ '2.0.1' ],
144 silly audit   gensync: [ '1.0.0-beta.2' ],
144 silly audit   'get-intrinsic': [ '1.3.0' ],
144 silly audit   'get-port-please': [ '3.2.0' ],
144 silly audit   'get-proto': [ '1.0.1' ],
144 silly audit   'get-symbol-description': [ '1.1.0' ],
144 silly audit   'get-tsconfig': [ '4.14.3' ],
144 silly audit   giget: [ '3.3.1' ],
144 silly audit   globalthis: [ '1.0.4' ],
144 silly audit   gopd: [ '1.2.0' ],
144 silly audit   'graceful-fs': [ '4.2.11' ],
144 silly audit   grammex: [ '3.1.13' ],
144 silly audit   graphmatch: [ '1.1.1' ],
144 silly audit   'has-bigints': [ '1.1.0' ],
144 silly audit   'has-flag': [ '4.0.0' ],
144 silly audit   'has-property-descriptors': [ '1.0.2' ],
144 silly audit   'has-proto': [ '1.2.0' ],
144 silly audit   'has-symbols': [ '1.1.0' ],
144 silly audit   'has-tostringtag': [ '1.0.2' ],
144 silly audit   hasown: [ '2.0.4' ],
144 silly audit   'hermes-estree': [ '0.25.1' ],
144 silly audit   'hermes-parser': [ '0.25.1' ],
144 silly audit   'iconv-lite': [ '0.7.3' ],
144 silly audit   'import-fresh': [ '3.3.1' ],
144 silly audit   imurmurhash: [ '0.1.4' ],
144 silly audit   'internal-slot': [ '1.1.0' ],
144 silly audit   internmap: [ '2.0.3' ],
144 silly audit   'is-array-buffer': [ '3.0.5' ],
144 silly audit   'is-async-function': [ '2.1.1' ],
144 silly audit   'is-bigint': [ '1.1.0' ],
144 silly audit   'is-boolean-object': [ '1.2.2' ],
144 silly audit   'is-bun-module': [ '2.0.0' ],
144 silly audit   'is-callable': [ '1.2.7' ],
144 silly audit   'is-core-module': [ '2.17.0' ],
144 silly audit   'is-data-view': [ '1.0.2' ],
144 silly audit   'is-date-object': [ '1.1.0' ],
144 silly audit   'is-document.all': [ '1.0.0' ],
144 silly audit   'is-extglob': [ '2.1.1' ],
144 silly audit   'is-finalizationregistry': [ '1.1.1' ],
144 silly audit   'is-generator-function': [ '1.1.2' ],
144 silly audit   'is-glob': [ '4.0.3' ],
144 silly audit   'is-map': [ '2.0.3' ],
144 silly audit   'is-negative-zero': [ '2.0.3' ],
144 silly audit   'is-number': [ '7.0.0' ],
144 silly audit   'is-number-object': [ '1.1.1' ],
144 silly audit   'is-property': [ '1.0.2' ],
144 silly audit   'is-regex': [ '1.2.1' ],
144 silly audit   'is-set': [ '2.0.3' ],
144 silly audit   'is-shared-array-buffer': [ '1.0.4' ],
144 silly audit   'is-string': [ '1.1.1' ],
144 silly audit   'is-symbol': [ '1.1.1' ],
144 silly audit   'is-typed-array': [ '1.1.15' ],
144 silly audit   'is-weakmap': [ '2.0.2' ],
144 silly audit   'is-weakref': [ '1.1.1' ],
144 silly audit   'is-weakset': [ '2.0.4' ],
144 silly audit   isarray: [ '2.0.5' ],
144 silly audit   isexe: [ '2.0.0' ],
144 silly audit   'iterator.prototype': [ '1.1.5' ],
144 silly audit   jiti: [ '2.7.0' ],
144 silly audit   'js-tokens': [ '4.0.0' ],
144 silly audit   'js-yaml': [ '4.3.2' ],
144 silly audit   jsesc: [ '3.1.0' ],
144 silly audit   'json-buffer': [ '3.0.1' ],
144 silly audit   'json-stable-stringify-without-jsonify': [ '1.0.1' ],
144 silly audit   json5: [ '2.2.3', '1.0.2' ],
144 silly audit   'jsx-ast-utils': [ '3.3.5' ],
144 silly audit   keyv: [ '4.5.4' ],
144 silly audit   'language-subtag-registry': [ '0.3.23' ],
144 silly audit   'language-tags': [ '1.0.9' ],
144 silly audit   levn: [ '0.4.1' ],
144 silly audit   lightningcss: [ '1.32.0' ],
144 silly audit   'lightningcss-android-arm64': [ '1.32.0' ],
144 silly audit   'lightningcss-darwin-arm64': [ '1.32.0' ],
144 silly audit   'lightningcss-darwin-x64': [ '1.32.0' ],
144 silly audit   'lightningcss-freebsd-x64': [ '1.32.0' ],
144 silly audit   'lightningcss-linux-arm-gnueabihf': [ '1.32.0' ],
144 silly audit   'lightningcss-linux-arm64-gnu': [ '1.32.0' ],
144 silly audit   'lightningcss-linux-arm64-musl': [ '1.32.0' ],
144 silly audit   'lightningcss-linux-x64-gnu': [ '1.32.0' ],
144 silly audit   'lightningcss-linux-x64-musl': [ '1.32.0' ],
144 silly audit   'lightningcss-win32-arm64-msvc': [ '1.32.0' ],
144 silly audit   'lightningcss-win32-x64-msvc': [ '1.32.0' ],
144 silly audit   'locate-path': [ '6.0.0' ],
144 silly audit   lodash: [ '4.18.1' ],
144 silly audit   'lodash.merge': [ '4.6.2' ],
144 silly audit   long: [ '5.3.2' ],
144 silly audit   'loose-envify': [ '1.4.0' ],
144 silly audit   'lru-cache': [ '5.1.1', '6.0.0' ],
144 silly audit   'lru.min': [ '1.1.5' ],
144 silly audit   'magic-string': [ '0.30.21' ],
144 silly audit   'math-intrinsics': [ '1.1.0' ],
144 silly audit   merge2: [ '1.4.1' ],
144 silly audit   micromatch: [ '4.0.8' ],
144 silly audit   minimist: [ '1.2.8' ],
144 silly audit   ms: [ '2.1.3' ],
144 silly audit   mysql2: [ '3.15.3' ],
144 silly audit   'named-placeholders': [ '1.1.6' ],
144 silly audit   nanoid: [ '3.3.19' ],
144 silly audit   'napi-postinstall': [ '0.3.4' ],
144 silly audit   'natural-compare': [ '1.4.0' ],
144 silly audit   next: [ '16.3.6' ],
144 silly audit   postcss: [ '8.5.23', '8.5.28' ],
144 silly audit   'node-exports-info': [ '1.6.2' ],
144 silly audit   'node-releases': [ '2.0.56' ],
144 silly audit   'object-assign': [ '4.1.1' ],
144 silly audit   'object-inspect': [ '1.13.4' ],
144 silly audit   'object-keys': [ '1.1.1' ],
144 silly audit   'object.assign': [ '4.1.7' ],
144 silly audit   'object.entries': [ '1.1.9' ],
144 silly audit   'object.fromentries': [ '2.0.8' ],
144 silly audit   'object.groupby': [ '1.0.3' ],
144 silly audit   'object.values': [ '1.2.1' ],
144 silly audit   ohash: [ '2.0.12' ],
144 silly audit   optionator: [ '0.9.4' ],
144 silly audit   'own-keys': [ '1.0.2' ],
144 silly audit   'p-limit': [ '3.1.0' ],
144 silly audit   'p-locate': [ '5.0.0' ],
144 silly audit   'parent-module': [ '1.0.1' ],
144 silly audit   'path-exists': [ '4.0.0' ],
144 silly audit   'path-key': [ '3.1.1' ],
144 silly audit   'path-parse': [ '1.0.7' ],
144 silly audit   pathe: [ '2.0.3' ],
144 silly audit   'perfect-debounce': [ '2.1.0' ],
144 silly audit   pg: [ '8.23.0' ],
144 silly audit   'pg-cloudflare': [ '1.4.0' ],
144 silly audit   'pg-connection-string': [ '2.14.0' ],
144 silly audit   'pg-int8': [ '1.0.1' ],
144 silly audit   'pg-pool': [ '3.14.0' ],
144 silly audit   'pg-protocol': [ '1.16.0' ],
144 silly audit   'pg-types': [ '2.2.0' ],
144 silly audit   'postgres-array': [ '2.0.0', '3.0.4' ],
144 silly audit   pgpass: [ '1.0.5' ],
144 silly audit   picocolors: [ '1.1.1' ],
144 silly audit   picomatch: [ '2.3.2', '4.0.7' ],
144 silly audit   'pkg-types': [ '2.3.3' ],
144 silly audit   'possible-typed-array-names': [ '1.1.0' ],
144 silly audit   postgres: [ '3.4.7' ],
144 silly audit   'postgres-bytea': [ '1.0.1' ],
144 silly audit   'postgres-date': [ '1.0.7' ],
144 silly audit   'postgres-interval': [ '1.2.0' ],
144 silly audit   'prelude-ls': [ '1.2.1' ],
144 silly audit   prisma: [ '7.10.0' ],
144 silly audit   'prop-types': [ '15.8.1' ],
144 silly audit   'proper-lockfile': [ '4.1.2' ],
144 silly audit   'signal-exit': [ '3.0.7', '4.1.0' ],
144 silly audit   punycode: [ '2.3.1' ],
144 silly audit   'pure-rand': [ '6.1.0' ],
144 silly audit   'queue-microtask': [ '1.2.3' ],
144 silly audit   rc9: [ '3.1.0' ],
144 silly audit   react: [ '19.2.8' ],
144 silly audit   'react-dom': [ '19.2.8' ],
144 silly audit   'react-is': [ '16.13.1' ],
144 silly audit   readdirp: [ '5.1.1' ],
144 silly audit   'reflect.getprototypeof': [ '1.0.10' ],
144 silly audit   'regexp.prototype.flags': [ '1.5.4' ],
144 silly audit   remeda: [ '2.33.4' ],
144 silly audit   'require-from-string': [ '2.0.2' ],
144 silly audit   resolve: [ '2.0.0-next.7' ],
144 silly audit   'resolve-from': [ '4.0.0' ],
144 silly audit   'resolve-pkg-maps': [ '1.0.0' ],
144 silly audit   ret: [ '0.5.0' ],
144 silly audit   retry: [ '0.12.0' ],
144 silly audit   reusify: [ '1.1.0' ],
144 silly audit   'robust-predicates': [ '3.0.3' ],
144 silly audit   'run-parallel': [ '1.2.0' ],
144 silly audit   'safe-array-concat': [ '1.1.4' ],
144 silly audit   'safe-push-apply': [ '1.0.0' ],
144 silly audit   'safe-regex-test': [ '1.1.0' ],
144 silly audit   'safe-regex2': [ '5.1.1' ],
144 silly audit   'safer-buffer': [ '2.1.2' ],
144 silly audit   scheduler: [ '0.27.0' ],
144 silly audit   'seq-queue': [ '0.0.5' ],
144 silly audit   'set-function-length': [ '1.2.2' ],
144 silly audit   'set-function-name': [ '2.0.2' ],
144 silly audit   'set-proto': [ '1.0.0' ],
144 silly audit   sharp: [ '0.35.4' ],
144 silly audit   'shebang-command': [ '2.0.0' ],
144 silly audit   'shebang-regex': [ '3.0.0' ],
144 silly audit   'side-channel': [ '1.1.1' ],
144 silly audit   'side-channel-list': [ '1.0.1' ],
144 silly audit   'side-channel-map': [ '1.0.1' ],
144 silly audit   'side-channel-weakmap': [ '1.0.2' ],
144 silly audit   'source-map-js': [ '1.2.1' ],
144 silly audit   split2: [ '4.2.0' ],
144 silly audit   sqlstring: [ '2.3.3' ],
144 silly audit   'stable-hash': [ '0.0.5' ],
144 silly audit   'std-env': [ '3.10.0' ],
144 silly audit   'stop-iteration-iterator': [ '1.1.0' ],
144 silly audit   'string.prototype.includes': [ '2.0.1' ],
144 silly audit   'string.prototype.matchall': [ '4.1.0' ],
144 silly audit   'string.prototype.repeat': [ '1.0.0' ],
144 silly audit   'string.prototype.trim': [ '1.2.11' ],
144 silly audit   'string.prototype.trimend': [ '1.0.10' ],
144 silly audit   'string.prototype.trimstart': [ '1.0.8' ],
144 silly audit   'strip-bom': [ '3.0.0' ],
144 silly audit   'strip-json-comments': [ '3.1.1' ],
144 silly audit   'styled-jsx': [ '5.1.6' ],
144 silly audit   'supports-color': [ '7.2.0' ],
144 silly audit   'supports-preserve-symlinks-flag': [ '1.0.0' ],
144 silly audit   tailwindcss: [ '4.3.3' ],
144 silly audit   tapable: [ '2.3.3' ],
144 silly audit   tinyglobby: [ '0.2.17' ],
144 silly audit   fdir: [ '6.5.0' ],
144 silly audit   'to-regex-range': [ '5.0.1' ],
144 silly audit   'ts-api-utils': [ '2.5.0' ],
144 silly audit   'tsconfig-paths': [ '3.15.0' ],
144 silly audit   tslib: [ '2.8.1' ],
144 silly audit   'type-check': [ '0.4.0' ],
144 silly audit   'typed-array-buffer': [ '1.0.3' ],
144 silly audit   'typed-array-byte-length': [ '1.0.3' ],
144 silly audit   'typed-array-byte-offset': [ '1.0.5' ],
144 silly audit   'typed-array-length': [ '1.0.8' ],
144 silly audit   typescript: [ '5.9.3' ],
144 silly audit   'typescript-eslint': [ '8.70.1' ],
144 silly audit   'unbox-primitive': [ '1.1.0' ],
144 silly audit   'undici-types': [ '6.21.0' ],
144 silly audit   'unrs-resolver': [ '1.12.2' ],
144 silly audit   'update-browserslist-db': [ '1.3.3' ],
144 silly audit   'uri-js': [ '4.4.1' ],
144 silly audit   valibot: [ '1.4.2' ],
144 silly audit   which: [ '2.0.2' ],
144 silly audit   'which-boxed-primitive': [ '1.1.1' ],
144 silly audit   'which-builtin-type': [ '1.2.1' ],
144 silly audit   'which-collection': [ '1.0.2' ],
144 silly audit   'which-typed-array': [ '1.1.24' ],
144 silly audit   'word-wrap': [ '1.2.5' ],
144 silly audit   xtend: [ '4.0.2' ],
144 silly audit   yallist: [ '3.1.1', '4.0.0' ],
144 silly audit   'yocto-queue': [ '0.1.0' ],
144 silly audit   zeptomatch: [ '2.1.0' ],
144 silly audit   'zod-validation-error': [ '4.0.2' ],
144 silly audit   bcryptjs: [ '3.0.3' ],
144 silly audit   'next-auth': [ '4.24.15' ],
144 silly audit   zod: [ '4.6.5' ],
144 silly audit   '@babel/runtime': [ '7.29.7' ],
144 silly audit   '@panva/hkdf': [ '1.2.1' ],
144 silly audit   cookie: [ '0.7.2' ],
144 silly audit   jose: [ '4.15.9' ],
144 silly audit   oauth: [ '0.9.15' ],
144 silly audit   'openid-client': [ '5.7.1' ],
144 silly audit   preact: [ '10.29.8' ],
144 silly audit   'preact-render-to-string': [ '5.2.6' ],
144 silly audit   uuid: [ '11.1.1' ],
144 silly audit   'object-hash': [ '2.2.0' ],
144 silly audit   'oidc-token-hash': [ '5.2.0' ],
144 silly audit   'pretty-format': [ '3.8.0' ]
144 silly audit }
145 http cache pretty-format@https://registry.npmjs.org/pretty-format/-/pretty-format-3.8.0.tgz 0ms (cache hit)
146 http cache oidc-token-hash@https://registry.npmjs.org/oidc-token-hash/-/oidc-token-hash-5.2.0.tgz 0ms (cache hit)
147 http cache object-hash@https://registry.npmjs.org/object-hash/-/object-hash-2.2.0.tgz 0ms (cache hit)
148 http cache uuid@https://registry.npmjs.org/uuid/-/uuid-11.1.1.tgz 0ms (cache hit)
149 http cache preact-render-to-string@https://registry.npmjs.org/preact-render-to-string/-/preact-render-to-string-5.2.6.tgz 0ms (cache hit)
150 http cache openid-client@https://registry.npmjs.org/openid-client/-/openid-client-5.7.1.tgz 0ms (cache hit)
151 http cache preact@https://registry.npmjs.org/preact/-/preact-10.29.8.tgz 0ms (cache hit)
152 http cache jose@https://registry.npmjs.org/jose/-/jose-4.15.9.tgz 0ms (cache hit)
153 http cache @babel/runtime@https://registry.npmjs.org/@babel/runtime/-/runtime-7.29.7.tgz 0ms (cache hit)
154 http cache @panva/hkdf@https://registry.npmjs.org/@panva/hkdf/-/hkdf-1.2.1.tgz 0ms (cache hit)
155 http cache oauth@https://registry.npmjs.org/oauth/-/oauth-0.9.15.tgz 0ms (cache hit)
156 http cache cookie@https://registry.npmjs.org/cookie/-/cookie-0.7.2.tgz 0ms (cache hit)
157 http cache bcryptjs@https://registry.npmjs.org/bcryptjs/-/bcryptjs-3.0.3.tgz 0ms (cache hit)
158 http cache next-auth@https://registry.npmjs.org/next-auth/-/next-auth-4.24.15.tgz 0ms (cache hit)
159 http cache yallist@https://registry.npmjs.org/yallist/-/yallist-4.0.0.tgz 0ms (cache hit)
160 silly tarball no local data for pretty-format@https://registry.npmjs.org/pretty-format/-/pretty-format-3.8.0.tgz. Extracting by manifest.
161 silly tarball no local data for oidc-token-hash@https://registry.npmjs.org/oidc-token-hash/-/oidc-token-hash-5.2.0.tgz. Extracting by manifest.
162 http cache lru-cache@https://registry.npmjs.org/lru-cache/-/lru-cache-6.0.0.tgz 0ms (cache hit)
163 silly tarball no local data for object-hash@https://registry.npmjs.org/object-hash/-/object-hash-2.2.0.tgz. Extracting by manifest.
164 silly tarball no local data for uuid@https://registry.npmjs.org/uuid/-/uuid-11.1.1.tgz. Extracting by manifest.
165 silly tarball no local data for preact-render-to-string@https://registry.npmjs.org/preact-render-to-string/-/preact-render-to-string-5.2.6.tgz. Extracting by manifest.
166 silly tarball no local data for openid-client@https://registry.npmjs.org/openid-client/-/openid-client-5.7.1.tgz. Extracting by manifest.
167 silly tarball no local data for preact@https://registry.npmjs.org/preact/-/preact-10.29.8.tgz. Extracting by manifest.
168 silly tarball no local data for jose@https://registry.npmjs.org/jose/-/jose-4.15.9.tgz. Extracting by manifest.
169 silly tarball no local data for @babel/runtime@https://registry.npmjs.org/@babel/runtime/-/runtime-7.29.7.tgz. Extracting by manifest.
170 silly tarball no local data for @panva/hkdf@https://registry.npmjs.org/@panva/hkdf/-/hkdf-1.2.1.tgz. Extracting by manifest.
171 silly tarball no local data for oauth@https://registry.npmjs.org/oauth/-/oauth-0.9.15.tgz. Extracting by manifest.
172 silly tarball no local data for cookie@https://registry.npmjs.org/cookie/-/cookie-0.7.2.tgz. Extracting by manifest.
173 silly tarball no local data for bcryptjs@https://registry.npmjs.org/bcryptjs/-/bcryptjs-3.0.3.tgz. Extracting by manifest.
174 silly tarball no local data for next-auth@https://registry.npmjs.org/next-auth/-/next-auth-4.24.15.tgz. Extracting by manifest.
175 silly tarball no local data for yallist@https://registry.npmjs.org/yallist/-/yallist-4.0.0.tgz. Extracting by manifest.
176 silly tarball no local data for lru-cache@https://registry.npmjs.org/lru-cache/-/lru-cache-6.0.0.tgz. Extracting by manifest.
177 http fetch POST 200 https://registry.npmjs.org/-/npm/v1/security/advisories/bulk 514ms
178 silly audit report {
178 silly audit report   'deepmerge-ts': [
178 silly audit report     {
178 silly audit report       id: 1145093,
178 silly audit report       url: 'https://github.com/advisories/GHSA-ggr8-5vv4-36mx',
178 silly audit report       title: 'DeepmergeTS has stack exhaustion when merging recursive object graphs',
178 silly audit report       severity: 'high',
178 silly audit report       vulnerable_versions: '<8.0.0',
178 silly audit report       cwe: [Array],
178 silly audit report       cvss: [Object]
178 silly audit report     }
178 silly audit report   ],
178 silly audit report   mysql2: [
178 silly audit report     {
178 silly audit report       id: 1158532,
178 silly audit report       url: 'https://github.com/advisories/GHSA-rgwj-5xj2-c3m3',
178 silly audit report       title: 'MySQL2: Unbounded zlib inflate in compressed MySQL protocol handler allows decompression-bomb DoS',
178 silly audit report       severity: 'moderate',
178 silly audit report       vulnerable_versions: '<=3.23.0',
178 silly audit report       cwe: [Array],
178 silly audit report       cvss: [Object]
178 silly audit report     },
178 silly audit report     {
178 silly audit report       id: 1153173,
178 silly audit report       url: 'https://github.com/advisories/GHSA-3f6p-5ww8-9rcr',
178 silly audit report       title: 'MySQL2: Auth Plugin Downgrade to mysql_clear_password Leaks Plaintext Credentials',
178 silly audit report       severity: 'high',
178 silly audit report       vulnerable_versions: '<3.22.0',
178 silly audit report       cwe: [Array],
178 silly audit report       cvss: [Object]
178 silly audit report     }
178 silly audit report   ]
178 silly audit report }
179 silly packumentCache corgi:https://registry.npmjs.org/deepmerge-ts cache-miss
180 silly packumentCache corgi:https://registry.npmjs.org/mysql2 cache-miss
181 http fetch GET 200 https://registry.npmjs.org/oidc-token-hash/-/oidc-token-hash-5.2.0.tgz 521ms (cache miss)
182 http fetch GET 200 https://registry.npmjs.org/object-hash/-/object-hash-2.2.0.tgz 594ms (cache miss)
183 http fetch GET 200 https://registry.npmjs.org/pretty-format/-/pretty-format-3.8.0.tgz 737ms (cache miss)
184 http fetch GET 200 https://registry.npmjs.org/lru-cache/-/lru-cache-6.0.0.tgz 724ms (cache miss)
185 http fetch GET 200 https://registry.npmjs.org/yallist/-/yallist-4.0.0.tgz 781ms (cache miss)
186 http fetch GET 200 https://registry.npmjs.org/deepmerge-ts 316ms (cache miss)
187 silly packumentCache corgi:https://registry.npmjs.org/deepmerge-ts set size:undefined disposed:false
188 http fetch GET 200 https://registry.npmjs.org/cookie/-/cookie-0.7.2.tgz 983ms (cache miss)
189 http fetch GET 200 https://registry.npmjs.org/mysql2 524ms (cache miss)
190 silly packumentCache corgi:https://registry.npmjs.org/mysql2 set size:undefined disposed:false
191 silly packumentCache corgi:https://registry.npmjs.org/@prisma%2fconfig cache-miss
192 http fetch GET 200 https://registry.npmjs.org/bcryptjs/-/bcryptjs-3.0.3.tgz 1466ms (cache miss)
193 http fetch GET 200 https://registry.npmjs.org/@panva/hkdf/-/hkdf-1.2.1.tgz 1612ms (cache miss)
194 http fetch GET 200 https://registry.npmjs.org/oauth/-/oauth-0.9.15.tgz 2049ms (cache miss)
195 http fetch GET 200 https://registry.npmjs.org/preact-render-to-string/-/preact-render-to-string-5.2.6.tgz 2062ms (cache miss)
196 http fetch GET 200 https://registry.npmjs.org/openid-client/-/openid-client-5.7.1.tgz 2087ms (cache miss)
197 http fetch GET 200 https://registry.npmjs.org/@prisma%2fconfig 1732ms (cache miss)
198 silly packumentCache corgi:https://registry.npmjs.org/@prisma%2fconfig set size:undefined disposed:false
199 silly packumentCache corgi:https://registry.npmjs.org/prisma cache-miss
200 http fetch GET 200 https://registry.npmjs.org/uuid/-/uuid-11.1.1.tgz 4515ms (cache miss)
201 http fetch GET 200 https://registry.npmjs.org/preact/-/preact-10.29.8.tgz 4658ms (cache miss)
202 http fetch GET 200 https://registry.npmjs.org/@babel/runtime/-/runtime-7.29.7.tgz 4865ms (cache miss)
203 http fetch GET 200 https://registry.npmjs.org/jose/-/jose-4.15.9.tgz 6617ms (cache miss)
204 http fetch GET 200 https://registry.npmjs.org/next-auth/-/next-auth-4.24.15.tgz 7556ms (cache miss)
205 http fetch GET 200 https://registry.npmjs.org/prisma 5162ms (cache miss)
206 silly packumentCache corgi:https://registry.npmjs.org/prisma set size:undefined disposed:false
207 silly packumentCache corgi:https://registry.npmjs.org/@prisma%2fclient cache-miss
208 http fetch GET 200 https://registry.npmjs.org/@prisma%2fclient 9704ms (cache miss)
209 silly packumentCache corgi:https://registry.npmjs.org/@prisma%2fclient set size:undefined disposed:false
210 silly ADD node_modules/pretty-format
211 silly ADD node_modules/oidc-token-hash
212 silly ADD node_modules/object-hash
213 silly ADD node_modules/uuid
214 silly ADD node_modules/preact-render-to-string
215 silly ADD node_modules/preact
216 silly ADD node_modules/openid-client
217 silly ADD node_modules/openid-client/node_modules/yallist
218 silly ADD node_modules/openid-client/node_modules/lru-cache
219 silly ADD node_modules/oauth
220 silly ADD node_modules/jose
221 silly ADD node_modules/cookie
222 silly ADD node_modules/@panva/hkdf
223 silly ADD node_modules/@babel/runtime
224 silly ADD node_modules/next-auth
225 silly ADD node_modules/bcryptjs
226 verbose cwd C:\Users\Admin\Desktop\nexaservice
227 verbose os Windows_NT 10.0.26200
228 verbose node v25.9.0
229 verbose npm  v11.12.1
230 verbose exit 0
231 info ok
