0 verbose cli C:\Program Files\nodejs\node.exe C:\Program Files\nodejs\node_modules\npm\bin\npm-cli.js
1 info using npm@11.12.1
2 info using node@v25.9.0
3 silly config load:file:C:\Program Files\nodejs\node_modules\npm\npmrc
4 silly config load:file:C:\Users\Admin\Desktop\nexaservice\.npmrc
5 silly config load:file:C:\Users\Admin\.npmrc
6 silly config load:file:C:\Users\Admin\AppData\Roaming\npm\etc\npmrc
7 verbose title npm audit
8 verbose argv "audit" "--omit" "dev" "--json" "--cache" ".npm-cache" "--fetch-retries" "0" "--fetch-timeout" "10000"
9 verbose logfile logs-max:10 dir:C:\Users\Admin\Desktop\nexaservice\.npm-cache\_logs\2026-09-23T11_26_46_905Z-
10 verbose logfile C:\Users\Admin\Desktop\nexaservice\.npm-cache\_logs\2026-09-23T11_26_46_905Z-debug-0.log
11 silly logfile done cleaning log files
12 silly packumentCache heap:2348810240 maxSize:587202560 maxEntrySize:293601280
13 silly audit bulk request {
13 silly audit   '@babel/runtime': [ '7.29.7' ],
13 silly audit   '@electric-sql/pglite': [ '0.4.3' ],
13 silly audit   '@electric-sql/pglite-socket': [ '0.1.3' ],
13 silly audit   '@electric-sql/pglite-tools': [ '0.3.3' ],
13 silly audit   '@emnapi/runtime': [ '1.11.3' ],
13 silly audit   '@img/colour': [ '1.1.0' ],
13 silly audit   '@img/sharp-darwin-arm64': [ '0.35.4' ],
13 silly audit   '@img/sharp-darwin-x64': [ '0.35.4' ],
13 silly audit   '@img/sharp-freebsd-wasm32': [ '0.35.4' ],
13 silly audit   '@img/sharp-libvips-darwin-arm64': [ '1.3.3' ],
13 silly audit   '@img/sharp-libvips-darwin-x64': [ '1.3.3' ],
13 silly audit   '@img/sharp-libvips-linux-arm': [ '1.3.3' ],
13 silly audit   '@img/sharp-libvips-linux-arm64': [ '1.3.3' ],
13 silly audit   '@img/sharp-libvips-linux-ppc64': [ '1.3.3' ],
13 silly audit   '@img/sharp-libvips-linux-riscv64': [ '1.3.3' ],
13 silly audit   '@img/sharp-libvips-linux-s390x': [ '1.3.3' ],
13 silly audit   '@img/sharp-libvips-linux-x64': [ '1.3.3' ],
13 silly audit   '@img/sharp-libvips-linuxmusl-arm64': [ '1.3.3' ],
13 silly audit   '@img/sharp-libvips-linuxmusl-x64': [ '1.3.3' ],
13 silly audit   '@img/sharp-linux-arm': [ '0.35.4' ],
13 silly audit   '@img/sharp-linux-arm64': [ '0.35.4' ],
13 silly audit   '@img/sharp-linux-ppc64': [ '0.35.4' ],
13 silly audit   '@img/sharp-linux-riscv64': [ '0.35.4' ],
13 silly audit   '@img/sharp-linux-s390x': [ '0.35.4' ],
13 silly audit   '@img/sharp-linux-x64': [ '0.35.4' ],
13 silly audit   '@img/sharp-linuxmusl-arm64': [ '0.35.4' ],
13 silly audit   '@img/sharp-linuxmusl-x64': [ '0.35.4' ],
13 silly audit   '@img/sharp-wasm32': [ '0.35.4' ],
13 silly audit   '@img/sharp-webcontainers-wasm32': [ '0.35.4' ],
13 silly audit   '@img/sharp-win32-arm64': [ '0.35.4' ],
13 silly audit   '@img/sharp-win32-ia32': [ '0.35.4' ],
13 silly audit   '@img/sharp-win32-x64': [ '0.35.4' ],
13 silly audit   '@next/env': [ '16.3.6' ],
13 silly audit   '@next/swc-darwin-arm64': [ '16.3.6' ],
13 silly audit   '@next/swc-darwin-x64': [ '16.3.6' ],
13 silly audit   '@next/swc-linux-arm64-gnu': [ '16.3.6' ],
13 silly audit   '@next/swc-linux-arm64-musl': [ '16.3.6' ],
13 silly audit   '@next/swc-linux-x64-gnu': [ '16.3.6' ],
13 silly audit   '@next/swc-linux-x64-musl': [ '16.3.6' ],
13 silly audit   '@next/swc-win32-arm64-msvc': [ '16.3.6' ],
13 silly audit   '@next/swc-win32-x64-msvc': [ '16.3.6' ],
13 silly audit   '@panva/hkdf': [ '1.2.1' ],
13 silly audit   '@prisma/adapter-pg': [ '7.10.0' ],
13 silly audit   '@prisma/client': [ '7.10.0' ],
13 silly audit   '@prisma/client-runtime-utils': [ '7.10.0' ],
13 silly audit   '@prisma/config': [ '7.10.0' ],
13 silly audit   '@prisma/debug': [ '7.10.0', '7.2.0' ],
13 silly audit   '@prisma/dev': [ '0.24.17' ],
13 silly audit   '@prisma/driver-adapter-utils': [ '7.10.0' ],
13 silly audit   '@prisma/engines': [ '7.10.0' ],
13 silly audit   '@prisma/engines-version': [ '7.10.0-4.0edf323efd1d98336f3f0a68684b56f689b900d3' ],
13 silly audit   '@prisma/get-platform': [ '7.10.0', '7.2.0' ],
13 silly audit   '@prisma/fetch-engine': [ '7.10.0' ],
13 silly audit   '@prisma/query-plan-executor': [ '7.2.0' ],
13 silly audit   '@prisma/streams-local': [ '0.1.11' ],
13 silly audit   ajv: [ '8.20.0' ],
13 silly audit   'json-schema-traverse': [ '1.0.0' ],
13 silly audit   '@prisma/studio-core': [ '0.33.0' ],
13 silly audit   '@radix-ui/primitive': [ '1.1.3' ],
13 silly audit   '@radix-ui/react-compose-refs': [ '1.1.2' ],
13 silly audit   '@radix-ui/react-primitive': [ '2.1.3' ],
13 silly audit   '@radix-ui/react-slot': [ '1.2.3' ],
13 silly audit   '@radix-ui/react-toggle': [ '1.1.10' ],
13 silly audit   '@radix-ui/react-use-controllable-state': [ '1.2.2' ],
13 silly audit   '@radix-ui/react-use-effect-event': [ '0.0.2' ],
13 silly audit   '@radix-ui/react-use-layout-effect': [ '1.1.1' ],
13 silly audit   '@standard-schema/spec': [ '1.1.0' ],
13 silly audit   '@swc/helpers': [ '0.5.23' ],
13 silly audit   '@types/d3-array': [ '3.0.3' ],
13 silly audit   '@types/d3-color': [ '3.1.0' ],
13 silly audit   '@types/d3-delaunay': [ '6.0.1' ],
13 silly audit   '@types/d3-format': [ '3.0.1' ],
13 silly audit   '@types/d3-geo': [ '3.1.0' ],
13 silly audit   '@types/d3-interpolate': [ '3.0.1' ],
13 silly audit   '@types/d3-path': [ '3.1.1' ],
13 silly audit   '@types/d3-scale': [ '4.0.2' ],
13 silly audit   '@types/d3-shape': [ '3.1.7' ],
13 silly audit   '@types/d3-time': [ '3.0.0' ],
13 silly audit   '@types/d3-time-format': [ '2.1.0' ],
13 silly audit   '@types/geojson': [ '7946.0.16' ],
13 silly audit   '@types/lodash': [ '4.17.25' ],
13 silly audit   '@types/node': [ '20.19.43' ],
13 silly audit   '@types/pg': [ '8.23.1' ],
13 silly audit   '@types/react': [ '19.3.0' ],
13 silly audit   '@types/react-dom': [ '19.3.0' ],
13 silly audit   semver: [ '7.8.5' ],
13 silly audit   '@visx/curve': [ '4.0.1-alpha.0' ],
13 silly audit   '@visx/event': [ '4.0.1-alpha.0' ],
13 silly audit   '@visx/grid': [ '4.0.1-alpha.0' ],
13 silly audit   '@visx/group': [ '4.0.1-alpha.0' ],
13 silly audit   '@visx/point': [ '4.0.1-alpha.0' ],
13 silly audit   '@visx/responsive': [ '4.0.1-alpha.0' ],
13 silly audit   '@visx/scale': [ '4.0.1-alpha.0' ],
13 silly audit   '@visx/shape': [ '4.0.1-alpha.0' ],
13 silly audit   '@visx/vendor': [ '4.0.0-alpha.0' ],
13 silly audit   'd3-array': [ '3.2.1', '3.2.4' ],
13 silly audit   'aws-ssl-profiles': [ '1.1.2' ],
13 silly audit   'baseline-browser-mapping': [ '2.11.25' ],
13 silly audit   bcryptjs: [ '3.0.3' ],
13 silly audit   'better-result': [ '2.10.0' ],
13 silly audit   c12: [ '3.3.4' ],
13 silly audit   dotenv: [ '17.4.2', '18.0.3' ],
13 silly audit   'caniuse-lite': [ '1.0.30001810' ],
13 silly audit   chokidar: [ '5.0.0' ],
13 silly audit   classnames: [ '2.5.1' ],
13 silly audit   'client-only': [ '0.0.1' ],
13 silly audit   confbox: [ '0.2.4', '0.3.1' ],
13 silly audit   cookie: [ '0.7.2' ],
13 silly audit   'cross-spawn': [ '7.0.6' ],
13 silly audit   csstype: [ '3.2.3' ],
13 silly audit   'd3-color': [ '3.1.0' ],
13 silly audit   'd3-delaunay': [ '6.0.2' ],
13 silly audit   'd3-format': [ '3.1.0' ],
13 silly audit   'd3-geo': [ '3.1.0' ],
13 silly audit   'd3-interpolate': [ '3.0.1' ],
13 silly audit   'd3-path': [ '3.1.0' ],
13 silly audit   'd3-scale': [ '4.0.2' ],
13 silly audit   'd3-shape': [ '3.2.0' ],
13 silly audit   'd3-time': [ '3.1.0' ],
13 silly audit   'd3-time-format': [ '4.1.0' ],
13 silly audit   'deepmerge-ts': [ '7.1.5' ],
13 silly audit   defu: [ '6.1.7' ],
13 silly audit   delaunator: [ '5.1.0' ],
13 silly audit   denque: [ '2.1.0' ],
13 silly audit   destr: [ '2.0.5' ],
13 silly audit   'detect-libc': [ '2.1.2' ],
13 silly audit   effect: [ '3.20.0' ],
13 silly audit   elkjs: [ '0.11.1' ],
13 silly audit   empathic: [ '2.0.0' ],
13 silly audit   'env-paths': [ '3.0.0' ],
13 silly audit   exsolve: [ '1.1.1' ],
13 silly audit   'fast-check': [ '3.23.2' ],
13 silly audit   'fast-decode-uri-component': [ '1.0.1' ],
13 silly audit   'fast-deep-equal': [ '3.1.3' ],
13 silly audit   'fast-querystring': [ '1.1.2' ],
13 silly audit   'fast-uri': [ '3.1.8' ],
13 silly audit   'find-my-way': [ '9.7.0' ],
13 silly audit   'foreground-child': [ '3.3.1' ],
13 silly audit   'generate-function': [ '2.3.1' ],
13 silly audit   'get-port-please': [ '3.2.0' ],
13 silly audit   giget: [ '3.3.1' ],
13 silly audit   'graceful-fs': [ '4.2.11' ],
13 silly audit   grammex: [ '3.1.13' ],
13 silly audit   graphmatch: [ '1.1.1' ],
13 silly audit   'iconv-lite': [ '0.7.3' ],
13 silly audit   internmap: [ '2.0.3' ],
13 silly audit   'is-property': [ '1.0.2' ],
13 silly audit   isexe: [ '2.0.0' ],
13 silly audit   jiti: [ '2.7.0' ],
13 silly audit   jose: [ '4.15.9' ],
13 silly audit   lodash: [ '4.18.1' ],
13 silly audit   long: [ '5.3.2' ],
13 silly audit   'lru-cache': [ '6.0.0' ],
13 silly audit   'lru.min': [ '1.1.5' ],
13 silly audit   mysql2: [ '3.15.3' ],
13 silly audit   'named-placeholders': [ '1.1.6' ],
13 silly audit   nanoid: [ '3.3.19' ],
13 silly audit   next: [ '16.3.6' ],
13 silly audit   'next-auth': [ '4.24.15' ],
13 silly audit   postcss: [ '8.5.23' ],
13 silly audit   oauth: [ '0.9.15' ],
13 silly audit   'object-hash': [ '2.2.0' ],
13 silly audit   ohash: [ '2.0.12' ],
13 silly audit   'oidc-token-hash': [ '5.2.0' ],
13 silly audit   'openid-client': [ '5.7.1' ],
13 silly audit   yallist: [ '4.0.0' ],
13 silly audit   'path-key': [ '3.1.1' ],
13 silly audit   pathe: [ '2.0.3' ],
13 silly audit   'perfect-debounce': [ '2.1.0' ],
13 silly audit   pg: [ '8.23.0' ],
13 silly audit   'pg-cloudflare': [ '1.4.0' ],
13 silly audit   'pg-connection-string': [ '2.14.0' ],
13 silly audit   'pg-int8': [ '1.0.1' ],
13 silly audit   'pg-pool': [ '3.14.0' ],
13 silly audit   'pg-protocol': [ '1.16.0' ],
13 silly audit   'pg-types': [ '2.2.0' ],
13 silly audit   'postgres-array': [ '2.0.0', '3.0.4' ],
13 silly audit   pgpass: [ '1.0.5' ],
13 silly audit   picocolors: [ '1.1.1' ],
13 silly audit   'pkg-types': [ '2.3.3' ],
13 silly audit   postgres: [ '3.4.7' ],
13 silly audit   'postgres-bytea': [ '1.0.1' ],
13 silly audit   'postgres-date': [ '1.0.7' ],
13 silly audit   'postgres-interval': [ '1.2.0' ],
13 silly audit   preact: [ '10.29.8' ],
13 silly audit   'preact-render-to-string': [ '5.2.6' ],
13 silly audit   'pretty-format': [ '3.8.0' ],
13 silly audit   prisma: [ '7.10.0' ],
13 silly audit   'proper-lockfile': [ '4.1.2' ],
13 silly audit   'signal-exit': [ '3.0.7', '4.1.0' ],
13 silly audit   'pure-rand': [ '6.1.0' ],
13 silly audit   rc9: [ '3.1.0' ],
13 silly audit   react: [ '19.2.8' ],
13 silly audit   'react-dom': [ '19.2.8' ],
13 silly audit   readdirp: [ '5.1.1' ],
13 silly audit   remeda: [ '2.33.4' ],
13 silly audit   'require-from-string': [ '2.0.2' ],
13 silly audit   ret: [ '0.5.0' ],
13 silly audit   retry: [ '0.12.0' ],
13 silly audit   'robust-predicates': [ '3.0.3' ],
13 silly audit   'safe-regex2': [ '5.1.1' ],
13 silly audit   'safer-buffer': [ '2.1.2' ],
13 silly audit   scheduler: [ '0.27.0' ],
13 silly audit   'seq-queue': [ '0.0.5' ],
13 silly audit   sharp: [ '0.35.4' ],
13 silly audit   'shebang-command': [ '2.0.0' ],
13 silly audit   'shebang-regex': [ '3.0.0' ],
13 silly audit   'source-map-js': [ '1.2.1' ],
13 silly audit   split2: [ '4.2.0' ],
13 silly audit   sqlstring: [ '2.3.3' ],
13 silly audit   'std-env': [ '3.10.0' ],
13 silly audit   'styled-jsx': [ '5.1.6' ],
13 silly audit   tslib: [ '2.8.1' ],
13 silly audit   typescript: [ '5.9.3' ],
13 silly audit   'undici-types': [ '6.21.0' ],
13 silly audit   uuid: [ '11.1.1' ],
13 silly audit   valibot: [ '1.4.2' ],
13 silly audit   which: [ '2.0.2' ],
13 silly audit   xtend: [ '4.0.2' ],
13 silly audit   zeptomatch: [ '2.1.0' ],
13 silly audit   zod: [ '4.6.5' ]
13 silly audit }
14 verbose audit error FetchError: request to https://registry.npmjs.org/-/npm/v1/security/advisories/bulk failed, reason: 
14 verbose audit error     at ClientRequest.<anonymous> (C:\Program Files\nodejs\node_modules\npm\node_modules\minipass-fetch\lib\index.js:130:14)
14 verbose audit error     at ClientRequest.emit (node:events:509:20)
14 verbose audit error     at emitErrorEvent (node:_http_client:109:11)
14 verbose audit error     at _destroy (node:_http_client:993:9)
14 verbose audit error     at onSocketNT (node:_http_client:1013:5)
14 verbose audit error     at process.processTicksAndRejections (node:internal/process/task_queues:91:21) {
14 verbose audit error   code: 'EACCES',
14 verbose audit error   errno: 'EACCES',
14 verbose audit error   type: 'system'
14 verbose audit error }
15 silly audit error undefined
16 silly audit report null
17 warn audit request to https://registry.npmjs.org/-/npm/v1/security/advisories/bulk failed, reason: 
18 error audit endpoint returned an error
19 verbose cwd C:\Users\Admin\Desktop\nexaservice
20 verbose os Windows_NT 10.0.26200
21 verbose node v25.9.0
22 verbose npm  v11.12.1
23 verbose exit 1
24 verbose code 1
25 error A complete log of this run can be found in: C:\Users\Admin\Desktop\nexaservice\.npm-cache\_logs\2026-09-23T11_26_46_905Z-debug-0.log
