0 verbose cli C:\Program Files\nodejs\node.exe C:\Program Files\nodejs\node_modules\npm\bin\npm-cli.js
1 info using npm@11.12.1
2 info using node@v25.9.0
3 silly config load:file:C:\Program Files\nodejs\node_modules\npm\npmrc
4 silly config load:file:C:\Users\Admin\Desktop\nexaservice\.npmrc
5 silly config load:file:C:\Users\Admin\.npmrc
6 silly config load:file:C:\Users\Admin\AppData\Roaming\npm\etc\npmrc
7 verbose title npm install vitest tsx
8 verbose argv "install" "--save-dev" "vitest" "tsx" "--cache" ".npm-cache" "--fetch-retries" "1" "--fetch-timeout" "30000"
9 verbose logfile logs-max:10 dir:C:\Users\Admin\Desktop\nexaservice\.npm-cache\_logs\2026-09-23T11_22_40_216Z-
10 verbose logfile C:\Users\Admin\Desktop\nexaservice\.npm-cache\_logs\2026-09-23T11_22_40_216Z-debug-0.log
11 silly logfile done cleaning log files
12 silly packumentCache heap:2348810240 maxSize:587202560 maxEntrySize:293601280
13 silly idealTree buildDeps
14 silly fetch manifest vitest@*
15 silly packumentCache full:https://registry.npmjs.org/vitest cache-miss
16 http fetch GET 200 https://registry.npmjs.org/vitest 1696ms (cache miss)
17 silly packumentCache full:https://registry.npmjs.org/vitest set size:undefined disposed:false
18 silly fetch manifest @edge-runtime/vm@*
19 silly packumentCache full:https://registry.npmjs.org/@edge-runtime%2fvm cache-miss
20 http fetch GET 200 https://registry.npmjs.org/@edge-runtime%2fvm 299ms (cache miss)
21 silly packumentCache full:https://registry.npmjs.org/@edge-runtime%2fvm set size:undefined disposed:false
22 silly fetch manifest @opentelemetry/api@^1.9.0
23 silly packumentCache full:https://registry.npmjs.org/@opentelemetry%2fapi cache-miss
24 http cache https://registry.npmjs.org/@opentelemetry%2fapi 14ms (cache hit)
25 silly packumentCache full:https://registry.npmjs.org/@opentelemetry%2fapi set size:272967 disposed:false
26 silly fetch manifest @types/node@^20
27 silly packumentCache full:https://registry.npmjs.org/@types%2fnode cache-miss
28 http fetch GET 200 https://registry.npmjs.org/@types%2fnode 1435ms (cache miss)
29 silly packumentCache full:https://registry.npmjs.org/@types%2fnode set size:undefined disposed:false
30 silly fetch manifest @vitest/browser-playwright@4.1.11
31 silly packumentCache full:https://registry.npmjs.org/@vitest%2fbrowser-playwright cache-miss
32 http fetch GET 200 https://registry.npmjs.org/@vitest%2fbrowser-playwright 322ms (cache miss)
33 silly packumentCache full:https://registry.npmjs.org/@vitest%2fbrowser-playwright set size:undefined disposed:false
34 silly fetch manifest playwright@*
35 silly packumentCache full:https://registry.npmjs.org/playwright cache-miss
36 http fetch GET 200 https://registry.npmjs.org/playwright 4293ms (cache miss)
37 silly packumentCache full:https://registry.npmjs.org/playwright set size:undefined disposed:false
38 silly fetch manifest @vitest/browser-preview@4.1.11
39 silly packumentCache full:https://registry.npmjs.org/@vitest%2fbrowser-preview cache-miss
40 http fetch GET 200 https://registry.npmjs.org/@vitest%2fbrowser-preview 235ms (cache miss)
41 silly packumentCache full:https://registry.npmjs.org/@vitest%2fbrowser-preview set size:undefined disposed:false
42 silly fetch manifest @vitest/browser-webdriverio@4.1.11
43 silly packumentCache full:https://registry.npmjs.org/@vitest%2fbrowser-webdriverio cache-miss
44 http fetch GET 200 https://registry.npmjs.org/@vitest%2fbrowser-webdriverio 493ms (cache miss)
45 silly packumentCache full:https://registry.npmjs.org/@vitest%2fbrowser-webdriverio set size:undefined disposed:false
46 silly fetch manifest webdriverio@*
47 silly packumentCache full:https://registry.npmjs.org/webdriverio cache-miss
48 http fetch GET 200 https://registry.npmjs.org/webdriverio 1782ms (cache miss)
49 silly packumentCache full:https://registry.npmjs.org/webdriverio set size:undefined disposed:false
50 silly fetch manifest puppeteer-core@>=22.x <=24.x
51 silly packumentCache full:https://registry.npmjs.org/puppeteer-core cache-miss
52 http fetch GET 200 https://registry.npmjs.org/puppeteer-core 643ms (cache miss)
53 silly packumentCache full:https://registry.npmjs.org/puppeteer-core set size:undefined disposed:false
54 silly fetch manifest @vitest/coverage-istanbul@4.1.11
55 silly packumentCache full:https://registry.npmjs.org/@vitest%2fcoverage-istanbul cache-miss
56 http fetch GET 200 https://registry.npmjs.org/@vitest%2fcoverage-istanbul 362ms (cache miss)
57 silly packumentCache full:https://registry.npmjs.org/@vitest%2fcoverage-istanbul set size:undefined disposed:false
58 silly fetch manifest @vitest/coverage-v8@4.1.11
59 silly packumentCache full:https://registry.npmjs.org/@vitest%2fcoverage-v8 cache-miss
60 http fetch GET 200 https://registry.npmjs.org/@vitest%2fcoverage-v8 288ms (cache miss)
61 silly packumentCache full:https://registry.npmjs.org/@vitest%2fcoverage-v8 set size:undefined disposed:false
62 silly fetch manifest @vitest/browser@4.1.11
63 silly packumentCache full:https://registry.npmjs.org/@vitest%2fbrowser cache-miss
64 http fetch GET 200 https://registry.npmjs.org/@vitest%2fbrowser 373ms (cache miss)
65 silly packumentCache full:https://registry.npmjs.org/@vitest%2fbrowser set size:undefined disposed:false
66 silly fetch manifest @vitest/ui@4.1.11
67 silly packumentCache full:https://registry.npmjs.org/@vitest%2fui cache-miss
68 http fetch GET 200 https://registry.npmjs.org/@vitest%2fui 837ms (cache miss)
69 silly packumentCache full:https://registry.npmjs.org/@vitest%2fui set size:undefined disposed:false
70 silly fetch manifest happy-dom@*
71 silly packumentCache full:https://registry.npmjs.org/happy-dom cache-miss
72 http fetch GET 200 https://registry.npmjs.org/happy-dom 1501ms (cache miss)
73 silly packumentCache full:https://registry.npmjs.org/happy-dom set size:undefined disposed:false
74 silly fetch manifest jsdom@*
75 silly packumentCache full:https://registry.npmjs.org/jsdom cache-miss
76 http fetch GET 200 https://registry.npmjs.org/jsdom 514ms (cache miss)
77 silly packumentCache full:https://registry.npmjs.org/jsdom set size:undefined disposed:false
78 silly fetch manifest canvas@^3.0.0
79 silly packumentCache full:https://registry.npmjs.org/canvas cache-miss
80 http fetch GET 200 https://registry.npmjs.org/canvas 335ms (cache miss)
81 silly packumentCache full:https://registry.npmjs.org/canvas set size:undefined disposed:false
82 silly fetch manifest tsx@*
83 silly packumentCache full:https://registry.npmjs.org/tsx cache-miss
84 http fetch GET 200 https://registry.npmjs.org/tsx 346ms (cache miss)
85 silly packumentCache full:https://registry.npmjs.org/tsx set size:undefined disposed:false
86 silly placeDep ROOT tsx@4.23.15 OK for: nexaservice@0.1.0 want: *
87 silly placeDep ROOT vitest@4.1.11 OK for: nexaservice@0.1.0 want: *
88 silly fetch manifest esbuild@~0.28.0
89 silly packumentCache full:https://registry.npmjs.org/esbuild cache-miss
90 silly fetch manifest fsevents@~2.3.3
91 silly packumentCache full:https://registry.npmjs.org/fsevents cache-miss
92 silly fetch manifest obug@^2.1.1
93 silly packumentCache full:https://registry.npmjs.org/obug cache-miss
94 silly fetch manifest vite@^6.0.0 || ^7.0.0 || ^8.0.0
95 silly packumentCache full:https://registry.npmjs.org/vite cache-miss
96 silly fetch manifest std-env@^4.0.0-rc.1
97 silly packumentCache full:https://registry.npmjs.org/std-env cache-miss
98 silly fetch manifest tinyexec@^1.0.2
99 silly packumentCache full:https://registry.npmjs.org/tinyexec cache-miss
100 silly fetch manifest picomatch@^4.0.3
101 silly packumentCache full:https://registry.npmjs.org/picomatch cache-miss
102 http fetch GET 200 https://registry.npmjs.org/tinyexec 902ms (cache miss)
103 silly packumentCache full:https://registry.npmjs.org/tinyexec set size:undefined disposed:false
104 silly fetch manifest tinybench@^2.9.0
105 silly packumentCache full:https://registry.npmjs.org/tinybench cache-miss
106 http fetch GET 200 https://registry.npmjs.org/obug 929ms (cache miss)
107 silly packumentCache full:https://registry.npmjs.org/obug set size:undefined disposed:false
108 silly fetch manifest @vitest/spy@4.1.11
109 silly packumentCache full:https://registry.npmjs.org/@vitest%2fspy cache-miss
110 http fetch GET 200 https://registry.npmjs.org/fsevents 941ms (cache miss)
111 silly packumentCache full:https://registry.npmjs.org/fsevents set size:undefined disposed:false
112 silly fetch manifest expect-type@^1.3.0
113 silly packumentCache full:https://registry.npmjs.org/expect-type cache-miss
114 http fetch GET 200 https://registry.npmjs.org/std-env 948ms (cache miss)
115 silly packumentCache full:https://registry.npmjs.org/std-env set size:undefined disposed:false
116 silly fetch manifest tinyrainbow@^3.1.0
117 silly packumentCache full:https://registry.npmjs.org/tinyrainbow cache-miss
118 http fetch GET 200 https://registry.npmjs.org/picomatch 955ms (cache miss)
119 silly packumentCache full:https://registry.npmjs.org/picomatch set size:undefined disposed:false
120 silly fetch manifest @vitest/utils@4.1.11
121 silly packumentCache full:https://registry.npmjs.org/@vitest%2futils cache-miss
122 http fetch GET 200 https://registry.npmjs.org/esbuild 1079ms (cache miss)
123 silly packumentCache full:https://registry.npmjs.org/esbuild set size:undefined disposed:false
124 silly fetch manifest @vitest/expect@4.1.11
125 silly packumentCache full:https://registry.npmjs.org/@vitest%2fexpect cache-miss
126 http fetch GET 200 https://registry.npmjs.org/tinybench 263ms (cache miss)
127 silly packumentCache full:https://registry.npmjs.org/tinybench set size:undefined disposed:false
128 silly fetch manifest @vitest/mocker@4.1.11
129 silly packumentCache full:https://registry.npmjs.org/@vitest%2fmocker cache-miss
130 http fetch GET 200 https://registry.npmjs.org/tinyrainbow 262ms (cache miss)
131 silly packumentCache full:https://registry.npmjs.org/tinyrainbow set size:undefined disposed:false
132 silly fetch manifest @vitest/runner@4.1.11
133 silly packumentCache full:https://registry.npmjs.org/@vitest%2frunner cache-miss
134 http fetch GET 200 https://registry.npmjs.org/expect-type 330ms (cache miss)
135 silly packumentCache full:https://registry.npmjs.org/expect-type set size:undefined disposed:false
136 silly fetch manifest es-module-lexer@^2.0.0
137 silly packumentCache full:https://registry.npmjs.org/es-module-lexer cache-miss
138 http fetch GET 200 https://registry.npmjs.org/@vitest%2fspy 637ms (cache miss)
139 silly packumentCache full:https://registry.npmjs.org/@vitest%2fspy set size:undefined disposed:false
140 silly fetch manifest @vitest/snapshot@4.1.11
141 silly packumentCache full:https://registry.npmjs.org/@vitest%2fsnapshot cache-miss
142 http fetch GET 200 https://registry.npmjs.org/@vitest%2futils 656ms (cache miss)
143 silly packumentCache full:https://registry.npmjs.org/@vitest%2futils set size:undefined disposed:false
144 silly fetch manifest why-is-node-running@^2.3.0
145 silly packumentCache full:https://registry.npmjs.org/why-is-node-running cache-miss
146 http fetch GET 200 https://registry.npmjs.org/@vitest%2fmocker 540ms (cache miss)
147 silly packumentCache full:https://registry.npmjs.org/@vitest%2fmocker set size:undefined disposed:false
148 silly fetch manifest @vitest/pretty-format@4.1.11
149 silly packumentCache full:https://registry.npmjs.org/@vitest%2fpretty-format cache-miss
150 http fetch GET 200 https://registry.npmjs.org/@vitest%2fexpect 641ms (cache miss)
151 silly packumentCache full:https://registry.npmjs.org/@vitest%2fexpect set size:undefined disposed:false
152 http fetch GET 200 https://registry.npmjs.org/es-module-lexer 541ms (cache miss)
153 silly packumentCache full:https://registry.npmjs.org/es-module-lexer set size:undefined disposed:false
154 http fetch GET 200 https://registry.npmjs.org/why-is-node-running 260ms (cache miss)
155 silly packumentCache full:https://registry.npmjs.org/why-is-node-running set size:undefined disposed:false
156 http fetch GET 200 https://registry.npmjs.org/@vitest%2frunner 675ms (cache miss)
157 silly packumentCache full:https://registry.npmjs.org/@vitest%2frunner set size:undefined disposed:false
158 http fetch GET 200 https://registry.npmjs.org/@vitest%2fsnapshot 367ms (cache miss)
159 silly packumentCache full:https://registry.npmjs.org/@vitest%2fsnapshot set size:undefined disposed:false
160 http fetch GET 200 https://registry.npmjs.org/@vitest%2fpretty-format 407ms (cache miss)
161 silly packumentCache full:https://registry.npmjs.org/@vitest%2fpretty-format set size:undefined disposed:false
162 http fetch GET 200 https://registry.npmjs.org/vite 6461ms (cache miss)
163 silly packumentCache full:https://registry.npmjs.org/vite set size:undefined disposed:false
164 silly placeDep ROOT esbuild@0.28.2 OK for: tsx@4.23.15 want: ~0.28.0
165 silly placeDep ROOT fsevents@2.3.3 OK for: tsx@4.23.15 want: ~2.3.3
166 silly fetch manifest @esbuild/aix-ppc64@0.28.2
167 silly packumentCache full:https://registry.npmjs.org/@esbuild%2faix-ppc64 cache-miss
168 silly fetch manifest @esbuild/linux-arm@0.28.2
169 silly packumentCache full:https://registry.npmjs.org/@esbuild%2flinux-arm cache-miss
170 silly fetch manifest @esbuild/linux-x64@0.28.2
171 silly packumentCache full:https://registry.npmjs.org/@esbuild%2flinux-x64 cache-miss
172 silly fetch manifest @esbuild/sunos-x64@0.28.2
173 silly packumentCache full:https://registry.npmjs.org/@esbuild%2fsunos-x64 cache-miss
174 silly fetch manifest @esbuild/win32-x64@0.28.2
175 silly packumentCache full:https://registry.npmjs.org/@esbuild%2fwin32-x64 cache-miss
176 silly fetch manifest @esbuild/darwin-x64@0.28.2
177 silly packumentCache full:https://registry.npmjs.org/@esbuild%2fdarwin-x64 cache-miss
178 silly fetch manifest @esbuild/linux-ia32@0.28.2
179 silly packumentCache full:https://registry.npmjs.org/@esbuild%2flinux-ia32 cache-miss
180 http fetch GET 200 https://registry.npmjs.org/@esbuild%2faix-ppc64 421ms (cache miss)
181 silly packumentCache full:https://registry.npmjs.org/@esbuild%2faix-ppc64 set size:undefined disposed:false
182 silly fetch manifest @esbuild/netbsd-x64@0.28.2
183 silly packumentCache full:https://registry.npmjs.org/@esbuild%2fnetbsd-x64 cache-miss
184 http fetch GET 200 https://registry.npmjs.org/@esbuild%2fwin32-x64 693ms (cache miss)
185 silly packumentCache full:https://registry.npmjs.org/@esbuild%2fwin32-x64 set size:undefined disposed:false
186 silly fetch manifest @esbuild/win32-ia32@0.28.2
187 silly packumentCache full:https://registry.npmjs.org/@esbuild%2fwin32-ia32 cache-miss
188 http fetch GET 200 https://registry.npmjs.org/@esbuild%2flinux-arm 704ms (cache miss)
189 silly packumentCache full:https://registry.npmjs.org/@esbuild%2flinux-arm set size:undefined disposed:false
190 silly fetch manifest @esbuild/android-arm@0.28.2
191 silly packumentCache full:https://registry.npmjs.org/@esbuild%2fandroid-arm cache-miss
192 http fetch GET 200 https://registry.npmjs.org/@esbuild%2flinux-x64 709ms (cache miss)
193 silly packumentCache full:https://registry.npmjs.org/@esbuild%2flinux-x64 set size:undefined disposed:false
194 silly fetch manifest @esbuild/android-x64@0.28.2
195 silly packumentCache full:https://registry.npmjs.org/@esbuild%2fandroid-x64 cache-miss
196 http fetch GET 200 https://registry.npmjs.org/@esbuild%2fsunos-x64 717ms (cache miss)
197 silly packumentCache full:https://registry.npmjs.org/@esbuild%2fsunos-x64 set size:undefined disposed:false
198 silly fetch manifest @esbuild/freebsd-x64@0.28.2
199 silly packumentCache full:https://registry.npmjs.org/@esbuild%2ffreebsd-x64 cache-miss
200 http fetch GET 200 https://registry.npmjs.org/@esbuild%2flinux-ia32 719ms (cache miss)
201 silly packumentCache full:https://registry.npmjs.org/@esbuild%2flinux-ia32 set size:undefined disposed:false
202 silly fetch manifest @esbuild/linux-arm64@0.28.2
203 silly packumentCache full:https://registry.npmjs.org/@esbuild%2flinux-arm64 cache-miss
204 http fetch GET 200 https://registry.npmjs.org/@esbuild%2fdarwin-x64 727ms (cache miss)
205 silly packumentCache full:https://registry.npmjs.org/@esbuild%2fdarwin-x64 set size:undefined disposed:false
206 silly fetch manifest @esbuild/linux-ppc64@0.28.2
207 silly packumentCache full:https://registry.npmjs.org/@esbuild%2flinux-ppc64 cache-miss
208 http fetch GET 200 https://registry.npmjs.org/@esbuild%2fnetbsd-x64 329ms (cache miss)
209 silly packumentCache full:https://registry.npmjs.org/@esbuild%2fnetbsd-x64 set size:undefined disposed:false
210 silly fetch manifest @esbuild/linux-s390x@0.28.2
211 silly packumentCache full:https://registry.npmjs.org/@esbuild%2flinux-s390x cache-miss
212 http fetch GET 200 https://registry.npmjs.org/@esbuild%2fwin32-ia32 740ms (cache miss)
213 silly packumentCache full:https://registry.npmjs.org/@esbuild%2fwin32-ia32 set size:undefined disposed:false
214 silly fetch manifest @esbuild/openbsd-x64@0.28.2
215 silly packumentCache full:https://registry.npmjs.org/@esbuild%2fopenbsd-x64 cache-miss
216 http fetch GET 200 https://registry.npmjs.org/@esbuild%2fandroid-arm 788ms (cache miss)
217 silly packumentCache full:https://registry.npmjs.org/@esbuild%2fandroid-arm set size:undefined disposed:false
218 silly fetch manifest @esbuild/win32-arm64@0.28.2
219 silly packumentCache full:https://registry.npmjs.org/@esbuild%2fwin32-arm64 cache-miss
220 http fetch GET 200 https://registry.npmjs.org/@esbuild%2flinux-ppc64 778ms (cache miss)
221 silly packumentCache full:https://registry.npmjs.org/@esbuild%2flinux-ppc64 set size:undefined disposed:false
222 silly fetch manifest @esbuild/darwin-arm64@0.28.2
223 silly packumentCache full:https://registry.npmjs.org/@esbuild%2fdarwin-arm64 cache-miss
224 http fetch GET 200 https://registry.npmjs.org/@esbuild%2ffreebsd-x64 794ms (cache miss)
225 silly packumentCache full:https://registry.npmjs.org/@esbuild%2ffreebsd-x64 set size:undefined disposed:false
226 silly fetch manifest @esbuild/netbsd-arm64@0.28.2
227 silly packumentCache full:https://registry.npmjs.org/@esbuild%2fnetbsd-arm64 cache-miss
228 http fetch GET 200 https://registry.npmjs.org/@esbuild%2flinux-arm64 859ms (cache miss)
229 silly packumentCache full:https://registry.npmjs.org/@esbuild%2flinux-arm64 set size:undefined disposed:false
230 silly fetch manifest @esbuild/android-arm64@0.28.2
231 silly packumentCache full:https://registry.npmjs.org/@esbuild%2fandroid-arm64 cache-miss
232 http fetch GET 200 https://registry.npmjs.org/@esbuild%2fandroid-x64 879ms (cache miss)
233 silly packumentCache full:https://registry.npmjs.org/@esbuild%2fandroid-x64 set size:undefined disposed:false
234 silly fetch manifest @esbuild/freebsd-arm64@0.28.2
235 silly packumentCache full:https://registry.npmjs.org/@esbuild%2ffreebsd-arm64 cache-miss
236 http fetch GET 200 https://registry.npmjs.org/@esbuild%2flinux-s390x 840ms (cache miss)
237 silly packumentCache full:https://registry.npmjs.org/@esbuild%2flinux-s390x set size:undefined disposed:false
238 silly fetch manifest @esbuild/linux-loong64@0.28.2
239 silly packumentCache full:https://registry.npmjs.org/@esbuild%2flinux-loong64 cache-miss
240 http fetch GET 200 https://registry.npmjs.org/@esbuild%2fopenbsd-x64 346ms (cache miss)
241 silly packumentCache full:https://registry.npmjs.org/@esbuild%2fopenbsd-x64 set size:undefined disposed:false
242 silly fetch manifest @esbuild/linux-riscv64@0.28.2
243 silly packumentCache full:https://registry.npmjs.org/@esbuild%2flinux-riscv64 cache-miss
244 http fetch GET 200 https://registry.npmjs.org/@esbuild%2fnetbsd-arm64 287ms (cache miss)
245 silly packumentCache full:https://registry.npmjs.org/@esbuild%2fnetbsd-arm64 set size:undefined disposed:false
246 silly fetch manifest @esbuild/openbsd-arm64@0.28.2
247 silly packumentCache full:https://registry.npmjs.org/@esbuild%2fopenbsd-arm64 cache-miss
248 http fetch GET 200 https://registry.npmjs.org/@esbuild%2fwin32-arm64 334ms (cache miss)
249 silly packumentCache full:https://registry.npmjs.org/@esbuild%2fwin32-arm64 set size:undefined disposed:false
250 silly fetch manifest @esbuild/linux-mips64el@0.28.2
251 silly packumentCache full:https://registry.npmjs.org/@esbuild%2flinux-mips64el cache-miss
252 http fetch GET 200 https://registry.npmjs.org/@esbuild%2fdarwin-arm64 385ms (cache miss)
253 silly packumentCache full:https://registry.npmjs.org/@esbuild%2fdarwin-arm64 set size:undefined disposed:false
254 silly fetch manifest @esbuild/openharmony-arm64@0.28.2
255 silly packumentCache full:https://registry.npmjs.org/@esbuild%2fopenharmony-arm64 cache-miss
256 http fetch GET 200 https://registry.npmjs.org/@esbuild%2fandroid-arm64 321ms (cache miss)
257 silly packumentCache full:https://registry.npmjs.org/@esbuild%2fandroid-arm64 set size:undefined disposed:false
258 http fetch GET 200 https://registry.npmjs.org/@esbuild%2ffreebsd-arm64 325ms (cache miss)
259 silly packumentCache full:https://registry.npmjs.org/@esbuild%2ffreebsd-arm64 set size:undefined disposed:false
260 http fetch GET 200 https://registry.npmjs.org/@esbuild%2flinux-loong64 393ms (cache miss)
261 silly packumentCache full:https://registry.npmjs.org/@esbuild%2flinux-loong64 set size:undefined disposed:false
262 http fetch GET 200 https://registry.npmjs.org/@esbuild%2flinux-riscv64 300ms (cache miss)
263 silly packumentCache full:https://registry.npmjs.org/@esbuild%2flinux-riscv64 set size:undefined disposed:false
264 http fetch GET 200 https://registry.npmjs.org/@esbuild%2fopenbsd-arm64 293ms (cache miss)
265 silly packumentCache full:https://registry.npmjs.org/@esbuild%2fopenbsd-arm64 set size:undefined disposed:false
266 http fetch GET 200 https://registry.npmjs.org/@esbuild%2fopenharmony-arm64 255ms (cache miss)
267 silly packumentCache full:https://registry.npmjs.org/@esbuild%2fopenharmony-arm64 set size:undefined disposed:false
268 http fetch GET 200 https://registry.npmjs.org/@esbuild%2flinux-mips64el 330ms (cache miss)
269 silly packumentCache full:https://registry.npmjs.org/@esbuild%2flinux-mips64el set size:undefined disposed:false
270 silly placeDep ROOT @esbuild/aix-ppc64@0.28.2 OK for: esbuild@0.28.2 want: 0.28.2
271 silly placeDep ROOT @esbuild/android-arm@0.28.2 OK for: esbuild@0.28.2 want: 0.28.2
272 silly placeDep ROOT @esbuild/android-arm64@0.28.2 OK for: esbuild@0.28.2 want: 0.28.2
273 silly placeDep ROOT @esbuild/android-x64@0.28.2 OK for: esbuild@0.28.2 want: 0.28.2
274 silly placeDep ROOT @esbuild/darwin-arm64@0.28.2 OK for: esbuild@0.28.2 want: 0.28.2
275 silly placeDep ROOT @esbuild/darwin-x64@0.28.2 OK for: esbuild@0.28.2 want: 0.28.2
276 silly placeDep ROOT @esbuild/freebsd-arm64@0.28.2 OK for: esbuild@0.28.2 want: 0.28.2
277 silly placeDep ROOT @esbuild/freebsd-x64@0.28.2 OK for: esbuild@0.28.2 want: 0.28.2
278 silly placeDep ROOT @esbuild/linux-arm@0.28.2 OK for: esbuild@0.28.2 want: 0.28.2
279 silly placeDep ROOT @esbuild/linux-arm64@0.28.2 OK for: esbuild@0.28.2 want: 0.28.2
280 silly placeDep ROOT @esbuild/linux-ia32@0.28.2 OK for: esbuild@0.28.2 want: 0.28.2
281 silly placeDep ROOT @esbuild/linux-loong64@0.28.2 OK for: esbuild@0.28.2 want: 0.28.2
282 silly placeDep ROOT @esbuild/linux-mips64el@0.28.2 OK for: esbuild@0.28.2 want: 0.28.2
283 silly placeDep ROOT @esbuild/linux-ppc64@0.28.2 OK for: esbuild@0.28.2 want: 0.28.2
284 silly placeDep ROOT @esbuild/linux-riscv64@0.28.2 OK for: esbuild@0.28.2 want: 0.28.2
285 silly placeDep ROOT @esbuild/linux-s390x@0.28.2 OK for: esbuild@0.28.2 want: 0.28.2
286 silly placeDep ROOT @esbuild/linux-x64@0.28.2 OK for: esbuild@0.28.2 want: 0.28.2
287 silly placeDep ROOT @esbuild/netbsd-arm64@0.28.2 OK for: esbuild@0.28.2 want: 0.28.2
288 silly placeDep ROOT @esbuild/netbsd-x64@0.28.2 OK for: esbuild@0.28.2 want: 0.28.2
289 silly placeDep ROOT @esbuild/openbsd-arm64@0.28.2 OK for: esbuild@0.28.2 want: 0.28.2
290 silly placeDep ROOT @esbuild/openbsd-x64@0.28.2 OK for: esbuild@0.28.2 want: 0.28.2
291 silly placeDep ROOT @esbuild/openharmony-arm64@0.28.2 OK for: esbuild@0.28.2 want: 0.28.2
292 silly placeDep ROOT @esbuild/sunos-x64@0.28.2 OK for: esbuild@0.28.2 want: 0.28.2
293 silly placeDep ROOT @esbuild/win32-arm64@0.28.2 OK for: esbuild@0.28.2 want: 0.28.2
294 silly placeDep ROOT @esbuild/win32-ia32@0.28.2 OK for: esbuild@0.28.2 want: 0.28.2
295 silly placeDep ROOT @esbuild/win32-x64@0.28.2 OK for: esbuild@0.28.2 want: 0.28.2
296 silly fetch manifest @types/node@^20.0.0 || ^22.0.0 || >=24.0.0
297 silly packumentCache full:https://registry.npmjs.org/@types%2fnode cache-miss
298 http cache https://registry.npmjs.org/@types%2fnode 37ms (cache hit)
299 silly packumentCache full:https://registry.npmjs.org/@types%2fnode set size:11150508 disposed:false
300 silly fetch manifest @vitejs/devtools@^0.7.1
301 silly packumentCache full:https://registry.npmjs.org/@vitejs%2fdevtools cache-miss
302 http fetch GET 200 https://registry.npmjs.org/@vitejs%2fdevtools 279ms (cache miss)
303 silly packumentCache full:https://registry.npmjs.org/@vitejs%2fdevtools set size:undefined disposed:false
304 silly fetch manifest @vitejs/devtools-oxc@^0.7.5
305 silly packumentCache full:https://registry.npmjs.org/@vitejs%2fdevtools-oxc cache-miss
306 http fetch GET 200 https://registry.npmjs.org/@vitejs%2fdevtools-oxc 266ms (cache miss)
307 silly packumentCache full:https://registry.npmjs.org/@vitejs%2fdevtools-oxc set size:undefined disposed:false
308 silly fetch manifest @vitejs/devtools-rolldown@^0.7.5
309 silly packumentCache full:https://registry.npmjs.org/@vitejs%2fdevtools-rolldown cache-miss
310 http fetch GET 200 https://registry.npmjs.org/@vitejs%2fdevtools-rolldown 299ms (cache miss)
311 silly packumentCache full:https://registry.npmjs.org/@vitejs%2fdevtools-rolldown set size:undefined disposed:false
312 silly fetch manifest @vitejs/devtools-vite@^0.7.5
313 silly packumentCache full:https://registry.npmjs.org/@vitejs%2fdevtools-vite cache-miss
314 http fetch GET 200 https://registry.npmjs.org/@vitejs%2fdevtools-vite 255ms (cache miss)
315 silly packumentCache full:https://registry.npmjs.org/@vitejs%2fdevtools-vite set size:undefined disposed:false
316 silly fetch manifest @vitejs/devtools-vitest@^0.7.5
317 silly packumentCache full:https://registry.npmjs.org/@vitejs%2fdevtools-vitest cache-miss
318 http fetch GET 200 https://registry.npmjs.org/@vitejs%2fdevtools-vitest 217ms (cache miss)
319 silly packumentCache full:https://registry.npmjs.org/@vitejs%2fdevtools-vitest set size:undefined disposed:false
320 silly fetch manifest esbuild@^0.27.0 || ^0.28.0
321 silly packumentCache full:https://registry.npmjs.org/esbuild cache-miss
322 http cache https://registry.npmjs.org/esbuild 8ms (cache hit)
323 silly packumentCache full:https://registry.npmjs.org/esbuild set size:1264676 disposed:false
324 silly fetch manifest jiti@>=1.21.0
325 silly packumentCache full:https://registry.npmjs.org/jiti cache-miss
326 http fetch GET 200 https://registry.npmjs.org/jiti 320ms (cache miss)
327 silly packumentCache full:https://registry.npmjs.org/jiti set size:undefined disposed:false
328 silly fetch manifest less@^4.0.0
329 silly packumentCache full:https://registry.npmjs.org/less cache-miss
330 http fetch GET 200 https://registry.npmjs.org/less 312ms (cache miss)
331 silly packumentCache full:https://registry.npmjs.org/less set size:undefined disposed:false
332 silly fetch manifest sass@^1.70.0
333 silly packumentCache full:https://registry.npmjs.org/sass cache-miss
334 http cache https://registry.npmjs.org/sass 19ms (cache hit)
335 silly packumentCache full:https://registry.npmjs.org/sass set size:754556 disposed:false
336 silly fetch manifest sass-embedded@^1.70.0
337 silly packumentCache full:https://registry.npmjs.org/sass-embedded cache-miss
338 http fetch GET 200 https://registry.npmjs.org/sass-embedded 317ms (cache miss)
339 silly packumentCache full:https://registry.npmjs.org/sass-embedded set size:undefined disposed:false
340 silly fetch manifest stylus@>=0.54.8
341 silly packumentCache full:https://registry.npmjs.org/stylus cache-miss
342 http fetch GET 200 https://registry.npmjs.org/stylus 472ms (cache miss)
343 silly packumentCache full:https://registry.npmjs.org/stylus set size:undefined disposed:false
344 silly fetch manifest sugarss@^5.0.0
345 silly packumentCache full:https://registry.npmjs.org/sugarss cache-miss
346 http fetch GET 200 https://registry.npmjs.org/sugarss 223ms (cache miss)
347 silly packumentCache full:https://registry.npmjs.org/sugarss set size:undefined disposed:false
348 silly fetch manifest postcss@^8.3.3
349 silly packumentCache full:https://registry.npmjs.org/postcss cache-miss
350 http fetch GET 200 https://registry.npmjs.org/postcss 438ms (cache miss)
351 silly packumentCache full:https://registry.npmjs.org/postcss set size:undefined disposed:false
352 silly fetch manifest terser@^5.16.0
353 silly packumentCache full:https://registry.npmjs.org/terser cache-miss
354 http fetch GET 200 https://registry.npmjs.org/terser 623ms (cache miss)
355 silly packumentCache full:https://registry.npmjs.org/terser set size:undefined disposed:false
356 silly fetch manifest tsx@^4.8.1
357 silly packumentCache full:https://registry.npmjs.org/tsx cache-miss
358 http cache https://registry.npmjs.org/tsx 7ms (cache hit)
359 silly packumentCache full:https://registry.npmjs.org/tsx set size:349770 disposed:false
360 silly fetch manifest yaml@^2.4.2
361 silly packumentCache full:https://registry.npmjs.org/yaml cache-miss
362 http fetch GET 200 https://registry.npmjs.org/yaml 322ms (cache miss)
363 silly packumentCache full:https://registry.npmjs.org/yaml set size:undefined disposed:false
364 silly fetch manifest msw@^2.4.9
365 silly packumentCache full:https://registry.npmjs.org/msw cache-miss
366 http fetch GET 200 https://registry.npmjs.org/msw 774ms (cache miss)
367 silly packumentCache full:https://registry.npmjs.org/msw set size:undefined disposed:false
368 silly fetch manifest typescript@>= 4.8.x
369 silly packumentCache full:https://registry.npmjs.org/typescript cache-miss
370 http fetch GET 200 https://registry.npmjs.org/typescript 3449ms (cache miss)
371 silly packumentCache full:https://registry.npmjs.org/typescript set size:undefined disposed:false
372 silly placeDep ROOT @vitest/expect@4.1.11 OK for: vitest@4.1.11 want: 4.1.11
373 silly placeDep ROOT @vitest/mocker@4.1.11 OK for: vitest@4.1.11 want: 4.1.11
374 silly placeDep ROOT @vitest/pretty-format@4.1.11 OK for: vitest@4.1.11 want: 4.1.11
375 silly placeDep ROOT @vitest/runner@4.1.11 OK for: vitest@4.1.11 want: 4.1.11
376 silly placeDep ROOT @vitest/snapshot@4.1.11 OK for: vitest@4.1.11 want: 4.1.11
377 silly placeDep ROOT @vitest/spy@4.1.11 OK for: vitest@4.1.11 want: 4.1.11
378 silly placeDep ROOT @vitest/utils@4.1.11 OK for: vitest@4.1.11 want: 4.1.11
379 silly placeDep ROOT es-module-lexer@2.3.2 OK for: vitest@4.1.11 want: ^2.0.0
380 silly placeDep ROOT expect-type@1.4.0 OK for: vitest@4.1.11 want: ^1.3.0
381 silly placeDep ROOT obug@2.2.1 OK for: vitest@4.1.11 want: ^2.1.1
382 silly placeDep node_modules/vitest picomatch@4.0.7 OK for: vitest@4.1.11 want: ^4.0.3
383 silly placeDep node_modules/vitest std-env@4.2.0 OK for: vitest@4.1.11 want: ^4.0.0-rc.1
384 silly placeDep ROOT tinybench@2.9.0 OK for: vitest@4.1.11 want: ^2.9.0
385 silly placeDep ROOT tinyexec@1.3.1 OK for: vitest@4.1.11 want: ^1.0.2
386 silly placeDep ROOT tinyrainbow@3.1.1 OK for: vitest@4.1.11 want: ^3.1.0
387 silly placeDep ROOT vite@8.3.0 OK for: vitest@4.1.11 want: ^6.0.0 || ^7.0.0 || ^8.0.0
388 silly placeDep ROOT why-is-node-running@2.3.0 OK for: vitest@4.1.11 want: ^2.3.0
389 silly fetch manifest chai@^6.2.2
390 silly packumentCache full:https://registry.npmjs.org/chai cache-miss
391 silly fetch manifest @types/chai@^5.2.2
392 silly packumentCache full:https://registry.npmjs.org/@types%2fchai cache-miss
393 silly fetch manifest estree-walker@^3.0.3
394 silly packumentCache full:https://registry.npmjs.org/estree-walker cache-miss
395 silly fetch manifest rolldown@~1.2.6
396 silly packumentCache full:https://registry.npmjs.org/rolldown cache-miss
397 silly fetch manifest picomatch@^4.0.7
398 silly packumentCache full:https://registry.npmjs.org/picomatch cache-miss
399 silly fetch manifest lightningcss@^1.33.0
400 silly packumentCache full:https://registry.npmjs.org/lightningcss cache-miss
401 silly fetch manifest siginfo@^2.0.0
402 silly packumentCache full:https://registry.npmjs.org/siginfo cache-miss
403 http cache https://registry.npmjs.org/picomatch 26ms (cache hit)
404 silly packumentCache full:https://registry.npmjs.org/picomatch set size:134451 disposed:false
405 silly fetch manifest stackback@0.0.2
406 silly packumentCache full:https://registry.npmjs.org/stackback cache-miss
407 http fetch GET 200 https://registry.npmjs.org/siginfo 227ms (cache miss)
408 silly packumentCache full:https://registry.npmjs.org/siginfo set size:undefined disposed:false
409 http fetch GET 200 https://registry.npmjs.org/stackback 274ms (cache miss)
410 silly packumentCache full:https://registry.npmjs.org/stackback set size:undefined disposed:false
411 http fetch GET 200 https://registry.npmjs.org/chai 433ms (cache miss)
412 silly packumentCache full:https://registry.npmjs.org/chai set size:undefined disposed:false
413 http fetch GET 200 https://registry.npmjs.org/lightningcss 440ms (cache miss)
414 silly packumentCache full:https://registry.npmjs.org/lightningcss set size:undefined disposed:false
415 http fetch GET 200 https://registry.npmjs.org/estree-walker 452ms (cache miss)
416 silly packumentCache full:https://registry.npmjs.org/estree-walker set size:undefined disposed:false
417 http fetch GET 200 https://registry.npmjs.org/@types%2fchai 824ms (cache miss)
418 silly packumentCache full:https://registry.npmjs.org/@types%2fchai set size:undefined disposed:false
419 http fetch GET 200 https://registry.npmjs.org/rolldown 964ms (cache miss)
420 silly packumentCache full:https://registry.npmjs.org/rolldown set size:undefined disposed:false
421 silly placeDep ROOT @types/chai@5.2.3 OK for: @vitest/expect@4.1.11 want: ^5.2.2
422 silly placeDep ROOT chai@6.2.2 OK for: @vitest/expect@4.1.11 want: ^6.2.2
423 silly fetch manifest @types/deep-eql@*
424 silly packumentCache full:https://registry.npmjs.org/@types%2fdeep-eql cache-miss
425 silly fetch manifest assertion-error@^2.0.1
426 silly packumentCache full:https://registry.npmjs.org/assertion-error cache-miss
427 http fetch GET 200 https://registry.npmjs.org/assertion-error 215ms (cache miss)
428 silly packumentCache full:https://registry.npmjs.org/assertion-error set size:undefined disposed:false
429 http fetch GET 200 https://registry.npmjs.org/@types%2fdeep-eql 225ms (cache miss)
430 silly packumentCache full:https://registry.npmjs.org/@types%2fdeep-eql set size:undefined disposed:false
431 silly placeDep ROOT @types/deep-eql@4.0.2 OK for: @types/chai@5.2.3 want: *
432 silly placeDep ROOT assertion-error@2.0.1 OK for: @types/chai@5.2.3 want: ^2.0.1
433 silly placeDep ROOT estree-walker@3.0.3 OK for: @vitest/mocker@4.1.11 want: ^3.0.3
434 silly placeDep node_modules/vite lightningcss@1.33.0 OK for: vite@8.3.0 want: ^1.33.0
435 silly placeDep node_modules/vite picomatch@4.0.7 OK for: vite@8.3.0 want: ^4.0.7
436 silly placeDep ROOT rolldown@1.2.9 OK for: vite@8.3.0 want: ~1.2.6
437 silly fetch manifest lightningcss-darwin-x64@1.33.0
438 silly packumentCache full:https://registry.npmjs.org/lightningcss-darwin-x64 cache-miss
439 silly fetch manifest lightningcss-linux-x64-gnu@1.33.0
440 silly packumentCache full:https://registry.npmjs.org/lightningcss-linux-x64-gnu cache-miss
441 silly fetch manifest lightningcss-win32-x64-msvc@1.33.0
442 silly packumentCache full:https://registry.npmjs.org/lightningcss-win32-x64-msvc cache-miss
443 silly fetch manifest lightningcss-win32-arm64-msvc@1.33.0
444 silly packumentCache full:https://registry.npmjs.org/lightningcss-win32-arm64-msvc cache-miss
445 silly fetch manifest lightningcss-darwin-arm64@1.33.0
446 silly packumentCache full:https://registry.npmjs.org/lightningcss-darwin-arm64 cache-miss
447 silly fetch manifest lightningcss-linux-arm64-gnu@1.33.0
448 silly packumentCache full:https://registry.npmjs.org/lightningcss-linux-arm64-gnu cache-miss
449 silly fetch manifest lightningcss-linux-arm-gnueabihf@1.33.0
450 silly packumentCache full:https://registry.npmjs.org/lightningcss-linux-arm-gnueabihf cache-miss
451 http fetch GET 200 https://registry.npmjs.org/lightningcss-linux-arm64-gnu 224ms (cache miss)
452 silly packumentCache full:https://registry.npmjs.org/lightningcss-linux-arm64-gnu set size:undefined disposed:false
453 silly fetch manifest lightningcss-linux-arm64-musl@1.33.0
454 silly packumentCache full:https://registry.npmjs.org/lightningcss-linux-arm64-musl cache-miss
455 http fetch GET 200 https://registry.npmjs.org/lightningcss-darwin-x64 252ms (cache miss)
456 silly packumentCache full:https://registry.npmjs.org/lightningcss-darwin-x64 set size:undefined disposed:false
457 silly fetch manifest lightningcss-linux-x64-musl@1.33.0
458 silly packumentCache full:https://registry.npmjs.org/lightningcss-linux-x64-musl cache-miss
459 http fetch GET 200 https://registry.npmjs.org/lightningcss-darwin-arm64 261ms (cache miss)
460 silly packumentCache full:https://registry.npmjs.org/lightningcss-darwin-arm64 set size:undefined disposed:false
461 silly fetch manifest lightningcss-freebsd-x64@1.33.0
462 silly packumentCache full:https://registry.npmjs.org/lightningcss-freebsd-x64 cache-miss
463 http fetch GET 200 https://registry.npmjs.org/lightningcss-linux-arm-gnueabihf 274ms (cache miss)
464 silly packumentCache full:https://registry.npmjs.org/lightningcss-linux-arm-gnueabihf set size:undefined disposed:false
465 silly fetch manifest lightningcss-android-arm64@1.33.0
466 silly packumentCache full:https://registry.npmjs.org/lightningcss-android-arm64 cache-miss
467 http fetch GET 200 https://registry.npmjs.org/lightningcss-win32-arm64-msvc 281ms (cache miss)
468 silly packumentCache full:https://registry.npmjs.org/lightningcss-win32-arm64-msvc set size:undefined disposed:false
469 silly fetch manifest @oxc-project/types@=0.150.0
470 silly packumentCache full:https://registry.npmjs.org/@oxc-project%2ftypes cache-miss
471 http fetch GET 200 https://registry.npmjs.org/lightningcss-linux-x64-gnu 288ms (cache miss)
472 silly packumentCache full:https://registry.npmjs.org/lightningcss-linux-x64-gnu set size:undefined disposed:false
473 silly fetch manifest @rolldown/pluginutils@^1.0.0
474 silly packumentCache full:https://registry.npmjs.org/@rolldown%2fpluginutils cache-miss
475 http fetch GET 200 https://registry.npmjs.org/lightningcss-win32-x64-msvc 296ms (cache miss)
476 silly packumentCache full:https://registry.npmjs.org/lightningcss-win32-x64-msvc set size:undefined disposed:false
477 silly fetch manifest @rolldown/binding-darwin-x64@1.2.9
478 silly packumentCache full:https://registry.npmjs.org/@rolldown%2fbinding-darwin-x64 cache-miss
479 http fetch GET 200 https://registry.npmjs.org/lightningcss-linux-arm64-musl 196ms (cache miss)
480 silly packumentCache full:https://registry.npmjs.org/lightningcss-linux-arm64-musl set size:undefined disposed:false
481 silly fetch manifest @rolldown/binding-freebsd-x64@1.2.9
482 silly packumentCache full:https://registry.npmjs.org/@rolldown%2fbinding-freebsd-x64 cache-miss
483 http fetch GET 200 https://registry.npmjs.org/lightningcss-android-arm64 210ms (cache miss)
484 silly packumentCache full:https://registry.npmjs.org/lightningcss-android-arm64 set size:undefined disposed:false
485 silly fetch manifest @rolldown/binding-darwin-arm64@1.2.9
486 silly packumentCache full:https://registry.npmjs.org/@rolldown%2fbinding-darwin-arm64 cache-miss
487 http fetch GET 200 https://registry.npmjs.org/lightningcss-linux-x64-musl 241ms (cache miss)
488 silly packumentCache full:https://registry.npmjs.org/lightningcss-linux-x64-musl set size:undefined disposed:false
489 silly fetch manifest @rolldown/binding-android-arm64@1.2.9
490 silly packumentCache full:https://registry.npmjs.org/@rolldown%2fbinding-android-arm64 cache-miss
491 http fetch GET 200 https://registry.npmjs.org/lightningcss-freebsd-x64 239ms (cache miss)
492 silly packumentCache full:https://registry.npmjs.org/lightningcss-freebsd-x64 set size:undefined disposed:false
493 silly fetch manifest @rolldown/binding-linux-x64-gnu@1.2.9
494 silly packumentCache full:https://registry.npmjs.org/@rolldown%2fbinding-linux-x64-gnu cache-miss
495 http fetch GET 200 https://registry.npmjs.org/@rolldown%2fpluginutils 280ms (cache miss)
496 silly packumentCache full:https://registry.npmjs.org/@rolldown%2fpluginutils set size:undefined disposed:false
497 silly fetch manifest @rolldown/binding-linux-x64-musl@1.2.9
498 silly packumentCache full:https://registry.npmjs.org/@rolldown%2fbinding-linux-x64-musl cache-miss
499 http fetch GET 200 https://registry.npmjs.org/@oxc-project%2ftypes 361ms (cache miss)
500 silly packumentCache full:https://registry.npmjs.org/@oxc-project%2ftypes set size:undefined disposed:false
501 silly fetch manifest @rolldown/binding-win32-x64-msvc@1.2.9
502 silly packumentCache full:https://registry.npmjs.org/@rolldown%2fbinding-win32-x64-msvc cache-miss
503 http fetch GET 200 https://registry.npmjs.org/@rolldown%2fbinding-darwin-x64 561ms (cache miss)
504 silly packumentCache full:https://registry.npmjs.org/@rolldown%2fbinding-darwin-x64 set size:undefined disposed:false
505 silly fetch manifest @rolldown/binding-linux-arm64-gnu@1.2.9
506 silly packumentCache full:https://registry.npmjs.org/@rolldown%2fbinding-linux-arm64-gnu cache-miss
507 http fetch GET 200 https://registry.npmjs.org/@rolldown%2fbinding-android-arm64 419ms (cache miss)
508 silly packumentCache full:https://registry.npmjs.org/@rolldown%2fbinding-android-arm64 set size:undefined disposed:false
509 silly fetch manifest @rolldown/binding-linux-ppc64-gnu@1.2.9
510 silly packumentCache full:https://registry.npmjs.org/@rolldown%2fbinding-linux-ppc64-gnu cache-miss
511 http fetch GET 200 https://registry.npmjs.org/@rolldown%2fbinding-freebsd-x64 542ms (cache miss)
512 silly packumentCache full:https://registry.npmjs.org/@rolldown%2fbinding-freebsd-x64 set size:undefined disposed:false
513 silly fetch manifest @rolldown/binding-linux-s390x-gnu@1.2.9
514 silly packumentCache full:https://registry.npmjs.org/@rolldown%2fbinding-linux-s390x-gnu cache-miss
515 http fetch GET 200 https://registry.npmjs.org/@rolldown%2fbinding-darwin-arm64 579ms (cache miss)
516 silly packumentCache full:https://registry.npmjs.org/@rolldown%2fbinding-darwin-arm64 set size:undefined disposed:false
517 silly fetch manifest @rolldown/binding-android-arm-eabi@1.2.9
518 silly packumentCache full:https://registry.npmjs.org/@rolldown%2fbinding-android-arm-eabi cache-miss
519 http fetch GET 200 https://registry.npmjs.org/@rolldown%2fbinding-linux-x64-gnu 670ms (cache miss)
520 silly packumentCache full:https://registry.npmjs.org/@rolldown%2fbinding-linux-x64-gnu set size:undefined disposed:false
521 silly fetch manifest @rolldown/binding-linux-arm64-musl@1.2.9
522 silly packumentCache full:https://registry.npmjs.org/@rolldown%2fbinding-linux-arm64-musl cache-miss
523 http fetch GET 200 https://registry.npmjs.org/@rolldown%2fbinding-linux-ppc64-gnu 321ms (cache miss)
524 silly packumentCache full:https://registry.npmjs.org/@rolldown%2fbinding-linux-ppc64-gnu set size:undefined disposed:false
525 silly fetch manifest @rolldown/binding-win32-arm64-msvc@1.2.9
526 silly packumentCache full:https://registry.npmjs.org/@rolldown%2fbinding-win32-arm64-msvc cache-miss
527 http fetch GET 200 https://registry.npmjs.org/@rolldown%2fbinding-linux-s390x-gnu 354ms (cache miss)
528 silly packumentCache full:https://registry.npmjs.org/@rolldown%2fbinding-linux-s390x-gnu set size:undefined disposed:false
529 silly fetch manifest @rolldown/binding-openharmony-arm64@1.2.9
530 silly packumentCache full:https://registry.npmjs.org/@rolldown%2fbinding-openharmony-arm64 cache-miss
531 http fetch GET 200 https://registry.npmjs.org/@rolldown%2fbinding-linux-arm64-gnu 690ms (cache miss)
532 silly packumentCache full:https://registry.npmjs.org/@rolldown%2fbinding-linux-arm64-gnu set size:undefined disposed:false
533 silly fetch manifest @rolldown/binding-linux-arm-gnueabihf@1.2.9
534 silly packumentCache full:https://registry.npmjs.org/@rolldown%2fbinding-linux-arm-gnueabihf cache-miss
535 http fetch GET 200 https://registry.npmjs.org/@rolldown%2fbinding-linux-x64-musl 1018ms (cache miss)
536 silly packumentCache full:https://registry.npmjs.org/@rolldown%2fbinding-linux-x64-musl set size:undefined disposed:false
537 http fetch GET 200 https://registry.npmjs.org/@rolldown%2fbinding-android-arm-eabi 534ms (cache miss)
538 silly packumentCache full:https://registry.npmjs.org/@rolldown%2fbinding-android-arm-eabi set size:undefined disposed:false
539 http fetch GET 200 https://registry.npmjs.org/@rolldown%2fbinding-win32-x64-msvc 974ms (cache miss)
540 silly packumentCache full:https://registry.npmjs.org/@rolldown%2fbinding-win32-x64-msvc set size:undefined disposed:false
541 http fetch GET 200 https://registry.npmjs.org/@rolldown%2fbinding-linux-arm64-musl 1098ms (cache miss)
542 silly packumentCache full:https://registry.npmjs.org/@rolldown%2fbinding-linux-arm64-musl set size:undefined disposed:false
543 http fetch GET 200 https://registry.npmjs.org/@rolldown%2fbinding-openharmony-arm64 974ms (cache miss)
544 silly packumentCache full:https://registry.npmjs.org/@rolldown%2fbinding-openharmony-arm64 set size:undefined disposed:false
545 http fetch GET 200 https://registry.npmjs.org/@rolldown%2fbinding-linux-arm-gnueabihf 1025ms (cache miss)
546 silly packumentCache full:https://registry.npmjs.org/@rolldown%2fbinding-linux-arm-gnueabihf set size:undefined disposed:false
547 http fetch GET 200 https://registry.npmjs.org/@rolldown%2fbinding-win32-arm64-msvc 1575ms (cache miss)
548 silly packumentCache full:https://registry.npmjs.org/@rolldown%2fbinding-win32-arm64-msvc set size:undefined disposed:false
549 silly placeDep ROOT @oxc-project/types@0.150.0 OK for: rolldown@1.2.9 want: =0.150.0
550 silly placeDep ROOT @rolldown/binding-android-arm-eabi@1.2.9 OK for: rolldown@1.2.9 want: 1.2.9
551 silly placeDep ROOT @rolldown/binding-android-arm64@1.2.9 OK for: rolldown@1.2.9 want: 1.2.9
552 silly placeDep ROOT @rolldown/binding-darwin-arm64@1.2.9 OK for: rolldown@1.2.9 want: 1.2.9
553 silly placeDep ROOT @rolldown/binding-darwin-x64@1.2.9 OK for: rolldown@1.2.9 want: 1.2.9
554 silly placeDep ROOT @rolldown/binding-freebsd-x64@1.2.9 OK for: rolldown@1.2.9 want: 1.2.9
555 silly placeDep ROOT @rolldown/binding-linux-arm-gnueabihf@1.2.9 OK for: rolldown@1.2.9 want: 1.2.9
556 silly placeDep ROOT @rolldown/binding-linux-arm64-gnu@1.2.9 OK for: rolldown@1.2.9 want: 1.2.9
557 silly placeDep ROOT @rolldown/binding-linux-arm64-musl@1.2.9 OK for: rolldown@1.2.9 want: 1.2.9
558 silly placeDep ROOT @rolldown/binding-linux-ppc64-gnu@1.2.9 OK for: rolldown@1.2.9 want: 1.2.9
559 silly placeDep ROOT @rolldown/binding-linux-s390x-gnu@1.2.9 OK for: rolldown@1.2.9 want: 1.2.9
560 silly placeDep ROOT @rolldown/binding-linux-x64-gnu@1.2.9 OK for: rolldown@1.2.9 want: 1.2.9
561 silly placeDep ROOT @rolldown/binding-linux-x64-musl@1.2.9 OK for: rolldown@1.2.9 want: 1.2.9
562 silly placeDep ROOT @rolldown/binding-openharmony-arm64@1.2.9 OK for: rolldown@1.2.9 want: 1.2.9
563 silly placeDep ROOT @rolldown/binding-win32-arm64-msvc@1.2.9 OK for: rolldown@1.2.9 want: 1.2.9
564 silly placeDep ROOT @rolldown/binding-win32-x64-msvc@1.2.9 OK for: rolldown@1.2.9 want: 1.2.9
565 silly placeDep ROOT @rolldown/pluginutils@1.0.1 OK for: rolldown@1.2.9 want: ^1.0.0
566 silly placeDep ROOT siginfo@2.0.0 OK for: why-is-node-running@2.3.0 want: ^2.0.0
567 silly placeDep ROOT stackback@0.0.2 OK for: why-is-node-running@2.3.0 want: 0.0.2
568 silly placeDep node_modules/vite lightningcss-android-arm64@1.33.0 OK for: lightningcss@1.33.0 want: 1.33.0
569 silly placeDep node_modules/vite lightningcss-darwin-arm64@1.33.0 OK for: lightningcss@1.33.0 want: 1.33.0
570 silly placeDep node_modules/vite lightningcss-darwin-x64@1.33.0 OK for: lightningcss@1.33.0 want: 1.33.0
571 silly placeDep node_modules/vite lightningcss-freebsd-x64@1.33.0 OK for: lightningcss@1.33.0 want: 1.33.0
572 silly placeDep node_modules/vite lightningcss-linux-arm-gnueabihf@1.33.0 OK for: lightningcss@1.33.0 want: 1.33.0
573 silly placeDep node_modules/vite lightningcss-linux-arm64-gnu@1.33.0 OK for: lightningcss@1.33.0 want: 1.33.0
574 silly placeDep node_modules/vite lightningcss-linux-arm64-musl@1.33.0 OK for: lightningcss@1.33.0 want: 1.33.0
575 silly placeDep node_modules/vite lightningcss-linux-x64-gnu@1.33.0 OK for: lightningcss@1.33.0 want: 1.33.0
576 silly placeDep node_modules/vite lightningcss-linux-x64-musl@1.33.0 OK for: lightningcss@1.33.0 want: 1.33.0
577 silly placeDep node_modules/vite lightningcss-win32-arm64-msvc@1.33.0 OK for: lightningcss@1.33.0 want: 1.33.0
578 silly placeDep node_modules/vite lightningcss-win32-x64-msvc@1.33.0 OK for: lightningcss@1.33.0 want: 1.33.0
579 silly reify moves {}
580 silly audit bulk request {
580 silly audit   '@alloc/quick-lru': [ '5.3.0' ],
580 silly audit   '@babel/code-frame': [ '7.29.7' ],
580 silly audit   '@babel/compat-data': [ '7.29.7' ],
580 silly audit   '@babel/core': [ '7.29.7' ],
580 silly audit   '@babel/generator': [ '7.29.8' ],
580 silly audit   '@babel/helper-compilation-targets': [ '7.29.7' ],
580 silly audit   '@babel/helper-globals': [ '7.29.7' ],
580 silly audit   '@babel/helper-module-imports': [ '7.29.7' ],
580 silly audit   '@babel/helper-module-transforms': [ '7.29.7' ],
580 silly audit   '@babel/helper-string-parser': [ '7.29.7' ],
580 silly audit   '@babel/helper-validator-identifier': [ '7.29.7' ],
580 silly audit   '@babel/helper-validator-option': [ '7.29.7' ],
580 silly audit   '@babel/helpers': [ '7.29.7' ],
580 silly audit   '@babel/parser': [ '7.29.9' ],
580 silly audit   '@babel/runtime': [ '7.29.7' ],
580 silly audit   '@babel/template': [ '7.29.7' ],
580 silly audit   '@babel/traverse': [ '7.29.8' ],
580 silly audit   '@babel/types': [ '7.29.8' ],
580 silly audit   '@electric-sql/pglite': [ '0.4.3' ],
580 silly audit   '@electric-sql/pglite-socket': [ '0.1.3' ],
580 silly audit   '@electric-sql/pglite-tools': [ '0.3.3' ],
580 silly audit   '@emnapi/core': [ '1.10.0' ],
580 silly audit   '@emnapi/runtime': [ '1.11.3', '1.10.0' ],
580 silly audit   '@emnapi/wasi-threads': [ '1.2.1' ],
580 silly audit   '@eslint-community/eslint-utils': [ '4.10.1', '4.9.1' ],
580 silly audit   'eslint-visitor-keys': [ '3.4.3', '5.0.1', '4.2.1' ],
580 silly audit   '@eslint-community/regexpp': [ '4.12.2' ],
580 silly audit   '@eslint/config-array': [ '0.21.2' ],
580 silly audit   '@eslint/config-helpers': [ '0.4.2' ],
580 silly audit   '@eslint/core': [ '0.17.0' ],
580 silly audit   '@eslint/eslintrc': [ '3.3.7' ],
580 silly audit   '@eslint/js': [ '9.39.5' ],
580 silly audit   '@eslint/object-schema': [ '2.1.7' ],
580 silly audit   '@eslint/plugin-kit': [ '0.4.1' ],
580 silly audit   '@humanfs/core': [ '0.19.2' ],
580 silly audit   '@humanfs/node': [ '0.16.8' ],
580 silly audit   '@humanfs/types': [ '0.15.0' ],
580 silly audit   '@humanwhocodes/module-importer': [ '1.0.1' ],
580 silly audit   '@humanwhocodes/retry': [ '0.4.3' ],
580 silly audit   '@img/colour': [ '1.1.0' ],
580 silly audit   '@img/sharp-darwin-arm64': [ '0.35.4' ],
580 silly audit   '@img/sharp-darwin-x64': [ '0.35.4' ],
580 silly audit   '@img/sharp-freebsd-wasm32': [ '0.35.4' ],
580 silly audit   '@img/sharp-libvips-darwin-arm64': [ '1.3.3' ],
580 silly audit   '@img/sharp-libvips-darwin-x64': [ '1.3.3' ],
580 silly audit   '@img/sharp-libvips-linux-arm': [ '1.3.3' ],
580 silly audit   '@img/sharp-libvips-linux-arm64': [ '1.3.3' ],
580 silly audit   '@img/sharp-libvips-linux-ppc64': [ '1.3.3' ],
580 silly audit   '@img/sharp-libvips-linux-riscv64': [ '1.3.3' ],
580 silly audit   '@img/sharp-libvips-linux-s390x': [ '1.3.3' ],
580 silly audit   '@img/sharp-libvips-linux-x64': [ '1.3.3' ],
580 silly audit   '@img/sharp-libvips-linuxmusl-arm64': [ '1.3.3' ],
580 silly audit   '@img/sharp-libvips-linuxmusl-x64': [ '1.3.3' ],
580 silly audit   '@img/sharp-linux-arm': [ '0.35.4' ],
580 silly audit   '@img/sharp-linux-arm64': [ '0.35.4' ],
580 silly audit   '@img/sharp-linux-ppc64': [ '0.35.4' ],
580 silly audit   '@img/sharp-linux-riscv64': [ '0.35.4' ],
580 silly audit   '@img/sharp-linux-s390x': [ '0.35.4' ],
580 silly audit   '@img/sharp-linux-x64': [ '0.35.4' ],
580 silly audit   '@img/sharp-linuxmusl-arm64': [ '0.35.4' ],
580 silly audit   '@img/sharp-linuxmusl-x64': [ '0.35.4' ],
580 silly audit   '@img/sharp-wasm32': [ '0.35.4' ],
580 silly audit   '@img/sharp-webcontainers-wasm32': [ '0.35.4' ],
580 silly audit   '@img/sharp-win32-arm64': [ '0.35.4' ],
580 silly audit   '@img/sharp-win32-ia32': [ '0.35.4' ],
580 silly audit   '@img/sharp-win32-x64': [ '0.35.4' ],
580 silly audit   '@jridgewell/gen-mapping': [ '0.3.13' ],
580 silly audit   '@jridgewell/remapping': [ '2.3.5' ],
580 silly audit   '@jridgewell/resolve-uri': [ '3.1.2' ],
580 silly audit   '@jridgewell/sourcemap-codec': [ '1.6.0' ],
580 silly audit   '@jridgewell/trace-mapping': [ '0.3.31' ],
580 silly audit   '@napi-rs/wasm-runtime': [ '1.2.4' ],
580 silly audit   '@next/env': [ '16.3.6' ],
580 silly audit   '@next/eslint-plugin-next': [ '16.3.6' ],
580 silly audit   '@next/swc-darwin-arm64': [ '16.3.6' ],
580 silly audit   '@next/swc-darwin-x64': [ '16.3.6' ],
580 silly audit   '@next/swc-linux-arm64-gnu': [ '16.3.6' ],
580 silly audit   '@next/swc-linux-arm64-musl': [ '16.3.6' ],
580 silly audit   '@next/swc-linux-x64-gnu': [ '16.3.6' ],
580 silly audit   '@next/swc-linux-x64-musl': [ '16.3.6' ],
580 silly audit   '@next/swc-win32-arm64-msvc': [ '16.3.6' ],
580 silly audit   '@next/swc-win32-x64-msvc': [ '16.3.6' ],
580 silly audit   '@nodelib/fs.scandir': [ '2.1.5' ],
580 silly audit   '@nodelib/fs.stat': [ '2.0.5' ],
580 silly audit   '@nodelib/fs.walk': [ '1.2.8' ],
580 silly audit   '@nolyfill/is-core-module': [ '1.0.39' ],
580 silly audit   '@panva/hkdf': [ '1.2.1' ],
580 silly audit   '@prisma/adapter-pg': [ '7.10.0' ],
580 silly audit   '@prisma/client': [ '7.10.0' ],
580 silly audit   '@prisma/client-runtime-utils': [ '7.10.0' ],
580 silly audit   '@prisma/config': [ '7.10.0' ],
580 silly audit   '@prisma/debug': [ '7.10.0', '7.2.0' ],
580 silly audit   '@prisma/dev': [ '0.24.17' ],
580 silly audit   '@prisma/driver-adapter-utils': [ '7.10.0' ],
580 silly audit   '@prisma/engines': [ '7.10.0' ],
580 silly audit   '@prisma/engines-version': [ '7.10.0-4.0edf323efd1d98336f3f0a68684b56f689b900d3' ],
580 silly audit   '@prisma/get-platform': [ '7.10.0', '7.2.0' ],
580 silly audit   '@prisma/fetch-engine': [ '7.10.0' ],
580 silly audit   '@prisma/query-plan-executor': [ '7.2.0' ],
580 silly audit   '@prisma/streams-local': [ '0.1.11' ],
580 silly audit   ajv: [ '8.20.0', '6.15.0' ],
580 silly audit   'json-schema-traverse': [ '1.0.0', '0.4.1' ],
580 silly audit   '@prisma/studio-core': [ '0.33.0' ],
580 silly audit   '@radix-ui/primitive': [ '1.1.3' ],
580 silly audit   '@radix-ui/react-compose-refs': [ '1.1.2' ],
580 silly audit   '@radix-ui/react-primitive': [ '2.1.3' ],
580 silly audit   '@radix-ui/react-slot': [ '1.2.3' ],
580 silly audit   '@radix-ui/react-toggle': [ '1.1.10' ],
580 silly audit   '@radix-ui/react-use-controllable-state': [ '1.2.2' ],
580 silly audit   '@radix-ui/react-use-effect-event': [ '0.0.2' ],
580 silly audit   '@radix-ui/react-use-layout-effect': [ '1.1.1' ],
580 silly audit   '@rtsao/scc': [ '1.1.0' ],
580 silly audit   '@standard-schema/spec': [ '1.1.0' ],
580 silly audit   '@swc/helpers': [ '0.5.23' ],
580 silly audit   '@tailwindcss/node': [ '4.3.3' ],
580 silly audit   '@tailwindcss/oxide': [ '4.3.3' ],
580 silly audit   '@tailwindcss/oxide-android-arm64': [ '4.3.3' ],
580 silly audit   '@tailwindcss/oxide-darwin-arm64': [ '4.3.3' ],
580 silly audit   '@tailwindcss/oxide-darwin-x64': [ '4.3.3' ],
580 silly audit   '@tailwindcss/oxide-freebsd-x64': [ '4.3.3' ],
580 silly audit   '@tailwindcss/oxide-linux-arm-gnueabihf': [ '4.3.3' ],
580 silly audit   '@tailwindcss/oxide-linux-arm64-gnu': [ '4.3.3' ],
580 silly audit   '@tailwindcss/oxide-linux-arm64-musl': [ '4.3.3' ],
580 silly audit   '@tailwindcss/oxide-linux-x64-gnu': [ '4.3.3' ],
580 silly audit   '@tailwindcss/oxide-linux-x64-musl': [ '4.3.3' ],
580 silly audit   '@tailwindcss/oxide-wasm32-wasi': [ '4.3.3' ],
580 silly audit   '@tailwindcss/oxide-win32-arm64-msvc': [ '4.3.3' ],
580 silly audit   '@tailwindcss/oxide-win32-x64-msvc': [ '4.3.3' ],
580 silly audit   '@tailwindcss/postcss': [ '4.3.3' ],
580 silly audit   '@tybys/wasm-util': [ '0.10.4' ],
580 silly audit   '@types/d3-array': [ '3.0.3' ],
580 silly audit   '@types/d3-color': [ '3.1.0' ],
580 silly audit   '@types/d3-delaunay': [ '6.0.1' ],
580 silly audit   '@types/d3-format': [ '3.0.1' ],
580 silly audit   '@types/d3-geo': [ '3.1.0' ],
580 silly audit   '@types/d3-interpolate': [ '3.0.1' ],
580 silly audit   '@types/d3-path': [ '3.1.1' ],
580 silly audit   '@types/d3-scale': [ '4.0.2' ],
580 silly audit   '@types/d3-shape': [ '3.1.7' ],
580 silly audit   '@types/d3-time': [ '3.0.0' ],
580 silly audit   '@types/d3-time-format': [ '2.1.0' ],
580 silly audit   '@types/estree': [ '1.0.9' ],
580 silly audit   '@types/geojson': [ '7946.0.16' ],
580 silly audit   '@types/json-schema': [ '7.0.15' ],
580 silly audit   '@types/json5': [ '0.0.29' ],
580 silly audit   '@types/lodash': [ '4.17.25' ],
580 silly audit   '@types/node': [ '20.19.43' ],
580 silly audit   '@types/pg': [ '8.23.1' ],
580 silly audit   '@types/react': [ '19.3.0' ],
580 silly audit   '@types/react-dom': [ '19.3.0' ],
580 silly audit   '@typescript-eslint/eslint-plugin': [ '8.70.1' ],
580 silly audit   ignore: [ '7.0.10', '5.3.2' ],
580 silly audit   '@typescript-eslint/parser': [ '8.70.1' ],
580 silly audit   '@typescript-eslint/project-service': [ '8.70.1' ],
580 silly audit   '@typescript-eslint/scope-manager': [ '8.70.1' ],
580 silly audit   '@typescript-eslint/tsconfig-utils': [ '8.70.1' ],
580 silly audit   '@typescript-eslint/type-utils': [ '8.70.1' ],
580 silly audit   '@typescript-eslint/types': [ '8.70.1' ],
580 silly audit   '@typescript-eslint/typescript-estree': [ '8.70.1' ],
580 silly audit   'balanced-match': [ '4.0.4', '1.0.2' ],
580 silly audit   'brace-expansion': [ '5.0.12', '1.1.21' ],
580 silly audit   minimatch: [ '10.2.6', '3.1.5' ],
580 silly audit   semver: [ '7.8.5', '6.3.1' ],
580 silly audit   '@typescript-eslint/utils': [ '8.70.1' ],
580 silly audit   '@typescript-eslint/visitor-keys': [ '8.70.1' ],
580 silly audit   '@unrs/resolver-binding-android-arm-eabi': [ '1.12.2' ],
580 silly audit   '@unrs/resolver-binding-android-arm64': [ '1.12.2' ],
580 silly audit   '@unrs/resolver-binding-darwin-arm64': [ '1.12.2' ],
580 silly audit   '@unrs/resolver-binding-darwin-x64': [ '1.12.2' ],
580 silly audit   '@unrs/resolver-binding-freebsd-x64': [ '1.12.2' ],
580 silly audit   '@unrs/resolver-binding-linux-arm-gnueabihf': [ '1.12.2' ],
580 silly audit   '@unrs/resolver-binding-linux-arm-musleabihf': [ '1.12.2' ],
580 silly audit   '@unrs/resolver-binding-linux-arm64-gnu': [ '1.12.2' ],
580 silly audit   '@unrs/resolver-binding-linux-arm64-musl': [ '1.12.2' ],
580 silly audit   '@unrs/resolver-binding-linux-loong64-gnu': [ '1.12.2' ],
580 silly audit   '@unrs/resolver-binding-linux-loong64-musl': [ '1.12.2' ],
580 silly audit   '@unrs/resolver-binding-linux-ppc64-gnu': [ '1.12.2' ],
580 silly audit   '@unrs/resolver-binding-linux-riscv64-gnu': [ '1.12.2' ],
580 silly audit   '@unrs/resolver-binding-linux-riscv64-musl': [ '1.12.2' ],
580 silly audit   '@unrs/resolver-binding-linux-s390x-gnu': [ '1.12.2' ],
580 silly audit   '@unrs/resolver-binding-linux-x64-gnu': [ '1.12.2' ],
580 silly audit   '@unrs/resolver-binding-linux-x64-musl': [ '1.12.2' ],
580 silly audit   '@unrs/resolver-binding-openharmony-arm64': [ '1.12.2' ],
580 silly audit   '@unrs/resolver-binding-wasm32-wasi': [ '1.12.2' ],
580 silly audit   '@unrs/resolver-binding-win32-arm64-msvc': [ '1.12.2' ],
580 silly audit   '@unrs/resolver-binding-win32-ia32-msvc': [ '1.12.2' ],
580 silly audit   '@unrs/resolver-binding-win32-x64-msvc': [ '1.12.2' ],
580 silly audit   '@visx/curve': [ '4.0.1-alpha.0' ],
580 silly audit   '@visx/event': [ '4.0.1-alpha.0' ],
580 silly audit   '@visx/grid': [ '4.0.1-alpha.0' ],
580 silly audit   '@visx/group': [ '4.0.1-alpha.0' ],
580 silly audit   '@visx/point': [ '4.0.1-alpha.0' ],
580 silly audit   '@visx/responsive': [ '4.0.1-alpha.0' ],
580 silly audit   '@visx/scale': [ '4.0.1-alpha.0' ],
580 silly audit   '@visx/shape': [ '4.0.1-alpha.0' ],
580 silly audit   '@visx/vendor': [ '4.0.0-alpha.0' ],
580 silly audit   'd3-array': [ '3.2.1', '3.2.4' ],
580 silly audit   acorn: [ '8.18.0' ],
580 silly audit   'acorn-jsx': [ '5.3.2' ],
580 silly audit   'ansi-styles': [ '4.3.0' ],
580 silly audit   argparse: [ '2.0.1' ],
580 silly audit   'aria-query': [ '5.3.2' ],
580 silly audit   'array-buffer-byte-length': [ '1.0.2' ],
580 silly audit   'array-includes': [ '3.2.0' ],
580 silly audit   'array.prototype.findlast': [ '1.2.5' ],
580 silly audit   'array.prototype.findlastindex': [ '1.2.6' ],
580 silly audit   'array.prototype.flat': [ '1.3.3' ],
580 silly audit   'array.prototype.flatmap': [ '1.3.3' ],
580 silly audit   'array.prototype.tosorted': [ '1.1.4' ],
580 silly audit   'arraybuffer.prototype.slice': [ '1.0.4' ],
580 silly audit   'ast-types-flow': [ '0.0.8' ],
580 silly audit   'async-function': [ '1.0.0' ],
580 silly audit   'available-typed-arrays': [ '1.0.7' ],
580 silly audit   'aws-ssl-profiles': [ '1.1.2' ],
580 silly audit   'axe-core': [ '4.13.0' ],
580 silly audit   'axobject-query': [ '4.1.0' ],
580 silly audit   'baseline-browser-mapping': [ '2.11.25' ],
580 silly audit   bcryptjs: [ '3.0.3' ],
580 silly audit   'better-result': [ '2.10.0' ],
580 silly audit   braces: [ '3.0.3' ],
580 silly audit   browserslist: [ '4.29.0' ],
580 silly audit   c12: [ '3.3.4' ],
580 silly audit   dotenv: [ '17.4.2', '18.0.3' ],
580 silly audit   'call-bind': [ '1.0.9' ],
580 silly audit   'call-bind-apply-helpers': [ '1.0.2' ],
580 silly audit   'call-bound': [ '1.0.4' ],
580 silly audit   callsites: [ '3.1.0' ],
580 silly audit   'caniuse-lite': [ '1.0.30001810' ],
580 silly audit   chalk: [ '4.1.2' ],
580 silly audit   chokidar: [ '5.0.0' ],
580 silly audit   classnames: [ '2.5.1' ],
580 silly audit   'client-only': [ '0.0.1' ],
580 silly audit   'color-convert': [ '2.0.1' ],
580 silly audit   'color-name': [ '1.1.4' ],
580 silly audit   'concat-map': [ '0.0.1' ],
580 silly audit   confbox: [ '0.2.4', '0.3.1' ],
580 silly audit   'convert-source-map': [ '2.0.0' ],
580 silly audit   cookie: [ '0.7.2' ],
580 silly audit   'cross-spawn': [ '7.0.6' ],
580 silly audit   csstype: [ '3.2.3' ],
580 silly audit   'd3-color': [ '3.1.0' ],
580 silly audit   'd3-delaunay': [ '6.0.2' ],
580 silly audit   'd3-format': [ '3.1.0' ],
580 silly audit   'd3-geo': [ '3.1.0' ],
580 silly audit   'd3-interpolate': [ '3.0.1' ],
580 silly audit   'd3-path': [ '3.1.0' ],
580 silly audit   'd3-scale': [ '4.0.2' ],
580 silly audit   'd3-shape': [ '3.2.0' ],
580 silly audit   'd3-time': [ '3.1.0' ],
580 silly audit   'd3-time-format': [ '4.1.0' ],
580 silly audit   'damerau-levenshtein': [ '1.0.8' ],
580 silly audit   'data-view-buffer': [ '1.0.2' ],
580 silly audit   'data-view-byte-length': [ '1.0.2' ],
580 silly audit   'data-view-byte-offset': [ '1.0.1' ],
580 silly audit   debug: [ '4.4.3', '3.2.7' ],
580 silly audit   'deep-is': [ '0.1.4' ],
580 silly audit   'deepmerge-ts': [ '7.1.5' ],
580 silly audit   'define-data-property': [ '1.1.4' ],
580 silly audit   'define-properties': [ '1.2.1' ],
580 silly audit   defu: [ '6.1.7' ],
580 silly audit   delaunator: [ '5.1.0' ],
580 silly audit   denque: [ '2.1.0' ],
580 silly audit   destr: [ '2.0.5' ],
580 silly audit   'detect-libc': [ '2.1.2' ],
580 silly audit   doctrine: [ '2.1.0' ],
580 silly audit   'dunder-proto': [ '1.0.1' ],
580 silly audit   effect: [ '3.20.0' ],
580 silly audit   'electron-to-chromium': [ '1.5.434' ],
580 silly audit   elkjs: [ '0.11.1' ],
580 silly audit   'emoji-regex': [ '9.2.2' ],
580 silly audit   empathic: [ '2.0.0' ],
580 silly audit   'enhanced-resolve': [ '5.25.1' ],
580 silly audit   'env-paths': [ '3.0.0' ],
580 silly audit   'es-abstract': [ '1.24.2' ],
580 silly audit   'es-abstract-get': [ '1.0.0' ],
580 silly audit   'es-define-property': [ '1.0.1' ],
580 silly audit   'es-errors': [ '1.3.0' ],
580 silly audit   'es-iterator-helpers': [ '1.4.0' ],
580 silly audit   'es-object-atoms': [ '1.1.2' ],
580 silly audit   'es-set-tostringtag': [ '2.1.0' ],
580 silly audit   'es-shim-unscopables': [ '1.1.0' ],
580 silly audit   'es-to-primitive': [ '1.3.4' ],
580 silly audit   escalade: [ '3.2.0' ],
580 silly audit   'escape-string-regexp': [ '4.0.0' ],
580 silly audit   eslint: [ '9.39.5' ],
580 silly audit   'eslint-config-next': [ '16.3.6' ],
580 silly audit   globals: [ '16.4.0', '14.0.0' ],
580 silly audit   'eslint-import-resolver-node': [ '0.3.10' ],
580 silly audit   'eslint-import-resolver-typescript': [ '3.10.1' ],
580 silly audit   'eslint-module-utils': [ '2.14.0' ],
580 silly audit   'eslint-plugin-import': [ '2.32.0' ],
580 silly audit   'eslint-plugin-jsx-a11y': [ '6.10.2' ],
580 silly audit   'eslint-plugin-react': [ '7.37.5' ],
580 silly audit   'eslint-plugin-react-hooks': [ '7.1.1' ],
580 silly audit   'eslint-scope': [ '8.4.0' ],
580 silly audit   espree: [ '10.4.0' ],
580 silly audit   esquery: [ '1.7.0' ],
580 silly audit   esrecurse: [ '4.3.0' ],
580 silly audit   estraverse: [ '5.3.0' ],
580 silly audit   esutils: [ '2.0.3' ],
580 silly audit   exsolve: [ '1.1.1' ],
580 silly audit   'fast-check': [ '3.23.2' ],
580 silly audit   'fast-decode-uri-component': [ '1.0.1' ],
580 silly audit   'fast-deep-equal': [ '3.1.3' ],
580 silly audit   'fast-glob': [ '3.3.1' ],
580 silly audit   'glob-parent': [ '5.1.2', '6.0.2' ],
580 silly audit   'fast-json-stable-stringify': [ '2.1.0' ],
580 silly audit   'fast-levenshtein': [ '2.0.6' ],
580 silly audit   'fast-querystring': [ '1.1.2' ],
580 silly audit   'fast-uri': [ '3.1.8' ],
580 silly audit   fastq: [ '1.20.3' ],
580 silly audit   'file-entry-cache': [ '8.0.0' ],
580 silly audit   'fill-range': [ '7.1.1' ],
580 silly audit   'find-my-way': [ '9.7.0' ],
580 silly audit   'find-up': [ '5.0.0' ],
580 silly audit   'flat-cache': [ '4.0.1' ],
580 silly audit   flatted: [ '3.4.4' ],
580 silly audit   'for-each': [ '0.3.5' ],
580 silly audit   'foreground-child': [ '3.3.1' ],
580 silly audit   'function-bind': [ '1.1.2' ],
580 silly audit   'function.prototype.name': [ '1.2.0' ],
580 silly audit   'functions-have-names': [ '1.2.3' ],
580 silly audit   'generate-function': [ '2.3.1' ],
580 silly audit   'generator-function': [ '2.0.1' ],
580 silly audit   gensync: [ '1.0.0-beta.2' ],
580 silly audit   'get-intrinsic': [ '1.3.0' ],
580 silly audit   'get-port-please': [ '3.2.0' ],
580 silly audit   'get-proto': [ '1.0.1' ],
580 silly audit   'get-symbol-description': [ '1.1.0' ],
580 silly audit   'get-tsconfig': [ '4.14.3' ],
580 silly audit   giget: [ '3.3.1' ],
580 silly audit   globalthis: [ '1.0.4' ],
580 silly audit   gopd: [ '1.2.0' ],
580 silly audit   'graceful-fs': [ '4.2.11' ],
580 silly audit   grammex: [ '3.1.13' ],
580 silly audit   graphmatch: [ '1.1.1' ],
580 silly audit   'has-bigints': [ '1.1.0' ],
580 silly audit   'has-flag': [ '4.0.0' ],
580 silly audit   'has-property-descriptors': [ '1.0.2' ],
580 silly audit   'has-proto': [ '1.2.0' ],
580 silly audit   'has-symbols': [ '1.1.0' ],
580 silly audit   'has-tostringtag': [ '1.0.2' ],
580 silly audit   hasown: [ '2.0.4' ],
580 silly audit   'hermes-estree': [ '0.25.1' ],
580 silly audit   'hermes-parser': [ '0.25.1' ],
580 silly audit   'iconv-lite': [ '0.7.3' ],
580 silly audit   'import-fresh': [ '3.3.1' ],
580 silly audit   imurmurhash: [ '0.1.4' ],
580 silly audit   'internal-slot': [ '1.1.0' ],
580 silly audit   internmap: [ '2.0.3' ],
580 silly audit   'is-array-buffer': [ '3.0.5' ],
580 silly audit   'is-async-function': [ '2.1.1' ],
580 silly audit   'is-bigint': [ '1.1.0' ],
580 silly audit   'is-boolean-object': [ '1.2.2' ],
580 silly audit   'is-bun-module': [ '2.0.0' ],
580 silly audit   'is-callable': [ '1.2.7' ],
580 silly audit   'is-core-module': [ '2.17.0' ],
580 silly audit   'is-data-view': [ '1.0.2' ],
580 silly audit   'is-date-object': [ '1.1.0' ],
580 silly audit   'is-document.all': [ '1.0.0' ],
580 silly audit   'is-extglob': [ '2.1.1' ],
580 silly audit   'is-finalizationregistry': [ '1.1.1' ],
580 silly audit   'is-generator-function': [ '1.1.2' ],
580 silly audit   'is-glob': [ '4.0.3' ],
580 silly audit   'is-map': [ '2.0.3' ],
580 silly audit   'is-negative-zero': [ '2.0.3' ],
580 silly audit   'is-number': [ '7.0.0' ],
580 silly audit   'is-number-object': [ '1.1.1' ],
580 silly audit   'is-property': [ '1.0.2' ],
580 silly audit   'is-regex': [ '1.2.1' ],
580 silly audit   'is-set': [ '2.0.3' ],
580 silly audit   'is-shared-array-buffer': [ '1.0.4' ],
580 silly audit   'is-string': [ '1.1.1' ],
580 silly audit   'is-symbol': [ '1.1.1' ],
580 silly audit   'is-typed-array': [ '1.1.15' ],
580 silly audit   'is-weakmap': [ '2.0.2' ],
580 silly audit   'is-weakref': [ '1.1.1' ],
580 silly audit   'is-weakset': [ '2.0.4' ],
580 silly audit   isarray: [ '2.0.5' ],
580 silly audit   isexe: [ '2.0.0' ],
580 silly audit   'iterator.prototype': [ '1.1.5' ],
580 silly audit   jiti: [ '2.7.0' ],
580 silly audit   jose: [ '4.15.9' ],
580 silly audit   'js-tokens': [ '4.0.0' ],
580 silly audit   'js-yaml': [ '4.3.2' ],
580 silly audit   jsesc: [ '3.1.0' ],
580 silly audit   'json-buffer': [ '3.0.1' ],
580 silly audit   'json-stable-stringify-without-jsonify': [ '1.0.1' ],
580 silly audit   json5: [ '2.2.3', '1.0.2' ],
580 silly audit   'jsx-ast-utils': [ '3.3.5' ],
580 silly audit   keyv: [ '4.5.4' ],
580 silly audit   'language-subtag-registry': [ '0.3.23' ],
580 silly audit   'language-tags': [ '1.0.9' ],
580 silly audit   levn: [ '0.4.1' ],
580 silly audit   lightningcss: [ '1.32.0', '1.33.0' ],
580 silly audit   'lightningcss-android-arm64': [ '1.32.0', '1.33.0' ],
580 silly audit   'lightningcss-darwin-arm64': [ '1.32.0', '1.33.0' ],
580 silly audit   'lightningcss-darwin-x64': [ '1.32.0', '1.33.0' ],
580 silly audit   'lightningcss-freebsd-x64': [ '1.32.0', '1.33.0' ],
580 silly audit   'lightningcss-linux-arm-gnueabihf': [ '1.32.0', '1.33.0' ],
580 silly audit   'lightningcss-linux-arm64-gnu': [ '1.32.0', '1.33.0' ],
580 silly audit   'lightningcss-linux-arm64-musl': [ '1.32.0', '1.33.0' ],
580 silly audit   'lightningcss-linux-x64-gnu': [ '1.32.0', '1.33.0' ],
580 silly audit   'lightningcss-linux-x64-musl': [ '1.32.0', '1.33.0' ],
580 silly audit   'lightningcss-win32-arm64-msvc': [ '1.32.0', '1.33.0' ],
580 silly audit   'lightningcss-win32-x64-msvc': [ '1.32.0', '1.33.0' ],
580 silly audit   'locate-path': [ '6.0.0' ],
580 silly audit   lodash: [ '4.18.1' ],
580 silly audit   'lodash.merge': [ '4.6.2' ],
580 silly audit   long: [ '5.3.2' ],
580 silly audit   'loose-envify': [ '1.4.0' ],
580 silly audit   'lru-cache': [ '5.1.1', '6.0.0' ],
580 silly audit   'lru.min': [ '1.1.5' ],
580 silly audit   'magic-string': [ '0.30.21' ],
580 silly audit   'math-intrinsics': [ '1.1.0' ],
580 silly audit   merge2: [ '1.4.1' ],
580 silly audit   micromatch: [ '4.0.8' ],
580 silly audit   minimist: [ '1.2.8' ],
580 silly audit   ms: [ '2.1.3' ],
580 silly audit   mysql2: [ '3.15.3' ],
580 silly audit   'named-placeholders': [ '1.1.6' ],
580 silly audit   nanoid: [ '3.3.19' ],
580 silly audit   'napi-postinstall': [ '0.3.4' ],
580 silly audit   'natural-compare': [ '1.4.0' ],
580 silly audit   next: [ '16.3.6' ],
580 silly audit   'next-auth': [ '4.24.15' ],
580 silly audit   postcss: [ '8.5.23', '8.5.28' ],
580 silly audit   'node-exports-info': [ '1.6.2' ],
580 silly audit   'node-releases': [ '2.0.56' ],
580 silly audit   oauth: [ '0.9.15' ],
580 silly audit   'object-assign': [ '4.1.1' ],
580 silly audit   'object-hash': [ '2.2.0' ],
580 silly audit   'object-inspect': [ '1.13.4' ],
580 silly audit   'object-keys': [ '1.1.1' ],
580 silly audit   'object.assign': [ '4.1.7' ],
580 silly audit   'object.entries': [ '1.1.9' ],
580 silly audit   'object.fromentries': [ '2.0.8' ],
580 silly audit   'object.groupby': [ '1.0.3' ],
580 silly audit   'object.values': [ '1.2.1' ],
580 silly audit   ohash: [ '2.0.12' ],
580 silly audit   'oidc-token-hash': [ '5.2.0' ],
580 silly audit   'openid-client': [ '5.7.1' ],
580 silly audit   yallist: [ '4.0.0', '3.1.1' ],
580 silly audit   optionator: [ '0.9.4' ],
580 silly audit   'own-keys': [ '1.0.2' ],
580 silly audit   'p-limit': [ '3.1.0' ],
580 silly audit   'p-locate': [ '5.0.0' ],
580 silly audit   'parent-module': [ '1.0.1' ],
580 silly audit   'path-exists': [ '4.0.0' ],
580 silly audit   'path-key': [ '3.1.1' ],
580 silly audit   'path-parse': [ '1.0.7' ],
580 silly audit   pathe: [ '2.0.3' ],
580 silly audit   'perfect-debounce': [ '2.1.0' ],
580 silly audit   pg: [ '8.23.0' ],
580 silly audit   'pg-cloudflare': [ '1.4.0' ],
580 silly audit   'pg-connection-string': [ '2.14.0' ],
580 silly audit   'pg-int8': [ '1.0.1' ],
580 silly audit   'pg-pool': [ '3.14.0' ],
580 silly audit   'pg-protocol': [ '1.16.0' ],
580 silly audit   'pg-types': [ '2.2.0' ],
580 silly audit   'postgres-array': [ '2.0.0', '3.0.4' ],
580 silly audit   pgpass: [ '1.0.5' ],
580 silly audit   picocolors: [ '1.1.1' ],
580 silly audit   picomatch: [ '2.3.2', '4.0.7' ],
580 silly audit   'pkg-types': [ '2.3.3' ],
580 silly audit   'possible-typed-array-names': [ '1.1.0' ],
580 silly audit   postgres: [ '3.4.7' ],
580 silly audit   'postgres-bytea': [ '1.0.1' ],
580 silly audit   'postgres-date': [ '1.0.7' ],
580 silly audit   'postgres-interval': [ '1.2.0' ],
580 silly audit   preact: [ '10.29.8' ],
580 silly audit   'preact-render-to-string': [ '5.2.6' ],
580 silly audit   'prelude-ls': [ '1.2.1' ],
580 silly audit   'pretty-format': [ '3.8.0' ],
580 silly audit   prisma: [ '7.10.0' ],
580 silly audit   'prop-types': [ '15.8.1' ],
580 silly audit   'proper-lockfile': [ '4.1.2' ],
580 silly audit   'signal-exit': [ '3.0.7', '4.1.0' ],
580 silly audit   punycode: [ '2.3.1' ],
580 silly audit   'pure-rand': [ '6.1.0' ],
580 silly audit   'queue-microtask': [ '1.2.3' ],
580 silly audit   rc9: [ '3.1.0' ],
580 silly audit   react: [ '19.2.8' ],
580 silly audit   'react-dom': [ '19.2.8' ],
580 silly audit   'react-is': [ '16.13.1' ],
580 silly audit   readdirp: [ '5.1.1' ],
580 silly audit   'reflect.getprototypeof': [ '1.0.10' ],
580 silly audit   'regexp.prototype.flags': [ '1.5.4' ],
580 silly audit   remeda: [ '2.33.4' ],
580 silly audit   'require-from-string': [ '2.0.2' ],
580 silly audit   resolve: [ '2.0.0-next.7' ],
580 silly audit   'resolve-from': [ '4.0.0' ],
580 silly audit   'resolve-pkg-maps': [ '1.0.0' ],
580 silly audit   ret: [ '0.5.0' ],
580 silly audit   retry: [ '0.12.0' ],
580 silly audit   reusify: [ '1.1.0' ],
580 silly audit   'robust-predicates': [ '3.0.3' ],
580 silly audit   'run-parallel': [ '1.2.0' ],
580 silly audit   'safe-array-concat': [ '1.1.4' ],
580 silly audit   'safe-push-apply': [ '1.0.0' ],
580 silly audit   'safe-regex-test': [ '1.1.0' ],
580 silly audit   'safe-regex2': [ '5.1.1' ],
580 silly audit   'safer-buffer': [ '2.1.2' ],
580 silly audit   scheduler: [ '0.27.0' ],
580 silly audit   'seq-queue': [ '0.0.5' ],
580 silly audit   'set-function-length': [ '1.2.2' ],
580 silly audit   'set-function-name': [ '2.0.2' ],
580 silly audit   'set-proto': [ '1.0.0' ],
580 silly audit   sharp: [ '0.35.4' ],
580 silly audit   'shebang-command': [ '2.0.0' ],
580 silly audit   'shebang-regex': [ '3.0.0' ],
580 silly audit   'side-channel': [ '1.1.1' ],
580 silly audit   'side-channel-list': [ '1.0.1' ],
580 silly audit   'side-channel-map': [ '1.0.1' ],
580 silly audit   'side-channel-weakmap': [ '1.0.2' ],
580 silly audit   'source-map-js': [ '1.2.1' ],
580 silly audit   split2: [ '4.2.0' ],
580 silly audit   sqlstring: [ '2.3.3' ],
580 silly audit   'stable-hash': [ '0.0.5' ],
580 silly audit   'std-env': [ '3.10.0', '4.2.0' ],
580 silly audit   'stop-iteration-iterator': [ '1.1.0' ],
580 silly audit   'string.prototype.includes': [ '2.0.1' ],
580 silly audit   'string.prototype.matchall': [ '4.1.0' ],
580 silly audit   'string.prototype.repeat': [ '1.0.0' ],
580 silly audit   'string.prototype.trim': [ '1.2.11' ],
580 silly audit   'string.prototype.trimend': [ '1.0.10' ],
580 silly audit   'string.prototype.trimstart': [ '1.0.8' ],
580 silly audit   'strip-bom': [ '3.0.0' ],
580 silly audit   'strip-json-comments': [ '3.1.1' ],
580 silly audit   'styled-jsx': [ '5.1.6' ],
580 silly audit   'supports-color': [ '7.2.0' ],
580 silly audit   'supports-preserve-symlinks-flag': [ '1.0.0' ],
580 silly audit   tailwindcss: [ '4.3.3' ],
580 silly audit   tapable: [ '2.3.3' ],
580 silly audit   tinyglobby: [ '0.2.17' ],
580 silly audit   fdir: [ '6.5.0' ],
580 silly audit   'to-regex-range': [ '5.0.1' ],
580 silly audit   'ts-api-utils': [ '2.5.0' ],
580 silly audit   'tsconfig-paths': [ '3.15.0' ],
580 silly audit   tslib: [ '2.8.1' ],
580 silly audit   'type-check': [ '0.4.0' ],
580 silly audit   'typed-array-buffer': [ '1.0.3' ],
580 silly audit   'typed-array-byte-length': [ '1.0.3' ],
580 silly audit   'typed-array-byte-offset': [ '1.0.5' ],
580 silly audit   'typed-array-length': [ '1.0.8' ],
580 silly audit   typescript: [ '5.9.3' ],
580 silly audit   'typescript-eslint': [ '8.70.1' ],
580 silly audit   'unbox-primitive': [ '1.1.0' ],
580 silly audit   'undici-types': [ '6.21.0' ],
580 silly audit   'unrs-resolver': [ '1.12.2' ],
580 silly audit   'update-browserslist-db': [ '1.3.3' ],
580 silly audit   'uri-js': [ '4.4.1' ],
580 silly audit   uuid: [ '11.1.1' ],
580 silly audit   valibot: [ '1.4.2' ],
580 silly audit   which: [ '2.0.2' ],
580 silly audit   'which-boxed-primitive': [ '1.1.1' ],
580 silly audit   'which-builtin-type': [ '1.2.1' ],
580 silly audit   'which-collection': [ '1.0.2' ],
580 silly audit   'which-typed-array': [ '1.1.24' ],
580 silly audit   'word-wrap': [ '1.2.5' ],
580 silly audit   xtend: [ '4.0.2' ],
580 silly audit   'yocto-queue': [ '0.1.0' ],
580 silly audit   zeptomatch: [ '2.1.0' ],
580 silly audit   zod: [ '4.6.5' ],
580 silly audit   'zod-validation-error': [ '4.0.2' ],
580 silly audit   tsx: [ '4.23.15' ],
580 silly audit   vitest: [ '4.1.11' ],
580 silly audit   esbuild: [ '0.28.2' ],
580 silly audit   fsevents: [ '2.3.3' ],
580 silly audit   '@esbuild/aix-ppc64': [ '0.28.2' ],
580 silly audit   '@esbuild/android-arm': [ '0.28.2' ],
580 silly audit   '@esbuild/android-arm64': [ '0.28.2' ],
580 silly audit   '@esbuild/android-x64': [ '0.28.2' ],
580 silly audit   '@esbuild/darwin-arm64': [ '0.28.2' ],
580 silly audit   '@esbuild/darwin-x64': [ '0.28.2' ],
580 silly audit   '@esbuild/freebsd-arm64': [ '0.28.2' ],
580 silly audit   '@esbuild/freebsd-x64': [ '0.28.2' ],
580 silly audit   '@esbuild/linux-arm': [ '0.28.2' ],
580 silly audit   '@esbuild/linux-arm64': [ '0.28.2' ],
580 silly audit   '@esbuild/linux-ia32': [ '0.28.2' ],
580 silly audit   '@esbuild/linux-loong64': [ '0.28.2' ],
580 silly audit   '@esbuild/linux-mips64el': [ '0.28.2' ],
580 silly audit   '@esbuild/linux-ppc64': [ '0.28.2' ],
580 silly audit   '@esbuild/linux-riscv64': [ '0.28.2' ],
580 silly audit   '@esbuild/linux-s390x': [ '0.28.2' ],
580 silly audit   '@esbuild/linux-x64': [ '0.28.2' ],
580 silly audit   '@esbuild/netbsd-arm64': [ '0.28.2' ],
580 silly audit   '@esbuild/netbsd-x64': [ '0.28.2' ],
580 silly audit   '@esbuild/openbsd-arm64': [ '0.28.2' ],
580 silly audit   '@esbuild/openbsd-x64': [ '0.28.2' ],
580 silly audit   '@esbuild/openharmony-arm64': [ '0.28.2' ],
580 silly audit   '@esbuild/sunos-x64': [ '0.28.2' ],
580 silly audit   '@esbuild/win32-arm64': [ '0.28.2' ],
580 silly audit   '@esbuild/win32-ia32': [ '0.28.2' ],
580 silly audit   '@esbuild/win32-x64': [ '0.28.2' ],
580 silly audit   '@vitest/expect': [ '4.1.11' ],
580 silly audit   '@vitest/mocker': [ '4.1.11' ],
580 silly audit   '@vitest/pretty-format': [ '4.1.11' ],
580 silly audit   '@vitest/runner': [ '4.1.11' ],
580 silly audit   '@vitest/snapshot': [ '4.1.11' ],
580 silly audit   '@vitest/spy': [ '4.1.11' ],
580 silly audit   '@vitest/utils': [ '4.1.11' ],
580 silly audit   'es-module-lexer': [ '2.3.2' ],
580 silly audit   'expect-type': [ '1.4.0' ],
580 silly audit   obug: [ '2.2.1' ],
580 silly audit   tinybench: [ '2.9.0' ],
580 silly audit   tinyexec: [ '1.3.1' ],
580 silly audit   tinyrainbow: [ '3.1.1' ],
580 silly audit   vite: [ '8.3.0' ],
580 silly audit   'why-is-node-running': [ '2.3.0' ],
580 silly audit   '@types/chai': [ '5.2.3' ],
580 silly audit   chai: [ '6.2.2' ],
580 silly audit   '@types/deep-eql': [ '4.0.2' ],
580 silly audit   'assertion-error': [ '2.0.1' ],
580 silly audit   'estree-walker': [ '3.0.3' ],
580 silly audit   rolldown: [ '1.2.9' ],
580 silly audit   '@oxc-project/types': [ '0.150.0' ],
580 silly audit   '@rolldown/binding-android-arm-eabi': [ '1.2.9' ],
580 silly audit   '@rolldown/binding-android-arm64': [ '1.2.9' ],
580 silly audit   '@rolldown/binding-darwin-arm64': [ '1.2.9' ],
580 silly audit   '@rolldown/binding-darwin-x64': [ '1.2.9' ],
580 silly audit   '@rolldown/binding-freebsd-x64': [ '1.2.9' ],
580 silly audit   '@rolldown/binding-linux-arm-gnueabihf': [ '1.2.9' ],
580 silly audit   '@rolldown/binding-linux-arm64-gnu': [ '1.2.9' ],
580 silly audit   '@rolldown/binding-linux-arm64-musl': [ '1.2.9' ],
580 silly audit   '@rolldown/binding-linux-ppc64-gnu': [ '1.2.9' ],
580 silly audit   '@rolldown/binding-linux-s390x-gnu': [ '1.2.9' ],
580 silly audit   '@rolldown/binding-linux-x64-gnu': [ '1.2.9' ],
580 silly audit   '@rolldown/binding-linux-x64-musl': [ '1.2.9' ],
580 silly audit   '@rolldown/binding-openharmony-arm64': [ '1.2.9' ],
580 silly audit   '@rolldown/binding-win32-arm64-msvc': [ '1.2.9' ],
580 silly audit   '@rolldown/binding-win32-x64-msvc': [ '1.2.9' ],
580 silly audit   '@rolldown/pluginutils': [ '1.0.1' ],
580 silly audit   siginfo: [ '2.0.0' ],
580 silly audit   stackback: [ '0.0.2' ]
580 silly audit }
581 http cache stackback@https://registry.npmjs.org/stackback/-/stackback-0.0.2.tgz 0ms (cache hit)
582 http cache siginfo@https://registry.npmjs.org/siginfo/-/siginfo-2.0.0.tgz 0ms (cache hit)
583 http cache @rolldown/pluginutils@https://registry.npmjs.org/@rolldown/pluginutils/-/pluginutils-1.0.1.tgz 0ms (cache hit)
584 http cache @oxc-project/types@https://registry.npmjs.org/@oxc-project/types/-/types-0.150.0.tgz 0ms (cache hit)
585 http cache @rolldown/binding-win32-x64-msvc@https://registry.npmjs.org/@rolldown/binding-win32-x64-msvc/-/binding-win32-x64-msvc-1.2.9.tgz 0ms (cache hit)
586 http cache rolldown@https://registry.npmjs.org/rolldown/-/rolldown-1.2.9.tgz 0ms (cache hit)
587 http cache @types/deep-eql@https://registry.npmjs.org/@types/deep-eql/-/deep-eql-4.0.2.tgz 1ms (cache hit)
588 http cache @types/chai@https://registry.npmjs.org/@types/chai/-/chai-5.2.3.tgz 0ms (cache hit)
589 http cache assertion-error@https://registry.npmjs.org/assertion-error/-/assertion-error-2.0.1.tgz 0ms (cache hit)
590 http cache estree-walker@https://registry.npmjs.org/estree-walker/-/estree-walker-3.0.3.tgz 1ms (cache hit)
591 http cache chai@https://registry.npmjs.org/chai/-/chai-6.2.2.tgz 0ms (cache hit)
592 http cache why-is-node-running@https://registry.npmjs.org/why-is-node-running/-/why-is-node-running-2.3.0.tgz 0ms (cache hit)
593 http cache vite@https://registry.npmjs.org/vite/-/vite-8.3.0.tgz 0ms (cache hit)
594 http cache tinyrainbow@https://registry.npmjs.org/tinyrainbow/-/tinyrainbow-3.1.1.tgz 0ms (cache hit)
595 http cache tinyexec@https://registry.npmjs.org/tinyexec/-/tinyexec-1.3.1.tgz 0ms (cache hit)
596 http cache obug@https://registry.npmjs.org/obug/-/obug-2.2.1.tgz 0ms (cache hit)
597 http cache tinybench@https://registry.npmjs.org/tinybench/-/tinybench-2.9.0.tgz 0ms (cache hit)
598 http cache expect-type@https://registry.npmjs.org/expect-type/-/expect-type-1.4.0.tgz 0ms (cache hit)
599 http cache @vitest/utils@https://registry.npmjs.org/@vitest/utils/-/utils-4.1.11.tgz 0ms (cache hit)
600 http cache es-module-lexer@https://registry.npmjs.org/es-module-lexer/-/es-module-lexer-2.3.2.tgz 0ms (cache hit)
601 http cache @vitest/spy@https://registry.npmjs.org/@vitest/spy/-/spy-4.1.11.tgz 0ms (cache hit)
602 http cache @vitest/snapshot@https://registry.npmjs.org/@vitest/snapshot/-/snapshot-4.1.11.tgz 0ms (cache hit)
603 http cache @vitest/runner@https://registry.npmjs.org/@vitest/runner/-/runner-4.1.11.tgz 0ms (cache hit)
604 http cache esbuild@https://registry.npmjs.org/esbuild/-/esbuild-0.28.2.tgz 0ms (cache hit)
605 http cache @vitest/pretty-format@https://registry.npmjs.org/@vitest/pretty-format/-/pretty-format-4.1.11.tgz 0ms (cache hit)
606 http cache @esbuild/win32-x64@https://registry.npmjs.org/@esbuild/win32-x64/-/win32-x64-0.28.2.tgz 0ms (cache hit)
607 http cache @vitest/mocker@https://registry.npmjs.org/@vitest/mocker/-/mocker-4.1.11.tgz 0ms (cache hit)
608 http cache @vitest/expect@https://registry.npmjs.org/@vitest/expect/-/expect-4.1.11.tgz 0ms (cache hit)
609 http cache vitest@https://registry.npmjs.org/vitest/-/vitest-4.1.11.tgz 0ms (cache hit)
610 http cache picomatch@https://registry.npmjs.org/picomatch/-/picomatch-4.0.7.tgz 0ms (cache hit)
611 http cache picomatch@https://registry.npmjs.org/picomatch/-/picomatch-4.0.7.tgz 0ms (cache hit)
612 http cache std-env@https://registry.npmjs.org/std-env/-/std-env-4.2.0.tgz 0ms (cache hit)
613 http cache tsx@https://registry.npmjs.org/tsx/-/tsx-4.23.15.tgz 0ms (cache hit)
614 silly tarball no local data for stackback@https://registry.npmjs.org/stackback/-/stackback-0.0.2.tgz. Extracting by manifest.
615 silly tarball no local data for siginfo@https://registry.npmjs.org/siginfo/-/siginfo-2.0.0.tgz. Extracting by manifest.
616 silly tarball no local data for @rolldown/pluginutils@https://registry.npmjs.org/@rolldown/pluginutils/-/pluginutils-1.0.1.tgz. Extracting by manifest.
617 silly tarball no local data for @oxc-project/types@https://registry.npmjs.org/@oxc-project/types/-/types-0.150.0.tgz. Extracting by manifest.
618 http cache lightningcss-win32-x64-msvc@https://registry.npmjs.org/lightningcss-win32-x64-msvc/-/lightningcss-win32-x64-msvc-1.33.0.tgz 0ms (cache hit)
619 silly tarball no local data for @rolldown/binding-win32-x64-msvc@https://registry.npmjs.org/@rolldown/binding-win32-x64-msvc/-/binding-win32-x64-msvc-1.2.9.tgz. Extracting by manifest.
620 http cache lightningcss@https://registry.npmjs.org/lightningcss/-/lightningcss-1.33.0.tgz 0ms (cache hit)
621 silly tarball no local data for rolldown@https://registry.npmjs.org/rolldown/-/rolldown-1.2.9.tgz. Extracting by manifest.
622 silly tarball no local data for @types/deep-eql@https://registry.npmjs.org/@types/deep-eql/-/deep-eql-4.0.2.tgz. Extracting by manifest.
623 silly tarball no local data for @types/chai@https://registry.npmjs.org/@types/chai/-/chai-5.2.3.tgz. Extracting by manifest.
624 silly tarball no local data for assertion-error@https://registry.npmjs.org/assertion-error/-/assertion-error-2.0.1.tgz. Extracting by manifest.
625 silly tarball no local data for estree-walker@https://registry.npmjs.org/estree-walker/-/estree-walker-3.0.3.tgz. Extracting by manifest.
626 silly tarball no local data for chai@https://registry.npmjs.org/chai/-/chai-6.2.2.tgz. Extracting by manifest.
627 silly tarball no local data for why-is-node-running@https://registry.npmjs.org/why-is-node-running/-/why-is-node-running-2.3.0.tgz. Extracting by manifest.
628 silly tarball no local data for vite@https://registry.npmjs.org/vite/-/vite-8.3.0.tgz. Extracting by manifest.
629 silly tarball no local data for tinyrainbow@https://registry.npmjs.org/tinyrainbow/-/tinyrainbow-3.1.1.tgz. Extracting by manifest.
630 silly tarball no local data for tinyexec@https://registry.npmjs.org/tinyexec/-/tinyexec-1.3.1.tgz. Extracting by manifest.
631 silly tarball no local data for obug@https://registry.npmjs.org/obug/-/obug-2.2.1.tgz. Extracting by manifest.
632 silly tarball no local data for tinybench@https://registry.npmjs.org/tinybench/-/tinybench-2.9.0.tgz. Extracting by manifest.
633 silly tarball no local data for expect-type@https://registry.npmjs.org/expect-type/-/expect-type-1.4.0.tgz. Extracting by manifest.
634 silly tarball no local data for @vitest/utils@https://registry.npmjs.org/@vitest/utils/-/utils-4.1.11.tgz. Extracting by manifest.
635 silly tarball no local data for es-module-lexer@https://registry.npmjs.org/es-module-lexer/-/es-module-lexer-2.3.2.tgz. Extracting by manifest.
636 silly tarball no local data for @vitest/spy@https://registry.npmjs.org/@vitest/spy/-/spy-4.1.11.tgz. Extracting by manifest.
637 silly tarball no local data for @vitest/snapshot@https://registry.npmjs.org/@vitest/snapshot/-/snapshot-4.1.11.tgz. Extracting by manifest.
638 silly tarball no local data for @vitest/runner@https://registry.npmjs.org/@vitest/runner/-/runner-4.1.11.tgz. Extracting by manifest.
639 silly tarball no local data for esbuild@https://registry.npmjs.org/esbuild/-/esbuild-0.28.2.tgz. Extracting by manifest.
640 silly tarball no local data for @vitest/pretty-format@https://registry.npmjs.org/@vitest/pretty-format/-/pretty-format-4.1.11.tgz. Extracting by manifest.
641 silly tarball no local data for @esbuild/win32-x64@https://registry.npmjs.org/@esbuild/win32-x64/-/win32-x64-0.28.2.tgz. Extracting by manifest.
642 silly tarball no local data for @vitest/mocker@https://registry.npmjs.org/@vitest/mocker/-/mocker-4.1.11.tgz. Extracting by manifest.
643 silly tarball no local data for @vitest/expect@https://registry.npmjs.org/@vitest/expect/-/expect-4.1.11.tgz. Extracting by manifest.
644 silly tarball no local data for vitest@https://registry.npmjs.org/vitest/-/vitest-4.1.11.tgz. Extracting by manifest.
645 silly tarball no local data for picomatch@https://registry.npmjs.org/picomatch/-/picomatch-4.0.7.tgz. Extracting by manifest.
646 silly tarball no local data for picomatch@https://registry.npmjs.org/picomatch/-/picomatch-4.0.7.tgz. Extracting by manifest.
647 silly tarball no local data for std-env@https://registry.npmjs.org/std-env/-/std-env-4.2.0.tgz. Extracting by manifest.
648 silly tarball no local data for tsx@https://registry.npmjs.org/tsx/-/tsx-4.23.15.tgz. Extracting by manifest.
649 silly tarball no local data for lightningcss-win32-x64-msvc@https://registry.npmjs.org/lightningcss-win32-x64-msvc/-/lightningcss-win32-x64-msvc-1.33.0.tgz. Extracting by manifest.
650 silly tarball no local data for lightningcss@https://registry.npmjs.org/lightningcss/-/lightningcss-1.33.0.tgz. Extracting by manifest.
651 http fetch GET 200 https://registry.npmjs.org/stackback/-/stackback-0.0.2.tgz 274ms (cache miss)
652 http fetch GET 200 https://registry.npmjs.org/@rolldown/pluginutils/-/pluginutils-1.0.1.tgz 276ms (cache miss)
653 http fetch GET 200 https://registry.npmjs.org/@oxc-project/types/-/types-0.150.0.tgz 302ms (cache miss)
654 http fetch GET 200 https://registry.npmjs.org/siginfo/-/siginfo-2.0.0.tgz 322ms (cache miss)
655 http fetch POST 200 https://registry.npmjs.org/-/npm/v1/security/advisories/bulk 791ms
656 silly audit report {
656 silly audit report   'deepmerge-ts': [
656 silly audit report     {
656 silly audit report       id: 1145093,
656 silly audit report       url: 'https://github.com/advisories/GHSA-ggr8-5vv4-36mx',
656 silly audit report       title: 'DeepmergeTS has stack exhaustion when merging recursive object graphs',
656 silly audit report       severity: 'high',
656 silly audit report       vulnerable_versions: '<8.0.0',
656 silly audit report       cwe: [Array],
656 silly audit report       cvss: [Object]
656 silly audit report     }
656 silly audit report   ],
656 silly audit report   mysql2: [
656 silly audit report     {
656 silly audit report       id: 1158532,
656 silly audit report       url: 'https://github.com/advisories/GHSA-rgwj-5xj2-c3m3',
656 silly audit report       title: 'MySQL2: Unbounded zlib inflate in compressed MySQL protocol handler allows decompression-bomb DoS',
656 silly audit report       severity: 'moderate',
656 silly audit report       vulnerable_versions: '<=3.23.0',
656 silly audit report       cwe: [Array],
656 silly audit report       cvss: [Object]
656 silly audit report     },
656 silly audit report     {
656 silly audit report       id: 1153173,
656 silly audit report       url: 'https://github.com/advisories/GHSA-3f6p-5ww8-9rcr',
656 silly audit report       title: 'MySQL2: Auth Plugin Downgrade to mysql_clear_password Leaks Plaintext Credentials',
656 silly audit report       severity: 'high',
656 silly audit report       vulnerable_versions: '<3.22.0',
656 silly audit report       cwe: [Array],
656 silly audit report       cvss: [Object]
656 silly audit report     }
656 silly audit report   ]
656 silly audit report }
657 silly packumentCache corgi:https://registry.npmjs.org/deepmerge-ts cache-miss
658 silly packumentCache corgi:https://registry.npmjs.org/mysql2 cache-miss
659 http fetch GET 200 https://registry.npmjs.org/tinyexec/-/tinyexec-1.3.1.tgz 778ms (cache miss)
660 http cache https://registry.npmjs.org/deepmerge-ts 27ms (cache hit)
661 silly packumentCache corgi:https://registry.npmjs.org/deepmerge-ts set size:183304 disposed:false
662 http cache https://registry.npmjs.org/mysql2 35ms (cache hit)
663 silly packumentCache corgi:https://registry.npmjs.org/mysql2 set size:428140 disposed:false
664 silly packumentCache corgi:https://registry.npmjs.org/@prisma%2fconfig cache-miss
665 http cache https://registry.npmjs.org/@prisma%2fconfig 21ms (cache hit)
666 silly packumentCache corgi:https://registry.npmjs.org/@prisma%2fconfig set size:1521110 disposed:false
667 silly packumentCache corgi:https://registry.npmjs.org/prisma cache-miss
668 http fetch GET 200 https://registry.npmjs.org/tinybench/-/tinybench-2.9.0.tgz 992ms (cache miss)
669 http cache https://registry.npmjs.org/prisma 232ms (cache hit)
670 silly packumentCache corgi:https://registry.npmjs.org/prisma set size:23161098 disposed:false
671 silly packumentCache corgi:https://registry.npmjs.org/@prisma%2fclient cache-miss
672 http cache https://registry.npmjs.org/@prisma%2fclient 341ms (cache hit)
673 silly packumentCache corgi:https://registry.npmjs.org/@prisma%2fclient set size:38170473 disposed:false
674 http fetch GET 200 https://registry.npmjs.org/@vitest/spy/-/spy-4.1.11.tgz 3442ms (cache miss)
675 http fetch GET 200 https://registry.npmjs.org/rolldown/-/rolldown-1.2.9.tgz 3520ms (cache miss)
676 http fetch GET 200 https://registry.npmjs.org/obug/-/obug-2.2.1.tgz 3633ms (cache miss)
677 http fetch GET 200 https://registry.npmjs.org/expect-type/-/expect-type-1.4.0.tgz 3813ms (cache miss)
678 http fetch GET 200 https://registry.npmjs.org/@types/deep-eql/-/deep-eql-4.0.2.tgz 4315ms (cache miss)
679 http fetch GET 200 https://registry.npmjs.org/assertion-error/-/assertion-error-2.0.1.tgz 4336ms (cache miss)
680 http fetch GET 200 https://registry.npmjs.org/estree-walker/-/estree-walker-3.0.3.tgz 5081ms (cache miss)
681 http fetch GET 200 https://registry.npmjs.org/@types/chai/-/chai-5.2.3.tgz 5224ms (cache miss)
682 http fetch GET 200 https://registry.npmjs.org/why-is-node-running/-/why-is-node-running-2.3.0.tgz 5381ms (cache miss)
683 http fetch GET 200 https://registry.npmjs.org/tinyrainbow/-/tinyrainbow-3.1.1.tgz 5389ms (cache miss)
684 http fetch GET 200 https://registry.npmjs.org/es-module-lexer/-/es-module-lexer-2.3.2.tgz 5488ms (cache miss)
685 http fetch GET 200 https://registry.npmjs.org/@vitest/snapshot/-/snapshot-4.1.11.tgz 5898ms (cache miss)
686 http fetch GET 200 https://registry.npmjs.org/@vitest/utils/-/utils-4.1.11.tgz 5907ms (cache miss)
687 http fetch GET 200 https://registry.npmjs.org/@vitest/pretty-format/-/pretty-format-4.1.11.tgz 5905ms (cache miss)
688 http fetch GET 200 https://registry.npmjs.org/chai/-/chai-6.2.2.tgz 6259ms (cache miss)
689 http fetch GET 200 https://registry.npmjs.org/std-env/-/std-env-4.2.0.tgz 6780ms (cache miss)
690 http fetch GET 200 https://registry.npmjs.org/picomatch/-/picomatch-4.0.7.tgz 7111ms (cache miss)
691 http fetch GET 200 https://registry.npmjs.org/esbuild/-/esbuild-0.28.2.tgz 7613ms (cache miss)
692 http fetch GET 200 https://registry.npmjs.org/@vitest/expect/-/expect-4.1.11.tgz 9728ms (cache miss)
693 http fetch GET 200 https://registry.npmjs.org/picomatch/-/picomatch-4.0.7.tgz 9747ms (cache miss)
694 http fetch GET 200 https://registry.npmjs.org/@vitest/runner/-/runner-4.1.11.tgz 9848ms (cache miss)
695 http fetch GET 200 https://registry.npmjs.org/lightningcss/-/lightningcss-1.33.0.tgz 11822ms (cache miss)
696 http fetch GET 200 https://registry.npmjs.org/@vitest/mocker/-/mocker-4.1.11.tgz 11944ms (cache miss)
697 http fetch GET 200 https://registry.npmjs.org/tsx/-/tsx-4.23.15.tgz 12881ms (cache miss)
698 http fetch GET 200 https://registry.npmjs.org/vitest/-/vitest-4.1.11.tgz 18885ms (cache miss)
699 http fetch GET 200 https://registry.npmjs.org/vite/-/vite-8.3.0.tgz 22329ms (cache miss)
700 http fetch GET 200 https://registry.npmjs.org/lightningcss-win32-x64-msvc/-/lightningcss-win32-x64-msvc-1.33.0.tgz 42817ms (cache miss)
701 http fetch GET 200 https://registry.npmjs.org/@rolldown/binding-win32-x64-msvc/-/binding-win32-x64-msvc-1.2.9.tgz 53007ms (cache miss)
702 http fetch GET 200 https://registry.npmjs.org/@esbuild/win32-x64/-/win32-x64-0.28.2.tgz 57571ms (cache miss)
703 info run esbuild@0.28.2 postinstall node_modules/esbuild node install.js
704 info run esbuild@0.28.2 postinstall { code: 0, signal: null }
705 silly ADD node_modules/stackback
706 silly ADD node_modules/siginfo
707 silly ADD node_modules/@rolldown/pluginutils
708 silly ADD node_modules/@rolldown/binding-win32-x64-msvc
709 silly ADD node_modules/@oxc-project/types
710 silly ADD node_modules/rolldown
711 silly ADD node_modules/estree-walker
712 silly ADD node_modules/assertion-error
713 silly ADD node_modules/@types/deep-eql
714 silly ADD node_modules/chai
715 silly ADD node_modules/@types/chai
716 silly ADD node_modules/why-is-node-running
717 silly ADD node_modules/vite
718 silly ADD node_modules/vite/node_modules/lightningcss-win32-x64-msvc
719 silly ADD node_modules/vite/node_modules/picomatch
720 silly ADD node_modules/vite/node_modules/lightningcss
721 silly ADD node_modules/tinyrainbow
722 silly ADD node_modules/tinyexec
723 silly ADD node_modules/tinybench
724 silly ADD node_modules/obug
725 silly ADD node_modules/expect-type
726 silly ADD node_modules/es-module-lexer
727 silly ADD node_modules/@vitest/utils
728 silly ADD node_modules/@vitest/spy
729 silly ADD node_modules/@vitest/snapshot
730 silly ADD node_modules/@vitest/runner
731 silly ADD node_modules/@vitest/pretty-format
732 silly ADD node_modules/@vitest/mocker
733 silly ADD node_modules/@vitest/expect
734 silly ADD node_modules/@esbuild/win32-x64
735 silly ADD node_modules/esbuild
736 silly ADD node_modules/vitest
737 silly ADD node_modules/vitest/node_modules/std-env
738 silly ADD node_modules/vitest/node_modules/picomatch
739 silly ADD node_modules/tsx
740 verbose cwd C:\Users\Admin\Desktop\nexaservice
741 verbose os Windows_NT 10.0.26200
742 verbose node v25.9.0
743 verbose npm  v11.12.1
744 verbose exit 0
745 info ok
