0 verbose cli C:\Program Files\nodejs\node.exe C:\Program Files\nodejs\node_modules\npm\bin\npm-cli.js
1 info using npm@11.12.1
2 info using node@v25.9.0
3 silly config load:file:C:\Program Files\nodejs\node_modules\npm\npmrc
4 silly config load:file:C:\Users\Admin\Desktop\nexaservice\.npmrc
5 silly config load:file:C:\Users\Admin\.npmrc
6 silly config load:file:C:\Users\Admin\AppData\Roaming\npm\etc\npmrc
7 verbose title npm audit
8 verbose argv "audit" "--json" "--cache" ".npm-cache" "--fetch-retries" "1" "--fetch-timeout" "30000"
9 verbose logfile logs-max:10 dir:C:\Users\Admin\Desktop\nexaservice\.npm-cache\_logs\2026-09-23T11_35_12_840Z-
10 verbose logfile C:\Users\Admin\Desktop\nexaservice\.npm-cache\_logs\2026-09-23T11_35_12_840Z-debug-0.log
11 silly logfile done cleaning log files
12 silly packumentCache heap:2348810240 maxSize:587202560 maxEntrySize:293601280
13 silly audit bulk request {
13 silly audit   '@alloc/quick-lru': [ '5.3.0' ],
13 silly audit   '@babel/code-frame': [ '7.29.7' ],
13 silly audit   '@babel/compat-data': [ '7.29.7' ],
13 silly audit   '@babel/core': [ '7.29.7' ],
13 silly audit   '@babel/generator': [ '7.29.8' ],
13 silly audit   '@babel/helper-compilation-targets': [ '7.29.7' ],
13 silly audit   '@babel/helper-globals': [ '7.29.7' ],
13 silly audit   '@babel/helper-module-imports': [ '7.29.7' ],
13 silly audit   '@babel/helper-module-transforms': [ '7.29.7' ],
13 silly audit   '@babel/helper-string-parser': [ '7.29.7' ],
13 silly audit   '@babel/helper-validator-identifier': [ '7.29.7' ],
13 silly audit   '@babel/helper-validator-option': [ '7.29.7' ],
13 silly audit   '@babel/helpers': [ '7.29.7' ],
13 silly audit   '@babel/parser': [ '7.29.9' ],
13 silly audit   '@babel/runtime': [ '7.29.7' ],
13 silly audit   '@babel/template': [ '7.29.7' ],
13 silly audit   '@babel/traverse': [ '7.29.8' ],
13 silly audit   '@babel/types': [ '7.29.8' ],
13 silly audit   '@electric-sql/pglite': [ '0.4.3' ],
13 silly audit   '@electric-sql/pglite-socket': [ '0.1.3' ],
13 silly audit   '@electric-sql/pglite-tools': [ '0.3.3' ],
13 silly audit   '@emnapi/core': [ '1.10.0' ],
13 silly audit   '@emnapi/runtime': [ '1.11.3', '1.10.0' ],
13 silly audit   '@emnapi/wasi-threads': [ '1.2.1' ],
13 silly audit   '@esbuild/aix-ppc64': [ '0.28.2' ],
13 silly audit   '@esbuild/android-arm': [ '0.28.2' ],
13 silly audit   '@esbuild/android-arm64': [ '0.28.2' ],
13 silly audit   '@esbuild/android-x64': [ '0.28.2' ],
13 silly audit   '@esbuild/darwin-arm64': [ '0.28.2' ],
13 silly audit   '@esbuild/darwin-x64': [ '0.28.2' ],
13 silly audit   '@esbuild/freebsd-arm64': [ '0.28.2' ],
13 silly audit   '@esbuild/freebsd-x64': [ '0.28.2' ],
13 silly audit   '@esbuild/linux-arm': [ '0.28.2' ],
13 silly audit   '@esbuild/linux-arm64': [ '0.28.2' ],
13 silly audit   '@esbuild/linux-ia32': [ '0.28.2' ],
13 silly audit   '@esbuild/linux-loong64': [ '0.28.2' ],
13 silly audit   '@esbuild/linux-mips64el': [ '0.28.2' ],
13 silly audit   '@esbuild/linux-ppc64': [ '0.28.2' ],
13 silly audit   '@esbuild/linux-riscv64': [ '0.28.2' ],
13 silly audit   '@esbuild/linux-s390x': [ '0.28.2' ],
13 silly audit   '@esbuild/linux-x64': [ '0.28.2' ],
13 silly audit   '@esbuild/netbsd-arm64': [ '0.28.2' ],
13 silly audit   '@esbuild/netbsd-x64': [ '0.28.2' ],
13 silly audit   '@esbuild/openbsd-arm64': [ '0.28.2' ],
13 silly audit   '@esbuild/openbsd-x64': [ '0.28.2' ],
13 silly audit   '@esbuild/openharmony-arm64': [ '0.28.2' ],
13 silly audit   '@esbuild/sunos-x64': [ '0.28.2' ],
13 silly audit   '@esbuild/win32-arm64': [ '0.28.2' ],
13 silly audit   '@esbuild/win32-ia32': [ '0.28.2' ],
13 silly audit   '@esbuild/win32-x64': [ '0.28.2' ],
13 silly audit   '@eslint-community/eslint-utils': [ '4.10.1', '4.9.1' ],
13 silly audit   'eslint-visitor-keys': [ '3.4.3', '5.0.1', '4.2.1' ],
13 silly audit   '@eslint-community/regexpp': [ '4.12.2' ],
13 silly audit   '@eslint/config-array': [ '0.21.2' ],
13 silly audit   '@eslint/config-helpers': [ '0.4.2' ],
13 silly audit   '@eslint/core': [ '0.17.0' ],
13 silly audit   '@eslint/eslintrc': [ '3.3.7' ],
13 silly audit   '@eslint/js': [ '9.39.5' ],
13 silly audit   '@eslint/object-schema': [ '2.1.7' ],
13 silly audit   '@eslint/plugin-kit': [ '0.4.1' ],
13 silly audit   '@humanfs/core': [ '0.19.2' ],
13 silly audit   '@humanfs/node': [ '0.16.8' ],
13 silly audit   '@humanfs/types': [ '0.15.0' ],
13 silly audit   '@humanwhocodes/module-importer': [ '1.0.1' ],
13 silly audit   '@humanwhocodes/retry': [ '0.4.3' ],
13 silly audit   '@img/colour': [ '1.1.0' ],
13 silly audit   '@img/sharp-darwin-arm64': [ '0.35.4' ],
13 silly audit   '@img/sharp-darwin-x64': [ '0.35.4' ],
13 silly audit   '@img/sharp-freebsd-wasm32': [ '0.35.4' ],
13 silly audit   '@img/sharp-libvips-darwin-arm64': [ '1.3.3' ],
13 silly audit   '@img/sharp-libvips-darwin-x64': [ '1.3.3' ],
13 silly audit   '@img/sharp-libvips-linux-arm': [ '1.3.3' ],
13 silly audit   '@img/sharp-libvips-linux-arm64': [ '1.3.3' ],
13 silly audit   '@img/sharp-libvips-linux-ppc64': [ '1.3.3' ],
13 silly audit   '@img/sharp-libvips-linux-riscv64': [ '1.3.3' ],
13 silly audit   '@img/sharp-libvips-linux-s390x': [ '1.3.3' ],
13 silly audit   '@img/sharp-libvips-linux-x64': [ '1.3.3' ],
13 silly audit   '@img/sharp-libvips-linuxmusl-arm64': [ '1.3.3' ],
13 silly audit   '@img/sharp-libvips-linuxmusl-x64': [ '1.3.3' ],
13 silly audit   '@img/sharp-linux-arm': [ '0.35.4' ],
13 silly audit   '@img/sharp-linux-arm64': [ '0.35.4' ],
13 silly audit   '@img/sharp-linux-ppc64': [ '0.35.4' ],
13 silly audit   '@img/sharp-linux-riscv64': [ '0.35.4' ],
13 silly audit   '@img/sharp-linux-s390x': [ '0.35.4' ],
13 silly audit   '@img/sharp-linux-x64': [ '0.35.4' ],
13 silly audit   '@img/sharp-linuxmusl-arm64': [ '0.35.4' ],
13 silly audit   '@img/sharp-linuxmusl-x64': [ '0.35.4' ],
13 silly audit   '@img/sharp-wasm32': [ '0.35.4' ],
13 silly audit   '@img/sharp-webcontainers-wasm32': [ '0.35.4' ],
13 silly audit   '@img/sharp-win32-arm64': [ '0.35.4' ],
13 silly audit   '@img/sharp-win32-ia32': [ '0.35.4' ],
13 silly audit   '@img/sharp-win32-x64': [ '0.35.4' ],
13 silly audit   '@jridgewell/gen-mapping': [ '0.3.13' ],
13 silly audit   '@jridgewell/remapping': [ '2.3.5' ],
13 silly audit   '@jridgewell/resolve-uri': [ '3.1.2' ],
13 silly audit   '@jridgewell/sourcemap-codec': [ '1.6.0' ],
13 silly audit   '@jridgewell/trace-mapping': [ '0.3.31' ],
13 silly audit   '@napi-rs/wasm-runtime': [ '1.2.4' ],
13 silly audit   '@next/env': [ '16.3.6' ],
13 silly audit   '@next/eslint-plugin-next': [ '16.3.6' ],
13 silly audit   '@next/swc-darwin-arm64': [ '16.3.6' ],
13 silly audit   '@next/swc-darwin-x64': [ '16.3.6' ],
13 silly audit   '@next/swc-linux-arm64-gnu': [ '16.3.6' ],
13 silly audit   '@next/swc-linux-arm64-musl': [ '16.3.6' ],
13 silly audit   '@next/swc-linux-x64-gnu': [ '16.3.6' ],
13 silly audit   '@next/swc-linux-x64-musl': [ '16.3.6' ],
13 silly audit   '@next/swc-win32-arm64-msvc': [ '16.3.6' ],
13 silly audit   '@next/swc-win32-x64-msvc': [ '16.3.6' ],
13 silly audit   '@nodelib/fs.scandir': [ '2.1.5' ],
13 silly audit   '@nodelib/fs.stat': [ '2.0.5' ],
13 silly audit   '@nodelib/fs.walk': [ '1.2.8' ],
13 silly audit   '@nolyfill/is-core-module': [ '1.0.39' ],
13 silly audit   '@oxc-project/types': [ '0.150.0' ],
13 silly audit   '@panva/hkdf': [ '1.2.1' ],
13 silly audit   '@prisma/adapter-pg': [ '7.10.0' ],
13 silly audit   '@prisma/client': [ '7.10.0' ],
13 silly audit   '@prisma/client-runtime-utils': [ '7.10.0' ],
13 silly audit   '@prisma/config': [ '7.10.0' ],
13 silly audit   '@prisma/debug': [ '7.10.0', '7.2.0' ],
13 silly audit   '@prisma/dev': [ '0.24.17' ],
13 silly audit   '@prisma/driver-adapter-utils': [ '7.10.0' ],
13 silly audit   '@prisma/engines': [ '7.10.0' ],
13 silly audit   '@prisma/engines-version': [ '7.10.0-4.0edf323efd1d98336f3f0a68684b56f689b900d3' ],
13 silly audit   '@prisma/get-platform': [ '7.10.0', '7.2.0' ],
13 silly audit   '@prisma/fetch-engine': [ '7.10.0' ],
13 silly audit   '@prisma/query-plan-executor': [ '7.2.0' ],
13 silly audit   '@prisma/streams-local': [ '0.1.11' ],
13 silly audit   ajv: [ '8.20.0', '6.15.0' ],
13 silly audit   'json-schema-traverse': [ '1.0.0', '0.4.1' ],
13 silly audit   '@prisma/studio-core': [ '0.33.0' ],
13 silly audit   '@radix-ui/primitive': [ '1.1.3' ],
13 silly audit   '@radix-ui/react-compose-refs': [ '1.1.2' ],
13 silly audit   '@radix-ui/react-primitive': [ '2.1.3' ],
13 silly audit   '@radix-ui/react-slot': [ '1.2.3' ],
13 silly audit   '@radix-ui/react-toggle': [ '1.1.10' ],
13 silly audit   '@radix-ui/react-use-controllable-state': [ '1.2.2' ],
13 silly audit   '@radix-ui/react-use-effect-event': [ '0.0.2' ],
13 silly audit   '@radix-ui/react-use-layout-effect': [ '1.1.1' ],
13 silly audit   '@rolldown/binding-android-arm-eabi': [ '1.2.9' ],
13 silly audit   '@rolldown/binding-android-arm64': [ '1.2.9' ],
13 silly audit   '@rolldown/binding-darwin-arm64': [ '1.2.9' ],
13 silly audit   '@rolldown/binding-darwin-x64': [ '1.2.9' ],
13 silly audit   '@rolldown/binding-freebsd-x64': [ '1.2.9' ],
13 silly audit   '@rolldown/binding-linux-arm-gnueabihf': [ '1.2.9' ],
13 silly audit   '@rolldown/binding-linux-arm64-gnu': [ '1.2.9' ],
13 silly audit   '@rolldown/binding-linux-arm64-musl': [ '1.2.9' ],
13 silly audit   '@rolldown/binding-linux-ppc64-gnu': [ '1.2.9' ],
13 silly audit   '@rolldown/binding-linux-s390x-gnu': [ '1.2.9' ],
13 silly audit   '@rolldown/binding-linux-x64-gnu': [ '1.2.9' ],
13 silly audit   '@rolldown/binding-linux-x64-musl': [ '1.2.9' ],
13 silly audit   '@rolldown/binding-openharmony-arm64': [ '1.2.9' ],
13 silly audit   '@rolldown/binding-win32-arm64-msvc': [ '1.2.9' ],
13 silly audit   '@rolldown/binding-win32-x64-msvc': [ '1.2.9' ],
13 silly audit   '@rolldown/pluginutils': [ '1.0.1' ],
13 silly audit   '@rtsao/scc': [ '1.1.0' ],
13 silly audit   '@standard-schema/spec': [ '1.1.0' ],
13 silly audit   '@swc/helpers': [ '0.5.23' ],
13 silly audit   '@tailwindcss/node': [ '4.3.3' ],
13 silly audit   '@tailwindcss/oxide': [ '4.3.3' ],
13 silly audit   '@tailwindcss/oxide-android-arm64': [ '4.3.3' ],
13 silly audit   '@tailwindcss/oxide-darwin-arm64': [ '4.3.3' ],
13 silly audit   '@tailwindcss/oxide-darwin-x64': [ '4.3.3' ],
13 silly audit   '@tailwindcss/oxide-freebsd-x64': [ '4.3.3' ],
13 silly audit   '@tailwindcss/oxide-linux-arm-gnueabihf': [ '4.3.3' ],
13 silly audit   '@tailwindcss/oxide-linux-arm64-gnu': [ '4.3.3' ],
13 silly audit   '@tailwindcss/oxide-linux-arm64-musl': [ '4.3.3' ],
13 silly audit   '@tailwindcss/oxide-linux-x64-gnu': [ '4.3.3' ],
13 silly audit   '@tailwindcss/oxide-linux-x64-musl': [ '4.3.3' ],
13 silly audit   '@tailwindcss/oxide-wasm32-wasi': [ '4.3.3' ],
13 silly audit   '@tailwindcss/oxide-win32-arm64-msvc': [ '4.3.3' ],
13 silly audit   '@tailwindcss/oxide-win32-x64-msvc': [ '4.3.3' ],
13 silly audit   '@tailwindcss/postcss': [ '4.3.3' ],
13 silly audit   '@tybys/wasm-util': [ '0.10.4' ],
13 silly audit   '@types/chai': [ '5.2.3' ],
13 silly audit   '@types/d3-array': [ '3.0.3' ],
13 silly audit   '@types/d3-color': [ '3.1.0' ],
13 silly audit   '@types/d3-delaunay': [ '6.0.1' ],
13 silly audit   '@types/d3-format': [ '3.0.1' ],
13 silly audit   '@types/d3-geo': [ '3.1.0' ],
13 silly audit   '@types/d3-interpolate': [ '3.0.1' ],
13 silly audit   '@types/d3-path': [ '3.1.1' ],
13 silly audit   '@types/d3-scale': [ '4.0.2' ],
13 silly audit   '@types/d3-shape': [ '3.1.7' ],
13 silly audit   '@types/d3-time': [ '3.0.0' ],
13 silly audit   '@types/d3-time-format': [ '2.1.0' ],
13 silly audit   '@types/deep-eql': [ '4.0.2' ],
13 silly audit   '@types/estree': [ '1.0.9' ],
13 silly audit   '@types/geojson': [ '7946.0.16' ],
13 silly audit   '@types/json-schema': [ '7.0.15' ],
13 silly audit   '@types/json5': [ '0.0.29' ],
13 silly audit   '@types/lodash': [ '4.17.25' ],
13 silly audit   '@types/node': [ '20.19.43' ],
13 silly audit   '@types/pg': [ '8.23.1' ],
13 silly audit   '@types/react': [ '19.3.0' ],
13 silly audit   '@types/react-dom': [ '19.3.0' ],
13 silly audit   '@typescript-eslint/eslint-plugin': [ '8.70.1' ],
13 silly audit   ignore: [ '7.0.10', '5.3.2' ],
13 silly audit   '@typescript-eslint/parser': [ '8.70.1' ],
13 silly audit   '@typescript-eslint/project-service': [ '8.70.1' ],
13 silly audit   '@typescript-eslint/scope-manager': [ '8.70.1' ],
13 silly audit   '@typescript-eslint/tsconfig-utils': [ '8.70.1' ],
13 silly audit   '@typescript-eslint/type-utils': [ '8.70.1' ],
13 silly audit   '@typescript-eslint/types': [ '8.70.1' ],
13 silly audit   '@typescript-eslint/typescript-estree': [ '8.70.1' ],
13 silly audit   'balanced-match': [ '4.0.4', '1.0.2' ],
13 silly audit   'brace-expansion': [ '5.0.12', '1.1.21' ],
13 silly audit   minimatch: [ '10.2.6', '3.1.5' ],
13 silly audit   semver: [ '7.8.5', '6.3.1' ],
13 silly audit   '@typescript-eslint/utils': [ '8.70.1' ],
13 silly audit   '@typescript-eslint/visitor-keys': [ '8.70.1' ],
13 silly audit   '@unrs/resolver-binding-android-arm-eabi': [ '1.12.2' ],
13 silly audit   '@unrs/resolver-binding-android-arm64': [ '1.12.2' ],
13 silly audit   '@unrs/resolver-binding-darwin-arm64': [ '1.12.2' ],
13 silly audit   '@unrs/resolver-binding-darwin-x64': [ '1.12.2' ],
13 silly audit   '@unrs/resolver-binding-freebsd-x64': [ '1.12.2' ],
13 silly audit   '@unrs/resolver-binding-linux-arm-gnueabihf': [ '1.12.2' ],
13 silly audit   '@unrs/resolver-binding-linux-arm-musleabihf': [ '1.12.2' ],
13 silly audit   '@unrs/resolver-binding-linux-arm64-gnu': [ '1.12.2' ],
13 silly audit   '@unrs/resolver-binding-linux-arm64-musl': [ '1.12.2' ],
13 silly audit   '@unrs/resolver-binding-linux-loong64-gnu': [ '1.12.2' ],
13 silly audit   '@unrs/resolver-binding-linux-loong64-musl': [ '1.12.2' ],
13 silly audit   '@unrs/resolver-binding-linux-ppc64-gnu': [ '1.12.2' ],
13 silly audit   '@unrs/resolver-binding-linux-riscv64-gnu': [ '1.12.2' ],
13 silly audit   '@unrs/resolver-binding-linux-riscv64-musl': [ '1.12.2' ],
13 silly audit   '@unrs/resolver-binding-linux-s390x-gnu': [ '1.12.2' ],
13 silly audit   '@unrs/resolver-binding-linux-x64-gnu': [ '1.12.2' ],
13 silly audit   '@unrs/resolver-binding-linux-x64-musl': [ '1.12.2' ],
13 silly audit   '@unrs/resolver-binding-openharmony-arm64': [ '1.12.2' ],
13 silly audit   '@unrs/resolver-binding-wasm32-wasi': [ '1.12.2' ],
13 silly audit   '@unrs/resolver-binding-win32-arm64-msvc': [ '1.12.2' ],
13 silly audit   '@unrs/resolver-binding-win32-ia32-msvc': [ '1.12.2' ],
13 silly audit   '@unrs/resolver-binding-win32-x64-msvc': [ '1.12.2' ],
13 silly audit   '@visx/curve': [ '4.0.1-alpha.0' ],
13 silly audit   '@visx/event': [ '4.0.1-alpha.0' ],
13 silly audit   '@visx/grid': [ '4.0.1-alpha.0' ],
13 silly audit   '@visx/group': [ '4.0.1-alpha.0' ],
13 silly audit   '@visx/point': [ '4.0.1-alpha.0' ],
13 silly audit   '@visx/responsive': [ '4.0.1-alpha.0' ],
13 silly audit   '@visx/scale': [ '4.0.1-alpha.0' ],
13 silly audit   '@visx/shape': [ '4.0.1-alpha.0' ],
13 silly audit   '@visx/vendor': [ '4.0.0-alpha.0' ],
13 silly audit   'd3-array': [ '3.2.1', '3.2.4' ],
13 silly audit   '@vitest/expect': [ '4.1.11' ],
13 silly audit   '@vitest/mocker': [ '4.1.11' ],
13 silly audit   '@vitest/pretty-format': [ '4.1.11' ],
13 silly audit   '@vitest/runner': [ '4.1.11' ],
13 silly audit   '@vitest/snapshot': [ '4.1.11' ],
13 silly audit   '@vitest/spy': [ '4.1.11' ],
13 silly audit   '@vitest/utils': [ '4.1.11' ],
13 silly audit   acorn: [ '8.18.0' ],
13 silly audit   'acorn-jsx': [ '5.3.2' ],
13 silly audit   'ansi-styles': [ '4.3.0' ],
13 silly audit   argparse: [ '2.0.1' ],
13 silly audit   'aria-query': [ '5.3.2' ],
13 silly audit   'array-buffer-byte-length': [ '1.0.2' ],
13 silly audit   'array-includes': [ '3.2.0' ],
13 silly audit   'array.prototype.findlast': [ '1.2.5' ],
13 silly audit   'array.prototype.findlastindex': [ '1.2.6' ],
13 silly audit   'array.prototype.flat': [ '1.3.3' ],
13 silly audit   'array.prototype.flatmap': [ '1.3.3' ],
13 silly audit   'array.prototype.tosorted': [ '1.1.4' ],
13 silly audit   'arraybuffer.prototype.slice': [ '1.0.4' ],
13 silly audit   'assertion-error': [ '2.0.1' ],
13 silly audit   'ast-types-flow': [ '0.0.8' ],
13 silly audit   'async-function': [ '1.0.0' ],
13 silly audit   'available-typed-arrays': [ '1.0.7' ],
13 silly audit   'aws-ssl-profiles': [ '1.1.2' ],
13 silly audit   'axe-core': [ '4.13.0' ],
13 silly audit   'axobject-query': [ '4.1.0' ],
13 silly audit   'baseline-browser-mapping': [ '2.11.25' ],
13 silly audit   bcryptjs: [ '3.0.3' ],
13 silly audit   'better-result': [ '2.10.0' ],
13 silly audit   braces: [ '3.0.3' ],
13 silly audit   browserslist: [ '4.29.0' ],
13 silly audit   c12: [ '3.3.4' ],
13 silly audit   dotenv: [ '17.4.2', '18.0.3' ],
13 silly audit   'call-bind': [ '1.0.9' ],
13 silly audit   'call-bind-apply-helpers': [ '1.0.2' ],
13 silly audit   'call-bound': [ '1.0.4' ],
13 silly audit   callsites: [ '3.1.0' ],
13 silly audit   'caniuse-lite': [ '1.0.30001810' ],
13 silly audit   chai: [ '6.2.2' ],
13 silly audit   chalk: [ '4.1.2' ],
13 silly audit   chokidar: [ '5.0.0' ],
13 silly audit   classnames: [ '2.5.1' ],
13 silly audit   'client-only': [ '0.0.1' ],
13 silly audit   'color-convert': [ '2.0.1' ],
13 silly audit   'color-name': [ '1.1.4' ],
13 silly audit   'concat-map': [ '0.0.1' ],
13 silly audit   confbox: [ '0.2.4', '0.3.1' ],
13 silly audit   'convert-source-map': [ '2.0.0' ],
13 silly audit   cookie: [ '0.7.2' ],
13 silly audit   'cross-spawn': [ '7.0.6' ],
13 silly audit   csstype: [ '3.2.3' ],
13 silly audit   'd3-color': [ '3.1.0' ],
13 silly audit   'd3-delaunay': [ '6.0.2' ],
13 silly audit   'd3-format': [ '3.1.0' ],
13 silly audit   'd3-geo': [ '3.1.0' ],
13 silly audit   'd3-interpolate': [ '3.0.1' ],
13 silly audit   'd3-path': [ '3.1.0' ],
13 silly audit   'd3-scale': [ '4.0.2' ],
13 silly audit   'd3-shape': [ '3.2.0' ],
13 silly audit   'd3-time': [ '3.1.0' ],
13 silly audit   'd3-time-format': [ '4.1.0' ],
13 silly audit   'damerau-levenshtein': [ '1.0.8' ],
13 silly audit   'data-view-buffer': [ '1.0.2' ],
13 silly audit   'data-view-byte-length': [ '1.0.2' ],
13 silly audit   'data-view-byte-offset': [ '1.0.1' ],
13 silly audit   debug: [ '4.4.3', '3.2.7' ],
13 silly audit   'deep-is': [ '0.1.4' ],
13 silly audit   'deepmerge-ts': [ '7.1.5' ],
13 silly audit   'define-data-property': [ '1.1.4' ],
13 silly audit   'define-properties': [ '1.2.1' ],
13 silly audit   defu: [ '6.1.7' ],
13 silly audit   delaunator: [ '5.1.0' ],
13 silly audit   denque: [ '2.1.0' ],
13 silly audit   destr: [ '2.0.5' ],
13 silly audit   'detect-libc': [ '2.1.2' ],
13 silly audit   doctrine: [ '2.1.0' ],
13 silly audit   'dunder-proto': [ '1.0.1' ],
13 silly audit   effect: [ '3.20.0' ],
13 silly audit   'electron-to-chromium': [ '1.5.434' ],
13 silly audit   elkjs: [ '0.11.1' ],
13 silly audit   'emoji-regex': [ '9.2.2' ],
13 silly audit   empathic: [ '2.0.0' ],
13 silly audit   'enhanced-resolve': [ '5.25.1' ],
13 silly audit   'env-paths': [ '3.0.0' ],
13 silly audit   'es-abstract': [ '1.24.2' ],
13 silly audit   'es-abstract-get': [ '1.0.0' ],
13 silly audit   'es-define-property': [ '1.0.1' ],
13 silly audit   'es-errors': [ '1.3.0' ],
13 silly audit   'es-iterator-helpers': [ '1.4.0' ],
13 silly audit   'es-module-lexer': [ '2.3.2' ],
13 silly audit   'es-object-atoms': [ '1.1.2' ],
13 silly audit   'es-set-tostringtag': [ '2.1.0' ],
13 silly audit   'es-shim-unscopables': [ '1.1.0' ],
13 silly audit   'es-to-primitive': [ '1.3.4' ],
13 silly audit   esbuild: [ '0.28.2' ],
13 silly audit   escalade: [ '3.2.0' ],
13 silly audit   'escape-string-regexp': [ '4.0.0' ],
13 silly audit   eslint: [ '9.39.5' ],
13 silly audit   'eslint-config-next': [ '16.3.6' ],
13 silly audit   globals: [ '16.4.0', '14.0.0' ],
13 silly audit   'eslint-import-resolver-node': [ '0.3.10' ],
13 silly audit   'eslint-import-resolver-typescript': [ '3.10.1' ],
13 silly audit   'eslint-module-utils': [ '2.14.0' ],
13 silly audit   'eslint-plugin-import': [ '2.32.0' ],
13 silly audit   'eslint-plugin-jsx-a11y': [ '6.10.2' ],
13 silly audit   'eslint-plugin-react': [ '7.37.5' ],
13 silly audit   'eslint-plugin-react-hooks': [ '7.1.1' ],
13 silly audit   'eslint-scope': [ '8.4.0' ],
13 silly audit   espree: [ '10.4.0' ],
13 silly audit   esquery: [ '1.7.0' ],
13 silly audit   esrecurse: [ '4.3.0' ],
13 silly audit   estraverse: [ '5.3.0' ],
13 silly audit   'estree-walker': [ '3.0.3' ],
13 silly audit   esutils: [ '2.0.3' ],
13 silly audit   'expect-type': [ '1.4.0' ],
13 silly audit   exsolve: [ '1.1.1' ],
13 silly audit   'fast-check': [ '3.23.2' ],
13 silly audit   'fast-decode-uri-component': [ '1.0.1' ],
13 silly audit   'fast-deep-equal': [ '3.1.3' ],
13 silly audit   'fast-glob': [ '3.3.1' ],
13 silly audit   'glob-parent': [ '5.1.2', '6.0.2' ],
13 silly audit   'fast-json-stable-stringify': [ '2.1.0' ],
13 silly audit   'fast-levenshtein': [ '2.0.6' ],
13 silly audit   'fast-querystring': [ '1.1.2' ],
13 silly audit   'fast-uri': [ '3.1.8' ],
13 silly audit   fastq: [ '1.20.3' ],
13 silly audit   'file-entry-cache': [ '8.0.0' ],
13 silly audit   'fill-range': [ '7.1.1' ],
13 silly audit   'find-my-way': [ '9.7.0' ],
13 silly audit   'find-up': [ '5.0.0' ],
13 silly audit   'flat-cache': [ '4.0.1' ],
13 silly audit   flatted: [ '3.4.4' ],
13 silly audit   'for-each': [ '0.3.5' ],
13 silly audit   'foreground-child': [ '3.3.1' ],
13 silly audit   fsevents: [ '2.3.3' ],
13 silly audit   'function-bind': [ '1.1.2' ],
13 silly audit   'function.prototype.name': [ '1.2.0' ],
13 silly audit   'functions-have-names': [ '1.2.3' ],
13 silly audit   'generate-function': [ '2.3.1' ],
13 silly audit   'generator-function': [ '2.0.1' ],
13 silly audit   gensync: [ '1.0.0-beta.2' ],
13 silly audit   'get-intrinsic': [ '1.3.0' ],
13 silly audit   'get-port-please': [ '3.2.0' ],
13 silly audit   'get-proto': [ '1.0.1' ],
13 silly audit   'get-symbol-description': [ '1.1.0' ],
13 silly audit   'get-tsconfig': [ '4.14.3' ],
13 silly audit   giget: [ '3.3.1' ],
13 silly audit   globalthis: [ '1.0.4' ],
13 silly audit   gopd: [ '1.2.0' ],
13 silly audit   'graceful-fs': [ '4.2.11' ],
13 silly audit   grammex: [ '3.1.13' ],
13 silly audit   graphmatch: [ '1.1.1' ],
13 silly audit   'has-bigints': [ '1.1.0' ],
13 silly audit   'has-flag': [ '4.0.0' ],
13 silly audit   'has-property-descriptors': [ '1.0.2' ],
13 silly audit   'has-proto': [ '1.2.0' ],
13 silly audit   'has-symbols': [ '1.1.0' ],
13 silly audit   'has-tostringtag': [ '1.0.2' ],
13 silly audit   hasown: [ '2.0.4' ],
13 silly audit   'hermes-estree': [ '0.25.1' ],
13 silly audit   'hermes-parser': [ '0.25.1' ],
13 silly audit   'iconv-lite': [ '0.7.3' ],
13 silly audit   'import-fresh': [ '3.3.1' ],
13 silly audit   imurmurhash: [ '0.1.4' ],
13 silly audit   'internal-slot': [ '1.1.0' ],
13 silly audit   internmap: [ '2.0.3' ],
13 silly audit   'is-array-buffer': [ '3.0.5' ],
13 silly audit   'is-async-function': [ '2.1.1' ],
13 silly audit   'is-bigint': [ '1.1.0' ],
13 silly audit   'is-boolean-object': [ '1.2.2' ],
13 silly audit   'is-bun-module': [ '2.0.0' ],
13 silly audit   'is-callable': [ '1.2.7' ],
13 silly audit   'is-core-module': [ '2.17.0' ],
13 silly audit   'is-data-view': [ '1.0.2' ],
13 silly audit   'is-date-object': [ '1.1.0' ],
13 silly audit   'is-document.all': [ '1.0.0' ],
13 silly audit   'is-extglob': [ '2.1.1' ],
13 silly audit   'is-finalizationregistry': [ '1.1.1' ],
13 silly audit   'is-generator-function': [ '1.1.2' ],
13 silly audit   'is-glob': [ '4.0.3' ],
13 silly audit   'is-map': [ '2.0.3' ],
13 silly audit   'is-negative-zero': [ '2.0.3' ],
13 silly audit   'is-number': [ '7.0.0' ],
13 silly audit   'is-number-object': [ '1.1.1' ],
13 silly audit   'is-property': [ '1.0.2' ],
13 silly audit   'is-regex': [ '1.2.1' ],
13 silly audit   'is-set': [ '2.0.3' ],
13 silly audit   'is-shared-array-buffer': [ '1.0.4' ],
13 silly audit   'is-string': [ '1.1.1' ],
13 silly audit   'is-symbol': [ '1.1.1' ],
13 silly audit   'is-typed-array': [ '1.1.15' ],
13 silly audit   'is-weakmap': [ '2.0.2' ],
13 silly audit   'is-weakref': [ '1.1.1' ],
13 silly audit   'is-weakset': [ '2.0.4' ],
13 silly audit   isarray: [ '2.0.5' ],
13 silly audit   isexe: [ '2.0.0' ],
13 silly audit   'iterator.prototype': [ '1.1.5' ],
13 silly audit   jiti: [ '2.7.0' ],
13 silly audit   jose: [ '4.15.9' ],
13 silly audit   'js-tokens': [ '4.0.0' ],
13 silly audit   'js-yaml': [ '4.3.2' ],
13 silly audit   jsesc: [ '3.1.0' ],
13 silly audit   'json-buffer': [ '3.0.1' ],
13 silly audit   'json-stable-stringify-without-jsonify': [ '1.0.1' ],
13 silly audit   json5: [ '2.2.3', '1.0.2' ],
13 silly audit   'jsx-ast-utils': [ '3.3.5' ],
13 silly audit   keyv: [ '4.5.4' ],
13 silly audit   'language-subtag-registry': [ '0.3.23' ],
13 silly audit   'language-tags': [ '1.0.9' ],
13 silly audit   levn: [ '0.4.1' ],
13 silly audit   lightningcss: [ '1.32.0', '1.33.0' ],
13 silly audit   'lightningcss-android-arm64': [ '1.32.0', '1.33.0' ],
13 silly audit   'lightningcss-darwin-arm64': [ '1.32.0', '1.33.0' ],
13 silly audit   'lightningcss-darwin-x64': [ '1.32.0', '1.33.0' ],
13 silly audit   'lightningcss-freebsd-x64': [ '1.32.0', '1.33.0' ],
13 silly audit   'lightningcss-linux-arm-gnueabihf': [ '1.32.0', '1.33.0' ],
13 silly audit   'lightningcss-linux-arm64-gnu': [ '1.32.0', '1.33.0' ],
13 silly audit   'lightningcss-linux-arm64-musl': [ '1.32.0', '1.33.0' ],
13 silly audit   'lightningcss-linux-x64-gnu': [ '1.32.0', '1.33.0' ],
13 silly audit   'lightningcss-linux-x64-musl': [ '1.32.0', '1.33.0' ],
13 silly audit   'lightningcss-win32-arm64-msvc': [ '1.32.0', '1.33.0' ],
13 silly audit   'lightningcss-win32-x64-msvc': [ '1.32.0', '1.33.0' ],
13 silly audit   'locate-path': [ '6.0.0' ],
13 silly audit   lodash: [ '4.18.1' ],
13 silly audit   'lodash.merge': [ '4.6.2' ],
13 silly audit   long: [ '5.3.2' ],
13 silly audit   'loose-envify': [ '1.4.0' ],
13 silly audit   'lru-cache': [ '5.1.1', '6.0.0' ],
13 silly audit   'lru.min': [ '1.1.5' ],
13 silly audit   'magic-string': [ '0.30.21' ],
13 silly audit   'math-intrinsics': [ '1.1.0' ],
13 silly audit   merge2: [ '1.4.1' ],
13 silly audit   micromatch: [ '4.0.8' ],
13 silly audit   minimist: [ '1.2.8' ],
13 silly audit   ms: [ '2.1.3' ],
13 silly audit   mysql2: [ '3.15.3' ],
13 silly audit   'named-placeholders': [ '1.1.6' ],
13 silly audit   nanoid: [ '3.3.19' ],
13 silly audit   'napi-postinstall': [ '0.3.4' ],
13 silly audit   'natural-compare': [ '1.4.0' ],
13 silly audit   next: [ '16.3.6' ],
13 silly audit   'next-auth': [ '4.24.15' ],
13 silly audit   postcss: [ '8.5.23', '8.5.28' ],
13 silly audit   'node-exports-info': [ '1.6.2' ],
13 silly audit   'node-releases': [ '2.0.56' ],
13 silly audit   oauth: [ '0.9.15' ],
13 silly audit   'object-assign': [ '4.1.1' ],
13 silly audit   'object-hash': [ '2.2.0' ],
13 silly audit   'object-inspect': [ '1.13.4' ],
13 silly audit   'object-keys': [ '1.1.1' ],
13 silly audit   'object.assign': [ '4.1.7' ],
13 silly audit   'object.entries': [ '1.1.9' ],
13 silly audit   'object.fromentries': [ '2.0.8' ],
13 silly audit   'object.groupby': [ '1.0.3' ],
13 silly audit   'object.values': [ '1.2.1' ],
13 silly audit   obug: [ '2.2.1' ],
13 silly audit   ohash: [ '2.0.12' ],
13 silly audit   'oidc-token-hash': [ '5.2.0' ],
13 silly audit   'openid-client': [ '5.7.1' ],
13 silly audit   yallist: [ '4.0.0', '3.1.1' ],
13 silly audit   optionator: [ '0.9.4' ],
13 silly audit   'own-keys': [ '1.0.2' ],
13 silly audit   'p-limit': [ '3.1.0' ],
13 silly audit   'p-locate': [ '5.0.0' ],
13 silly audit   'parent-module': [ '1.0.1' ],
13 silly audit   'path-exists': [ '4.0.0' ],
13 silly audit   'path-key': [ '3.1.1' ],
13 silly audit   'path-parse': [ '1.0.7' ],
13 silly audit   pathe: [ '2.0.3' ],
13 silly audit   'perfect-debounce': [ '2.1.0' ],
13 silly audit   pg: [ '8.23.0' ],
13 silly audit   'pg-cloudflare': [ '1.4.0' ],
13 silly audit   'pg-connection-string': [ '2.14.0' ],
13 silly audit   'pg-int8': [ '1.0.1' ],
13 silly audit   'pg-pool': [ '3.14.0' ],
13 silly audit   'pg-protocol': [ '1.16.0' ],
13 silly audit   'pg-types': [ '2.2.0' ],
13 silly audit   'postgres-array': [ '2.0.0', '3.0.4' ],
13 silly audit   pgpass: [ '1.0.5' ],
13 silly audit   picocolors: [ '1.1.1' ],
13 silly audit   picomatch: [ '2.3.2', '4.0.7' ],
13 silly audit   'pkg-types': [ '2.3.3' ],
13 silly audit   'possible-typed-array-names': [ '1.1.0' ],
13 silly audit   postgres: [ '3.4.7' ],
13 silly audit   'postgres-bytea': [ '1.0.1' ],
13 silly audit   'postgres-date': [ '1.0.7' ],
13 silly audit   'postgres-interval': [ '1.2.0' ],
13 silly audit   preact: [ '10.29.8' ],
13 silly audit   'preact-render-to-string': [ '5.2.6' ],
13 silly audit   'prelude-ls': [ '1.2.1' ],
13 silly audit   'pretty-format': [ '3.8.0' ],
13 silly audit   prisma: [ '7.10.0' ],
13 silly audit   'prop-types': [ '15.8.1' ],
13 silly audit   'proper-lockfile': [ '4.1.2' ],
13 silly audit   'signal-exit': [ '3.0.7', '4.1.0' ],
13 silly audit   punycode: [ '2.3.1' ],
13 silly audit   'pure-rand': [ '6.1.0' ],
13 silly audit   'queue-microtask': [ '1.2.3' ],
13 silly audit   rc9: [ '3.1.0' ],
13 silly audit   react: [ '19.2.8' ],
13 silly audit   'react-dom': [ '19.2.8' ],
13 silly audit   'react-is': [ '16.13.1' ],
13 silly audit   readdirp: [ '5.1.1' ],
13 silly audit   'reflect.getprototypeof': [ '1.0.10' ],
13 silly audit   'regexp.prototype.flags': [ '1.5.4' ],
13 silly audit   remeda: [ '2.33.4' ],
13 silly audit   'require-from-string': [ '2.0.2' ],
13 silly audit   resolve: [ '2.0.0-next.7' ],
13 silly audit   'resolve-from': [ '4.0.0' ],
13 silly audit   'resolve-pkg-maps': [ '1.0.0' ],
13 silly audit   ret: [ '0.5.0' ],
13 silly audit   retry: [ '0.12.0' ],
13 silly audit   reusify: [ '1.1.0' ],
13 silly audit   'robust-predicates': [ '3.0.3' ],
13 silly audit   rolldown: [ '1.2.9' ],
13 silly audit   'run-parallel': [ '1.2.0' ],
13 silly audit   'safe-array-concat': [ '1.1.4' ],
13 silly audit   'safe-push-apply': [ '1.0.0' ],
13 silly audit   'safe-regex-test': [ '1.1.0' ],
13 silly audit   'safe-regex2': [ '5.1.1' ],
13 silly audit   'safer-buffer': [ '2.1.2' ],
13 silly audit   scheduler: [ '0.27.0' ],
13 silly audit   'seq-queue': [ '0.0.5' ],
13 silly audit   'set-function-length': [ '1.2.2' ],
13 silly audit   'set-function-name': [ '2.0.2' ],
13 silly audit   'set-proto': [ '1.0.0' ],
13 silly audit   sharp: [ '0.35.4' ],
13 silly audit   'shebang-command': [ '2.0.0' ],
13 silly audit   'shebang-regex': [ '3.0.0' ],
13 silly audit   'side-channel': [ '1.1.1' ],
13 silly audit   'side-channel-list': [ '1.0.1' ],
13 silly audit   'side-channel-map': [ '1.0.1' ],
13 silly audit   'side-channel-weakmap': [ '1.0.2' ],
13 silly audit   siginfo: [ '2.0.0' ],
13 silly audit   'source-map-js': [ '1.2.1' ],
13 silly audit   split2: [ '4.2.0' ],
13 silly audit   sqlstring: [ '2.3.3' ],
13 silly audit   'stable-hash': [ '0.0.5' ],
13 silly audit   stackback: [ '0.0.2' ],
13 silly audit   'std-env': [ '3.10.0', '4.2.0' ],
13 silly audit   'stop-iteration-iterator': [ '1.1.0' ],
13 silly audit   'string.prototype.includes': [ '2.0.1' ],
13 silly audit   'string.prototype.matchall': [ '4.1.0' ],
13 silly audit   'string.prototype.repeat': [ '1.0.0' ],
13 silly audit   'string.prototype.trim': [ '1.2.11' ],
13 silly audit   'string.prototype.trimend': [ '1.0.10' ],
13 silly audit   'string.prototype.trimstart': [ '1.0.8' ],
13 silly audit   'strip-bom': [ '3.0.0' ],
13 silly audit   'strip-json-comments': [ '3.1.1' ],
13 silly audit   'styled-jsx': [ '5.1.6' ],
13 silly audit   'supports-color': [ '7.2.0' ],
13 silly audit   'supports-preserve-symlinks-flag': [ '1.0.0' ],
13 silly audit   tailwindcss: [ '4.3.3' ],
13 silly audit   tapable: [ '2.3.3' ],
13 silly audit   tinybench: [ '2.9.0' ],
13 silly audit   tinyexec: [ '1.3.1' ],
13 silly audit   tinyglobby: [ '0.2.17' ],
13 silly audit   fdir: [ '6.5.0' ],
13 silly audit   tinyrainbow: [ '3.1.1' ],
13 silly audit   'to-regex-range': [ '5.0.1' ],
13 silly audit   'ts-api-utils': [ '2.5.0' ],
13 silly audit   'tsconfig-paths': [ '3.15.0' ],
13 silly audit   tslib: [ '2.8.1' ],
13 silly audit   tsx: [ '4.23.15' ],
13 silly audit   'type-check': [ '0.4.0' ],
13 silly audit   'typed-array-buffer': [ '1.0.3' ],
13 silly audit   'typed-array-byte-length': [ '1.0.3' ],
13 silly audit   'typed-array-byte-offset': [ '1.0.5' ],
13 silly audit   'typed-array-length': [ '1.0.8' ],
13 silly audit   typescript: [ '5.9.3' ],
13 silly audit   'typescript-eslint': [ '8.70.1' ],
13 silly audit   'unbox-primitive': [ '1.1.0' ],
13 silly audit   'undici-types': [ '6.21.0' ],
13 silly audit   'unrs-resolver': [ '1.12.2' ],
13 silly audit   'update-browserslist-db': [ '1.3.3' ],
13 silly audit   'uri-js': [ '4.4.1' ],
13 silly audit   uuid: [ '11.1.1' ],
13 silly audit   valibot: [ '1.4.2' ],
13 silly audit   vite: [ '8.3.0' ],
13 silly audit   vitest: [ '4.1.11' ],
13 silly audit   which: [ '2.0.2' ],
13 silly audit   'which-boxed-primitive': [ '1.1.1' ],
13 silly audit   'which-builtin-type': [ '1.2.1' ],
13 silly audit   'which-collection': [ '1.0.2' ],
13 silly audit   'which-typed-array': [ '1.1.24' ],
13 silly audit   'why-is-node-running': [ '2.3.0' ],
13 silly audit   'word-wrap': [ '1.2.5' ],
13 silly audit   xtend: [ '4.0.2' ],
13 silly audit   'yocto-queue': [ '0.1.0' ],
13 silly audit   zeptomatch: [ '2.1.0' ],
13 silly audit   zod: [ '4.6.5' ],
13 silly audit   'zod-validation-error': [ '4.0.2' ]
13 silly audit }
14 http fetch POST 200 https://registry.npmjs.org/-/npm/v1/security/advisories/bulk 1224ms
15 silly audit report {
15 silly audit report   'deepmerge-ts': [
15 silly audit report     {
15 silly audit report       id: 1145093,
15 silly audit report       url: 'https://github.com/advisories/GHSA-ggr8-5vv4-36mx',
15 silly audit report       title: 'DeepmergeTS has stack exhaustion when merging recursive object graphs',
15 silly audit report       severity: 'high',
15 silly audit report       vulnerable_versions: '<8.0.0',
15 silly audit report       cwe: [Array],
15 silly audit report       cvss: [Object]
15 silly audit report     }
15 silly audit report   ],
15 silly audit report   mysql2: [
15 silly audit report     {
15 silly audit report       id: 1158532,
15 silly audit report       url: 'https://github.com/advisories/GHSA-rgwj-5xj2-c3m3',
15 silly audit report       title: 'MySQL2: Unbounded zlib inflate in compressed MySQL protocol handler allows decompression-bomb DoS',
15 silly audit report       severity: 'moderate',
15 silly audit report       vulnerable_versions: '<=3.23.0',
15 silly audit report       cwe: [Array],
15 silly audit report       cvss: [Object]
15 silly audit report     },
15 silly audit report     {
15 silly audit report       id: 1153173,
15 silly audit report       url: 'https://github.com/advisories/GHSA-3f6p-5ww8-9rcr',
15 silly audit report       title: 'MySQL2: Auth Plugin Downgrade to mysql_clear_password Leaks Plaintext Credentials',
15 silly audit report       severity: 'high',
15 silly audit report       vulnerable_versions: '<3.22.0',
15 silly audit report       cwe: [Array],
15 silly audit report       cvss: [Object]
15 silly audit report     }
15 silly audit report   ]
15 silly audit report }
16 silly packumentCache corgi:https://registry.npmjs.org/deepmerge-ts cache-miss
17 silly packumentCache corgi:https://registry.npmjs.org/mysql2 cache-miss
18 http fetch GET 200 https://registry.npmjs.org/deepmerge-ts 361ms (cache revalidated)
19 silly packumentCache corgi:https://registry.npmjs.org/deepmerge-ts set size:183304 disposed:false
20 http fetch GET 200 https://registry.npmjs.org/mysql2 949ms (cache revalidated)
21 silly packumentCache corgi:https://registry.npmjs.org/mysql2 set size:428140 disposed:false
22 silly packumentCache corgi:https://registry.npmjs.org/@prisma%2fconfig cache-miss
23 http fetch GET 200 https://registry.npmjs.org/@prisma%2fconfig 209ms (cache revalidated)
24 silly packumentCache corgi:https://registry.npmjs.org/@prisma%2fconfig set size:1521110 disposed:false
25 silly packumentCache corgi:https://registry.npmjs.org/prisma cache-miss
26 http fetch GET 200 https://registry.npmjs.org/prisma 317ms (cache revalidated)
27 silly packumentCache corgi:https://registry.npmjs.org/prisma set size:23161098 disposed:false
28 silly packumentCache corgi:https://registry.npmjs.org/@prisma%2fclient cache-miss
29 http fetch GET 200 https://registry.npmjs.org/@prisma%2fclient 503ms (cache revalidated)
30 silly packumentCache corgi:https://registry.npmjs.org/@prisma%2fclient set size:38170473 disposed:false
31 verbose cwd C:\Users\Admin\Desktop\nexaservice
32 verbose os Windows_NT 10.0.26200
33 verbose node v25.9.0
34 verbose npm  v11.12.1
35 verbose exit 1
36 verbose code 1
